Archive member included to satisfy reference by file (symbol)

e:/workspace/svn/env/tools/gnu_gcc/arm_gcc/mingw/bin/../lib/gcc/arm-none-eabi/5.4.1/armv7e-m/fpu\libgcc.a(_arm_addsubdf3.o)
                              build\kernel\components\libc\compilers\minilibc\math.o (__aeabi_dsub)
e:/workspace/svn/env/tools/gnu_gcc/arm_gcc/mingw/bin/../lib/gcc/arm-none-eabi/5.4.1/armv7e-m/fpu\libgcc.a(_arm_muldivdf3.o)
                              build\kernel\components\libc\compilers\minilibc\math.o (__aeabi_dmul)
e:/workspace/svn/env/tools/gnu_gcc/arm_gcc/mingw/bin/../lib/gcc/arm-none-eabi/5.4.1/armv7e-m/fpu\libgcc.a(_arm_fixdfsi.o)
                              build\kernel\components\libc\compilers\minilibc\math.o (__aeabi_d2iz)
e:/workspace/svn/env/tools/gnu_gcc/arm_gcc/mingw/bin/../lib/gcc/arm-none-eabi/5.4.1/armv7e-m/fpu\libgcc.a(_aeabi_uldivmod.o)
                              build\Libraries\STM32F4xx_HAL_Driver\Src\stm32f4xx_hal_rcc.o (__aeabi_uldivmod)
e:/workspace/svn/env/tools/gnu_gcc/arm_gcc/mingw/bin/../lib/gcc/arm-none-eabi/5.4.1/armv7e-m/fpu\libgcc.a(_udivmoddi4.o)
                              e:/workspace/svn/env/tools/gnu_gcc/arm_gcc/mingw/bin/../lib/gcc/arm-none-eabi/5.4.1/armv7e-m/fpu\libgcc.a(_aeabi_uldivmod.o) (__udivmoddi4)
e:/workspace/svn/env/tools/gnu_gcc/arm_gcc/mingw/bin/../lib/gcc/arm-none-eabi/5.4.1/armv7e-m/fpu\libgcc.a(_dvmd_tls.o)
                              e:/workspace/svn/env/tools/gnu_gcc/arm_gcc/mingw/bin/../lib/gcc/arm-none-eabi/5.4.1/armv7e-m/fpu\libgcc.a(_aeabi_uldivmod.o) (__aeabi_ldiv0)
e:/workspace/svn/env/tools/gnu_gcc/arm_gcc/mingw/bin/../lib/gcc/arm-none-eabi/5.4.1/../../../../arm-none-eabi/lib/armv7e-m/fpu\libc.a(lib_a-exit.o)
                              e:/workspace/svn/env/tools/gnu_gcc/arm_gcc/mingw/bin/../lib/gcc/arm-none-eabi/5.4.1/../../../../arm-none-eabi/lib/armv7e-m/fpu/crt0.o (exit)
e:/workspace/svn/env/tools/gnu_gcc/arm_gcc/mingw/bin/../lib/gcc/arm-none-eabi/5.4.1/../../../../arm-none-eabi/lib/armv7e-m/fpu\libc.a(lib_a-impure.o)
                              e:/workspace/svn/env/tools/gnu_gcc/arm_gcc/mingw/bin/../lib/gcc/arm-none-eabi/5.4.1/../../../../arm-none-eabi/lib/armv7e-m/fpu\libc.a(lib_a-exit.o) (_global_impure_ptr)
e:/workspace/svn/env/tools/gnu_gcc/arm_gcc/mingw/bin/../lib/gcc/arm-none-eabi/5.4.1/../../../../arm-none-eabi/lib/armv7e-m/fpu\libc.a(lib_a-init.o)
                              e:/workspace/svn/env/tools/gnu_gcc/arm_gcc/mingw/bin/../lib/gcc/arm-none-eabi/5.4.1/../../../../arm-none-eabi/lib/armv7e-m/fpu/crt0.o (__libc_init_array)
e:/workspace/svn/env/tools/gnu_gcc/arm_gcc/mingw/bin/../lib/gcc/arm-none-eabi/5.4.1/../../../../arm-none-eabi/lib/armv7e-m/fpu\libc.a(lib_a-__call_atexit.o)
                              e:/workspace/svn/env/tools/gnu_gcc/arm_gcc/mingw/bin/../lib/gcc/arm-none-eabi/5.4.1/../../../../arm-none-eabi/lib/armv7e-m/fpu\libc.a(lib_a-exit.o) (__call_exitprocs)
e:/workspace/svn/env/tools/gnu_gcc/arm_gcc/mingw/bin/../lib/gcc/arm-none-eabi/5.4.1/../../../../arm-none-eabi/lib/armv7e-m/fpu\libc.a(lib_a-atexit.o)
                              e:/workspace/svn/env/tools/gnu_gcc/arm_gcc/mingw/bin/../lib/gcc/arm-none-eabi/5.4.1/../../../../arm-none-eabi/lib/armv7e-m/fpu\libc.a(lib_a-__call_atexit.o) (atexit)
e:/workspace/svn/env/tools/gnu_gcc/arm_gcc/mingw/bin/../lib/gcc/arm-none-eabi/5.4.1/../../../../arm-none-eabi/lib/armv7e-m/fpu\libc.a(lib_a-fini.o)
                              e:/workspace/svn/env/tools/gnu_gcc/arm_gcc/mingw/bin/../lib/gcc/arm-none-eabi/5.4.1/../../../../arm-none-eabi/lib/armv7e-m/fpu\libc.a(lib_a-__call_atexit.o) (__libc_fini_array)
e:/workspace/svn/env/tools/gnu_gcc/arm_gcc/mingw/bin/../lib/gcc/arm-none-eabi/5.4.1/../../../../arm-none-eabi/lib/armv7e-m/fpu\libc.a(lib_a-__atexit.o)
                              e:/workspace/svn/env/tools/gnu_gcc/arm_gcc/mingw/bin/../lib/gcc/arm-none-eabi/5.4.1/../../../../arm-none-eabi/lib/armv7e-m/fpu\libc.a(lib_a-atexit.o) (__register_exitproc)

Allocating common symbols
Common symbol       size              file

rt_interrupt_to_thread
                    0x4               build\kernel\libcpu\arm\cortex-m4\cpuport.o
rt_interrupt_from_thread
                    0x4               build\kernel\libcpu\arm\cortex-m4\cpuport.o
shell               0x4               build\kernel\components\finsh\shell.o
rt_thread_switch_interrupt_flag
                    0x4               build\kernel\libcpu\arm\cortex-m4\cpuport.o
uwTick              0x4               build\Libraries\STM32F4xx_HAL_Driver\Src\stm32f4xx_hal.o
pFlash              0x20              build\Libraries\STM32F4xx_HAL_Driver\Src\stm32f4xx_hal_flash.o
rt_thread_priority_table
                    0x100             build\kernel\src\scheduler.o
rt_object_put_hook  0x4               build\kernel\src\object.o
rt_current_priority
                    0x1               build\kernel\src\scheduler.o
rt_assert_hook      0x4               build\kernel\src\kservice.o
rt_interrupt_nest   0x1               build\kernel\src\irq.o
[...]
Memory Configuration

Name             Origin             Length             Attributes
CODE             0x08000000         0x00100000         xr
DATA             0x20000000         0x00020000         rw
*default*        0x00000000         0xffffffff

Linker script and memory map

LOAD e:/workspace/svn/env/tools/gnu_gcc/arm_gcc/mingw/bin/../lib/gcc/arm-none-eabi/5.4.1/armv7e-m/fpu/crti.o
LOAD e:/workspace/svn/env/tools/gnu_gcc/arm_gcc/mingw/bin/../lib/gcc/arm-none-eabi/5.4.1/armv7e-m/fpu/crtbegin.o
LOAD e:/workspace/svn/env/tools/gnu_gcc/arm_gcc/mingw/bin/../lib/gcc/arm-none-eabi/5.4.1/../../../../arm-none-eabi/lib/armv7e-m/fpu/crt0.o
LOAD build\applications\main.o
LOAD build\drivers\board.o
LOAD build\drivers\stm32f4xx_it.o
LOAD build\drivers\drv_gpio.o
LOAD build\drivers\drv_usart.o
LOAD build\Libraries\CMSIS\Device\ST\STM32F4xx\Source\Templates\system_stm32f4xx.o
LOAD build\Libraries\CMSIS\Device\ST\STM32F4xx\Source\Templates\gcc\gcc_startup.o
LOAD build\Libraries\CMSIS\Device\ST\STM32F4xx\Source\Templates\gcc\startup_stm32f407xx.o
LOAD build\Libraries\STM32F4xx_HAL_Driver\Src\stm32f4xx_hal.o
LOAD build\Libraries\STM32F4xx_HAL_Driver\Src\stm32f4xx_hal_adc.o
LOAD build\Libraries\STM32F4xx_HAL_Driver\Src\stm32f4xx_hal_adc_ex.o
LOAD build\Libraries\STM32F4xx_HAL_Driver\Src\stm32f4xx_hal_can.o
LOAD build\Libraries\STM32F4xx_HAL_Driver\Src\stm32f4xx_hal_cec.o
LOAD build\Libraries\STM32F4xx_HAL_Driver\Src\stm32f4xx_hal_cortex.o
LOAD build\Libraries\STM32F4xx_HAL_Driver\Src\stm32f4xx_hal_crc.o
LOAD build\Libraries\STM32F4xx_HAL_Driver\Src\stm32f4xx_hal_cryp.o
LOAD build\Libraries\STM32F4xx_HAL_Driver\Src\stm32f4xx_hal_cryp_ex.o
LOAD build\Libraries\STM32F4xx_HAL_Driver\Src\stm32f4xx_hal_dac.o
LOAD build\Libraries\STM32F4xx_HAL_Driver\Src\stm32f4xx_hal_dac_ex.o
LOAD build\Libraries\STM32F4xx_HAL_Driver\Src\stm32f4xx_hal_dcmi.o
LOAD build\Libraries\STM32F4xx_HAL_Driver\Src\stm32f4xx_hal_dcmi_ex.o
LOAD build\Libraries\STM32F4xx_HAL_Driver\Src\stm32f4xx_hal_dfsdm.o
LOAD build\Libraries\STM32F4xx_HAL_Driver\Src\stm32f4xx_hal_dma.o
LOAD build\Libraries\STM32F4xx_HAL_Driver\Src\stm32f4xx_hal_dma2d.o
LOAD build\Libraries\STM32F4xx_HAL_Driver\Src\stm32f4xx_hal_dma_ex.o
LOAD build\Libraries\STM32F4xx_HAL_Driver\Src\stm32f4xx_hal_dsi.o
LOAD build\Libraries\STM32F4xx_HAL_Driver\Src\stm32f4xx_hal_eth.o
LOAD build\Libraries\STM32F4xx_HAL_Driver\Src\stm32f4xx_hal_flash.o
LOAD build\Libraries\STM32F4xx_HAL_Driver\Src\stm32f4xx_hal_flash_ex.o
LOAD build\Libraries\STM32F4xx_HAL_Driver\Src\stm32f4xx_hal_flash_ramfunc.o
LOAD build\Libraries\STM32F4xx_HAL_Driver\Src\stm32f4xx_hal_fmpi2c.o
LOAD build\Libraries\STM32F4xx_HAL_Driver\Src\stm32f4xx_hal_fmpi2c_ex.o
LOAD build\Libraries\STM32F4xx_HAL_Driver\Src\stm32f4xx_hal_gpio.o
LOAD build\Libraries\STM32F4xx_HAL_Driver\Src\stm32f4xx_hal_hash.o
LOAD build\Libraries\STM32F4xx_HAL_Driver\Src\stm32f4xx_hal_hash_ex.o
LOAD build\Libraries\STM32F4xx_HAL_Driver\Src\stm32f4xx_hal_hcd.o
LOAD build\Libraries\STM32F4xx_HAL_Driver\Src\stm32f4xx_hal_i2c.o
LOAD build\Libraries\STM32F4xx_HAL_Driver\Src\stm32f4xx_hal_i2c_ex.o
LOAD build\Libraries\STM32F4xx_HAL_Driver\Src\stm32f4xx_hal_i2s.o
LOAD build\Libraries\STM32F4xx_HAL_Driver\Src\stm32f4xx_hal_i2s_ex.o
LOAD build\Libraries\STM32F4xx_HAL_Driver\Src\stm32f4xx_hal_irda.o
LOAD build\Libraries\STM32F4xx_HAL_Driver\Src\stm32f4xx_hal_iwdg.o
LOAD build\Libraries\STM32F4xx_HAL_Driver\Src\stm32f4xx_hal_lptim.o
LOAD build\Libraries\STM32F4xx_HAL_Driver\Src\stm32f4xx_hal_ltdc.o
LOAD build\Libraries\STM32F4xx_HAL_Driver\Src\stm32f4xx_hal_ltdc_ex.o
LOAD build\Libraries\STM32F4xx_HAL_Driver\Src\stm32f4xx_hal_mmc.o
LOAD build\Libraries\STM32F4xx_HAL_Driver\Src\stm32f4xx_hal_nand.o
LOAD build\Libraries\STM32F4xx_HAL_Driver\Src\stm32f4xx_hal_nor.o
LOAD build\Libraries\STM32F4xx_HAL_Driver\Src\stm32f4xx_hal_pccard.o
LOAD build\Libraries\STM32F4xx_HAL_Driver\Src\stm32f4xx_hal_pcd.o
LOAD build\Libraries\STM32F4xx_HAL_Driver\Src\stm32f4xx_hal_pcd_ex.o
LOAD build\Libraries\STM32F4xx_HAL_Driver\Src\stm32f4xx_hal_pwr.o
LOAD build\Libraries\STM32F4xx_HAL_Driver\Src\stm32f4xx_hal_pwr_ex.o
LOAD build\Libraries\STM32F4xx_HAL_Driver\Src\stm32f4xx_hal_qspi.o
LOAD build\Libraries\STM32F4xx_HAL_Driver\Src\stm32f4xx_hal_rcc.o
LOAD build\Libraries\STM32F4xx_HAL_Driver\Src\stm32f4xx_hal_rcc_ex.o
LOAD build\Libraries\STM32F4xx_HAL_Driver\Src\stm32f4xx_hal_rng.o
LOAD build\Libraries\STM32F4xx_HAL_Driver\Src\stm32f4xx_hal_rtc.o
LOAD build\Libraries\STM32F4xx_HAL_Driver\Src\stm32f4xx_hal_rtc_ex.o
LOAD build\Libraries\STM32F4xx_HAL_Driver\Src\stm32f4xx_hal_sai.o
LOAD build\Libraries\STM32F4xx_HAL_Driver\Src\stm32f4xx_hal_sai_ex.o
LOAD build\Libraries\STM32F4xx_HAL_Driver\Src\stm32f4xx_hal_sd.o
LOAD build\Libraries\STM32F4xx_HAL_Driver\Src\stm32f4xx_hal_sdram.o
LOAD build\Libraries\STM32F4xx_HAL_Driver\Src\stm32f4xx_hal_smartcard.o
LOAD build\Libraries\STM32F4xx_HAL_Driver\Src\stm32f4xx_hal_spdifrx.o
LOAD build\Libraries\STM32F4xx_HAL_Driver\Src\stm32f4xx_hal_spi.o
LOAD build\Libraries\STM32F4xx_HAL_Driver\Src\stm32f4xx_hal_sram.o
LOAD build\Libraries\STM32F4xx_HAL_Driver\Src\stm32f4xx_hal_tim.o
LOAD build\Libraries\STM32F4xx_HAL_Driver\Src\stm32f4xx_hal_tim_ex.o
LOAD build\Libraries\STM32F4xx_HAL_Driver\Src\stm32f4xx_hal_uart.o
LOAD build\Libraries\STM32F4xx_HAL_Driver\Src\stm32f4xx_hal_usart.o
LOAD build\Libraries\STM32F4xx_HAL_Driver\Src\stm32f4xx_hal_wwdg.o
LOAD build\Libraries\STM32F4xx_HAL_Driver\Src\stm32f4xx_ll_adc.o
LOAD build\Libraries\STM32F4xx_HAL_Driver\Src\stm32f4xx_ll_crc.o
LOAD build\Libraries\STM32F4xx_HAL_Driver\Src\stm32f4xx_ll_dac.o
LOAD build\Libraries\STM32F4xx_HAL_Driver\Src\stm32f4xx_ll_dma.o
LOAD build\Libraries\STM32F4xx_HAL_Driver\Src\stm32f4xx_ll_dma2d.o
LOAD build\Libraries\STM32F4xx_HAL_Driver\Src\stm32f4xx_ll_exti.o
LOAD build\Libraries\STM32F4xx_HAL_Driver\Src\stm32f4xx_ll_fmc.o
LOAD build\Libraries\STM32F4xx_HAL_Driver\Src\stm32f4xx_ll_fsmc.o
LOAD build\Libraries\STM32F4xx_HAL_Driver\Src\stm32f4xx_ll_gpio.o
LOAD build\Libraries\STM32F4xx_HAL_Driver\Src\stm32f4xx_ll_i2c.o
LOAD build\Libraries\STM32F4xx_HAL_Driver\Src\stm32f4xx_ll_lptim.o
LOAD build\Libraries\STM32F4xx_HAL_Driver\Src\stm32f4xx_ll_pwr.o
LOAD build\Libraries\STM32F4xx_HAL_Driver\Src\stm32f4xx_ll_rcc.o
LOAD build\Libraries\STM32F4xx_HAL_Driver\Src\stm32f4xx_ll_rng.o
LOAD build\Libraries\STM32F4xx_HAL_Driver\Src\stm32f4xx_ll_rtc.o
LOAD build\Libraries\STM32F4xx_HAL_Driver\Src\stm32f4xx_ll_sdmmc.o
LOAD build\Libraries\STM32F4xx_HAL_Driver\Src\stm32f4xx_ll_spi.o
LOAD build\Libraries\STM32F4xx_HAL_Driver\Src\stm32f4xx_ll_tim.o
LOAD build\Libraries\STM32F4xx_HAL_Driver\Src\stm32f4xx_ll_usart.o
LOAD build\Libraries\STM32F4xx_HAL_Driver\Src\stm32f4xx_ll_usb.o
LOAD build\Libraries\STM32F4xx_HAL_Driver\Src\stm32f4xx_ll_utils.o
LOAD build\kernel\src\clock.o
LOAD build\kernel\src\components.o
LOAD build\kernel\src\device.o
LOAD build\kernel\src\idle.o
LOAD build\kernel\src\ipc.o
LOAD build\kernel\src\irq.o
LOAD build\kernel\src\kservice.o
LOAD build\kernel\src\mem.o
LOAD build\kernel\src\memheap.o
LOAD build\kernel\src\mempool.o
LOAD build\kernel\src\object.o
LOAD build\kernel\src\scheduler.o
LOAD build\kernel\src\signal.o
LOAD build\kernel\src\thread.o
LOAD build\kernel\src\timer.o
LOAD build\kernel\libcpu\arm\cortex-m4\cpuport.o
LOAD build\kernel\libcpu\arm\cortex-m4\context_gcc.o
LOAD build\kernel\libcpu\arm\common\backtrace.o
LOAD build\kernel\libcpu\arm\common\div0.o
LOAD build\kernel\libcpu\arm\common\showmem.o
LOAD build\kernel\components\drivers\misc\pin.o
LOAD build\kernel\components\drivers\serial\serial.o
LOAD build\kernel\components\drivers\src\completion.o
LOAD build\kernel\components\drivers\src\dataqueue.o
LOAD build\kernel\components\drivers\src\pipe.o
LOAD build\kernel\components\drivers\src\ringbuffer.o
LOAD build\kernel\components\drivers\src\waitqueue.o
LOAD build\kernel\components\drivers\src\workqueue.o
LOAD build\kernel\components\finsh\shell.o
LOAD build\kernel\components\finsh\symbol.o
LOAD build\kernel\components\finsh\cmd.o
LOAD build\kernel\components\finsh\msh.o
LOAD build\kernel\components\finsh\msh_cmd.o
LOAD build\kernel\components\finsh\msh_file.o
LOAD build\kernel\components\libc\compilers\minilibc\ctype.o
LOAD build\kernel\components\libc\compilers\minilibc\math.o
LOAD build\kernel\components\libc\compilers\minilibc\qsort.o
LOAD build\kernel\components\libc\compilers\minilibc\rand.o
LOAD build\kernel\components\libc\compilers\minilibc\stdlib.o
LOAD build\kernel\components\libc\compilers\minilibc\string.o
LOAD build\kernel\components\libc\compilers\minilibc\time.o
START GROUP
LOAD e:/workspace/svn/env/tools/gnu_gcc/arm_gcc/mingw/bin/../lib/gcc/arm-none-eabi/5.4.1/armv7e-m/fpu\libgcc.a
LOAD e:/workspace/svn/env/tools/gnu_gcc/arm_gcc/mingw/bin/../lib/gcc/arm-none-eabi/5.4.1/../../../../arm-none-eabi/lib/armv7e-m/fpu\libc.a
END GROUP
LOAD e:/workspace/svn/env/tools/gnu_gcc/arm_gcc/mingw/bin/../lib/gcc/arm-none-eabi/5.4.1/armv7e-m/fpu/crtend.o
LOAD e:/workspace/svn/env/tools/gnu_gcc/arm_gcc/mingw/bin/../lib/gcc/arm-none-eabi/5.4.1/armv7e-m/fpu/crtn.o
                0x00000200                _system_stack_size = 0x200

.text           0x08000000     0xc1f4
                0x08000000                . = ALIGN (0x4)
                0x08000000                _stext = .
 *(.isr_vector)
 .isr_vector    0x08000000      0x188 build\Libraries\CMSIS\Device\ST\STM32F4xx\Source\Templates\gcc\startup_stm32f407xx.o
                0x08000000                g_pfnVectors
                0x08000188                . = ALIGN (0x4)
 *(.text)
 .text          0x08000188      0x138 build\kernel\libcpu\arm\cortex-m4\context_gcc.o
                0x08000188                rt_hw_interrupt_disable
                0x08000190                rt_hw_interrupt_enable
                0x08000196                rt_hw_context_switch_interrupt
                0x08000196                rt_hw_context_switch
                0x080001b6                PendSV_Handler
                0x08000222                rt_hw_context_switch_to
                0x0800026a                rt_hw_interrupt_thread_switch
                0x0800026e                HardFault_Handler
 .text          0x080002c0       0x30 e:/workspace/svn/env/tools/gnu_gcc/arm_gcc/mingw/bin/../lib/gcc/arm-none-eabi/5.4.1/armv7e-m/fpu\libgcc.a(_aeabi_uldivmod.o)
                0x080002c0                __aeabi_uldivmod
 .text          0x080002f0      0x2e4 e:/workspace/svn/env/tools/gnu_gcc/arm_gcc/mingw/bin/../lib/gcc/arm-none-eabi/5.4.1/armv7e-m/fpu\libgcc.a(_udivmoddi4.o)
                0x080002f0                __udivmoddi4
 .text          0x080005d4        0x4 e:/workspace/svn/env/tools/gnu_gcc/arm_gcc/mingw/bin/../lib/gcc/arm-none-eabi/5.4.1/armv7e-m/fpu\libgcc.a(_dvmd_tls.o)
                0x080005d4                __aeabi_idiv0
                0x080005d4                __aeabi_ldiv0
 *(.text.*)
 .text.main     0x080005d8       0x28 build\applications\main.o
                0x080005d8                main
 .text.SystemClock_Config
                0x08000600      0x1ec build\drivers\board.o
 .text.SysTick_Handler
                0x080007ec       0x18 build\drivers\board.o
                0x080007ec                SysTick_Handler
 .text.HAL_InitTick
                0x08000804       0x38 build\drivers\board.o
                0x08000804                HAL_InitTick
 .text.HAL_MspInit
                0x0800083c       0x64 build\drivers\board.o
                0x0800083c                HAL_MspInit
 .text.rt_hw_board_init
                0x080008a0       0x30 build\drivers\board.o
                0x080008a0                rt_hw_board_init
 .text.NMI_Handler
                0x080008d0       0x10 build\drivers\stm32f4xx_it.o
                0x080008d0                NMI_Handler
 .text.MemManage_Handler
                0x080008e0        0x8 build\drivers\stm32f4xx_it.o
                0x080008e0                MemManage_Handler
 .text.BusFault_Handler
                0x080008e8        0x8 build\drivers\stm32f4xx_it.o
                0x080008e8                BusFault_Handler
 .text.UsageFault_Handler
                0x080008f0        0x8 build\drivers\stm32f4xx_it.o
                0x080008f0                UsageFault_Handler
 .text.SVC_Handler
                0x080008f8       0x10 build\drivers\stm32f4xx_it.o
                0x080008f8                SVC_Handler
 .text.get_st_gpio
                0x08000908       0xb8 build\drivers\drv_gpio.o
 .text.drv_clock_enable
                0x080009c0      0x198 build\drivers\drv_gpio.o
 .text.get_pin  0x08000b58       0x30 build\drivers\drv_gpio.o
 .text.stm32_pin_write
                0x08000b88       0x50 build\drivers\drv_gpio.o
 .text.stm32_pin_read
                0x08000bd8       0x50 build\drivers\drv_gpio.o
 .text.stm32_pin_mode
                0x08000c28       0xa0 build\drivers\drv_gpio.o
 .text.get_pin_irq_map
                0x08000cc8       0x38 build\drivers\drv_gpio.o
 .text.stm32_pin_attach_irq
                0x08000d00      0x14c build\drivers\drv_gpio.o
 .text.stm32_pin_detach_irq
                0x08000e4c       0xd4 build\drivers\drv_gpio.o
 .text.stm32_pin_irq_enable
                0x08000f20      0x150 build\drivers\drv_gpio.o
 .text.rt_hw_pin_init
                0x08001070       0x24 build\drivers\drv_gpio.o
                0x08001070                rt_hw_pin_init
 .text.pin_irq_hdr
                0x08001094       0x84 build\drivers\drv_gpio.o
 .text.HAL_GPIO_EXTI_Callback
                0x08001118       0x1c build\drivers\drv_gpio.o
                0x08001118                HAL_GPIO_EXTI_Callback
 .text.EXTI0_IRQHandler
                0x08001134       0x18 build\drivers\drv_gpio.o
                0x08001134                EXTI0_IRQHandler
 .text.EXTI1_IRQHandler
                0x0800114c       0x18 build\drivers\drv_gpio.o
                0x0800114c                EXTI1_IRQHandler
 .text.EXTI2_IRQHandler
                0x08001164       0x18 build\drivers\drv_gpio.o
                0x08001164                EXTI2_IRQHandler
 .text.EXTI3_IRQHandler
                0x0800117c       0x18 build\drivers\drv_gpio.o
                0x0800117c                EXTI3_IRQHandler
 .text.EXTI4_IRQHandler
                0x08001194       0x18 build\drivers\drv_gpio.o
                0x08001194                EXTI4_IRQHandler
 .text.EXTI9_5_IRQHandler
                0x080011ac       0x34 build\drivers\drv_gpio.o
                0x080011ac                EXTI9_5_IRQHandler
 .text.EXTI15_10_IRQHandler
                0x080011e0       0x40 build\drivers\drv_gpio.o
                0x080011e0                EXTI15_10_IRQHandler
 .text.NVIC_EnableIRQ
                0x08001220       0x34 build\drivers\drv_usart.o
 .text.NVIC_DisableIRQ
                0x08001254       0x34 build\drivers\drv_usart.o
 .text.drv_configure
                0x08001288      0x108 build\drivers\drv_usart.o
 .text.drv_control
                0x08001390       0x7c build\drivers\drv_usart.o
 .text.drv_putc
                0x0800140c       0x4c build\drivers\drv_usart.o
 .text.drv_getc
                0x08001458       0x50 build\drivers\drv_usart.o
 .text.USART2_IRQHandler
                0x080014a8       0x50 build\drivers\drv_usart.o
                0x080014a8                USART2_IRQHandler
 .text.HAL_UART_MspInit
                0x080014f8      0x1c4 build\drivers\drv_usart.o
                0x080014f8                HAL_UART_MspInit
 .text.hw_usart_init
                0x080016bc       0x68 build\drivers\drv_usart.o
                0x080016bc                hw_usart_init
 .text.SystemInit
                0x08001724       0x6c build\Libraries\CMSIS\Device\ST\STM32F4xx\Source\Templates\system_stm32f4xx.o
                0x08001724                SystemInit
 .text.Reset_Handler
                0x08001790       0x44 build\Libraries\CMSIS\Device\ST\STM32F4xx\Source\Templates\gcc\gcc_startup.o
                0x08001790                Reset_Handler
 .text.Default_Handler
                0x080017d4        0x2 build\Libraries\CMSIS\Device\ST\STM32F4xx\Source\Templates\gcc\startup_stm32f407xx.o
                0x080017d4                RTC_Alarm_IRQHandler
                0x080017d4                HASH_RNG_IRQHandler
                0x080017d4                TIM8_CC_IRQHandler
                0x080017d4                DebugMon_Handler
                0x080017d4                TIM1_CC_IRQHandler
                0x080017d4                DMA2_Stream5_IRQHandler
                0x080017d4                DMA1_Stream5_IRQHandler
                0x080017d4                PVD_IRQHandler
                0x080017d4                SDIO_IRQHandler
                0x080017d4                TAMP_STAMP_IRQHandler
                0x080017d4                CAN2_RX1_IRQHandler
                0x080017d4                TIM8_TRG_COM_TIM14_IRQHandler
                0x080017d4                TIM1_UP_TIM10_IRQHandler
                0x080017d4                TIM8_UP_TIM13_IRQHandler
                0x080017d4                I2C3_ER_IRQHandler
                0x080017d4                I2C2_EV_IRQHandler
                0x080017d4                DMA1_Stream2_IRQHandler
                0x080017d4                CAN1_RX0_IRQHandler
                0x080017d4                FPU_IRQHandler
                0x080017d4                OTG_HS_WKUP_IRQHandler
                0x080017d4                CAN2_SCE_IRQHandler
                0x080017d4                DMA2_Stream2_IRQHandler
                0x080017d4                SPI1_IRQHandler
                0x080017d4                TIM6_DAC_IRQHandler
                0x080017d4                TIM1_BRK_TIM9_IRQHandler
                0x080017d4                DCMI_IRQHandler
                0x080017d4                CAN2_RX0_IRQHandler
                0x080017d4                DMA2_Stream3_IRQHandler
                0x080017d4                USART6_IRQHandler
                0x080017d4                USART3_IRQHandler
                0x080017d4                CAN1_RX1_IRQHandler
                0x080017d4                UART5_IRQHandler
                0x080017d4                DMA2_Stream0_IRQHandler
                0x080017d4                TIM4_IRQHandler
                0x080017d4                I2C1_EV_IRQHandler
                0x080017d4                DMA1_Stream6_IRQHandler
                0x080017d4                DMA1_Stream1_IRQHandler
                0x080017d4                UART4_IRQHandler
                0x080017d4                TIM3_IRQHandler
                0x080017d4                RCC_IRQHandler
                0x080017d4                TIM8_BRK_TIM12_IRQHandler
                0x080017d4                Default_Handler
                0x080017d4                ADC_IRQHandler
                0x080017d4                DMA1_Stream7_IRQHandler
                0x080017d4                TIM7_IRQHandler
                0x080017d4                CAN2_TX_IRQHandler
                0x080017d4                TIM5_IRQHandler
                0x080017d4                DMA2_Stream7_IRQHandler
                0x080017d4                I2C3_EV_IRQHandler
                0x080017d4                RTC_WKUP_IRQHandler
                0x080017d4                ETH_WKUP_IRQHandler
                0x080017d4                SPI2_IRQHandler
                0x080017d4                OTG_HS_EP1_IN_IRQHandler
                0x080017d4                DMA1_Stream0_IRQHandler
                0x080017d4                CAN1_TX_IRQHandler
                0x080017d4                FSMC_IRQHandler
                0x080017d4                ETH_IRQHandler
                0x080017d4                OTG_HS_EP1_OUT_IRQHandler
                0x080017d4                WWDG_IRQHandler
                0x080017d4                TIM2_IRQHandler
                0x080017d4                OTG_FS_WKUP_IRQHandler
                0x080017d4                TIM1_TRG_COM_TIM11_IRQHandler
                0x080017d4                OTG_HS_IRQHandler
                0x080017d4                I2C2_ER_IRQHandler
                0x080017d4                DMA2_Stream1_IRQHandler
                0x080017d4                CAN1_SCE_IRQHandler
                0x080017d4                FLASH_IRQHandler
                0x080017d4                DMA2_Stream4_IRQHandler
                0x080017d4                USART1_IRQHandler
                0x080017d4                OTG_FS_IRQHandler
                0x080017d4                SPI3_IRQHandler
                0x080017d4                DMA1_Stream4_IRQHandler
                0x080017d4                I2C1_ER_IRQHandler
                0x080017d4                DMA2_Stream6_IRQHandler
                0x080017d4                DMA1_Stream3_IRQHandler
 *fill*         0x080017d6        0x2 00000000
 .text.HAL_Init
                0x080017d8       0x44 build\Libraries\STM32F4xx_HAL_Driver\Src\stm32f4xx_hal.o
                0x080017d8                HAL_Init
 .text.HAL_IncTick
                0x0800181c       0x1c build\Libraries\STM32F4xx_HAL_Driver\Src\stm32f4xx_hal.o
                0x0800181c                HAL_IncTick
 .text.HAL_GetTick
                0x08001838       0x18 build\Libraries\STM32F4xx_HAL_Driver\Src\stm32f4xx_hal.o
                0x08001838                HAL_GetTick
 .text.NVIC_SetPriorityGrouping
                0x08001850       0x48 build\Libraries\STM32F4xx_HAL_Driver\Src\stm32f4xx_hal_cortex.o
 .text.NVIC_GetPriorityGrouping
                0x08001898       0x1c build\Libraries\STM32F4xx_HAL_Driver\Src\stm32f4xx_hal_cortex.o
 .text.NVIC_EnableIRQ
                0x080018b4       0x34 build\Libraries\STM32F4xx_HAL_Driver\Src\stm32f4xx_hal_cortex.o
 .text.NVIC_DisableIRQ
                0x080018e8       0x34 build\Libraries\STM32F4xx_HAL_Driver\Src\stm32f4xx_hal_cortex.o
 .text.NVIC_SetPriority
                0x0800191c       0x54 build\Libraries\STM32F4xx_HAL_Driver\Src\stm32f4xx_hal_cortex.o
 .text.NVIC_EncodePriority
                0x08001970       0x64 build\Libraries\STM32F4xx_HAL_Driver\Src\stm32f4xx_hal_cortex.o
 .text.SysTick_Config
                0x080019d4       0x44 build\Libraries\STM32F4xx_HAL_Driver\Src\stm32f4xx_hal_cortex.o
 .text.HAL_NVIC_SetPriorityGrouping
                0x08001a18       0x18 build\Libraries\STM32F4xx_HAL_Driver\Src\stm32f4xx_hal_cortex.o
                0x08001a18                HAL_NVIC_SetPriorityGrouping
 .text.HAL_NVIC_SetPriority
                0x08001a30       0x38 build\Libraries\STM32F4xx_HAL_Driver\Src\stm32f4xx_hal_cortex.o
                0x08001a30                HAL_NVIC_SetPriority
 .text.HAL_NVIC_EnableIRQ
                0x08001a68       0x1c build\Libraries\STM32F4xx_HAL_Driver\Src\stm32f4xx_hal_cortex.o
                0x08001a68                HAL_NVIC_EnableIRQ
 .text.HAL_NVIC_DisableIRQ
                0x08001a84       0x1c build\Libraries\STM32F4xx_HAL_Driver\Src\stm32f4xx_hal_cortex.o
                0x08001a84                HAL_NVIC_DisableIRQ
 .text.HAL_SYSTICK_Config
                0x08001aa0       0x18 build\Libraries\STM32F4xx_HAL_Driver\Src\stm32f4xx_hal_cortex.o
                0x08001aa0                HAL_SYSTICK_Config
 .text.HAL_GPIO_Init
                0x08001ab8      0x334 build\Libraries\STM32F4xx_HAL_Driver\Src\stm32f4xx_hal_gpio.o
                0x08001ab8                HAL_GPIO_Init
 .text.HAL_GPIO_ReadPin
                0x08001dec       0x30 build\Libraries\STM32F4xx_HAL_Driver\Src\stm32f4xx_hal_gpio.o
                0x08001dec                HAL_GPIO_ReadPin
 .text.HAL_GPIO_WritePin
                0x08001e1c       0x34 build\Libraries\STM32F4xx_HAL_Driver\Src\stm32f4xx_hal_gpio.o
                0x08001e1c                HAL_GPIO_WritePin
 .text.HAL_GPIO_EXTI_IRQHandler
                0x08001e50       0x30 build\Libraries\STM32F4xx_HAL_Driver\Src\stm32f4xx_hal_gpio.o
                0x08001e50                HAL_GPIO_EXTI_IRQHandler
 .text.HAL_RCC_OscConfig
                0x08001e80      0x450 build\Libraries\STM32F4xx_HAL_Driver\Src\stm32f4xx_hal_rcc.o
                0x08001e80                HAL_RCC_OscConfig
 .text.HAL_RCC_ClockConfig
                0x080022d0      0x1c4 build\Libraries\STM32F4xx_HAL_Driver\Src\stm32f4xx_hal_rcc.o
                0x080022d0                HAL_RCC_ClockConfig
 .text.HAL_RCC_GetSysClockFreq
                0x08002494      0x1ac build\Libraries\STM32F4xx_HAL_Driver\Src\stm32f4xx_hal_rcc.o
                0x08002494                HAL_RCC_GetSysClockFreq
 .text.HAL_RCC_GetHCLKFreq
                0x08002640       0x18 build\Libraries\STM32F4xx_HAL_Driver\Src\stm32f4xx_hal_rcc.o
                0x08002640                HAL_RCC_GetHCLKFreq
 .text.HAL_RCC_GetPCLK1Freq
                0x08002658       0x28 build\Libraries\STM32F4xx_HAL_Driver\Src\stm32f4xx_hal_rcc.o
                0x08002658                HAL_RCC_GetPCLK1Freq
 .text.HAL_RCC_GetPCLK2Freq
                0x08002680       0x28 build\Libraries\STM32F4xx_HAL_Driver\Src\stm32f4xx_hal_rcc.o
                0x08002680                HAL_RCC_GetPCLK2Freq
 .text.HAL_UART_Init
                0x080026a8       0x9c build\Libraries\STM32F4xx_HAL_Driver\Src\stm32f4xx_hal_uart.o
                0x080026a8                HAL_UART_Init
 .text.UART_SetConfig
                0x08002744      0x438 build\Libraries\STM32F4xx_HAL_Driver\Src\stm32f4xx_hal_uart.o
 .text.rt_tick_get
                0x08002b7c       0x18 build\kernel\src\clock.o
                0x08002b7c                rt_tick_get
 .text.rt_tick_increase
                0x08002b94       0x44 build\kernel\src\clock.o
                0x08002b94                rt_tick_increase
 .text.rti_start
                0x08002bd8       0x10 build\kernel\src\components.o
 .text.rti_board_start
                0x08002be8       0x10 build\kernel\src\components.o
 .text.rti_board_end
                0x08002bf8       0x10 build\kernel\src\components.o
 .text.rti_end  0x08002c08       0x10 build\kernel\src\components.o
 .text.rt_components_board_init
                0x08002c18       0x30 build\kernel\src\components.o
                0x08002c18                rt_components_board_init
 .text.rt_components_init
                0x08002c48       0x30 build\kernel\src\components.o
                0x08002c48                rt_components_init
 .text.entry    0x08002c78       0x14 build\kernel\src\components.o
                0x08002c78                entry
 .text.main_thread_entry
                0x08002c8c       0x18 build\kernel\src\components.o
                0x08002c8c                main_thread_entry
 .text.rt_application_init
                0x08002ca4       0x4c build\kernel\src\components.o
                0x08002ca4                rt_application_init
 .text.rtthread_startup
                0x08002cf0       0x30 build\kernel\src\components.o
                0x08002cf0                rtthread_startup
 .text.rt_device_register
                0x08002d20       0x54 build\kernel\src\device.o
                0x08002d20                rt_device_register
 .text.rt_device_find
                0x08002d74       0x90 build\kernel\src\device.o
                0x08002d74                rt_device_find
 .text.rt_device_open
                0x08002e04      0x120 build\kernel\src\device.o
                0x08002e04                rt_device_open
 .text.rt_device_close
                0x08002f24       0x9c build\kernel\src\device.o
                0x08002f24                rt_device_close
 .text.rt_device_read
                0x08002fc0       0x88 build\kernel\src\device.o
                0x08002fc0                rt_device_read
 .text.rt_device_write
                0x08003048       0x88 build\kernel\src\device.o
                0x08003048                rt_device_write
 .text.rt_device_set_rx_indicate
                0x080030d0       0x54 build\kernel\src\device.o
                0x080030d0                rt_device_set_rx_indicate
 .text.rt_list_remove
                0x08003124       0x38 build\kernel\src\idle.o
 .text._has_defunct_thread
                0x0800315c       0x2c build\kernel\src\idle.o
 .text.rt_thread_idle_excute
                0x08003188       0xc4 build\kernel\src\idle.o
                0x08003188                rt_thread_idle_excute
 .text.rt_thread_idle_entry
                0x0800324c       0x3c build\kernel\src\idle.o
 .text.rt_thread_idle_init
                0x08003288       0x40 build\kernel\src\idle.o
                0x08003288                rt_thread_idle_init
 .text.rt_list_init
                0x080032c8       0x24 build\kernel\src\ipc.o
 .text.rt_list_insert_before
                0x080032ec       0x34 build\kernel\src\ipc.o
 .text.rt_list_isempty
                0x08003320       0x24 build\kernel\src\ipc.o
 .text.rt_ipc_object_init
                0x08003344       0x1c build\kernel\src\ipc.o
 .text.rt_ipc_list_suspend
                0x08003360       0x90 build\kernel\src\ipc.o
 .text.rt_ipc_list_resume
                0x080033f0       0x20 build\kernel\src\ipc.o
 .text.rt_sem_init
                0x08003410       0x54 build\kernel\src\ipc.o
                0x08003410                rt_sem_init
 .text.rt_sem_take
                0x08003464      0x160 build\kernel\src\ipc.o
                0x08003464                rt_sem_take
 .text.rt_sem_release
                0x080035c4       0xa0 build\kernel\src\ipc.o
                0x080035c4                rt_sem_release
 .text.rt_interrupt_enter
                0x08003664       0x40 build\kernel\src\irq.o
                0x08003664                rt_interrupt_enter
 .text.rt_interrupt_leave
                0x080036a4       0x40 build\kernel\src\irq.o
                0x080036a4                rt_interrupt_leave
 .text.rt_interrupt_get_nest
                0x080036e4       0x18 build\kernel\src\irq.o
                0x080036e4                rt_interrupt_get_nest
 .text.rt_set_errno
                0x080036fc       0x40 build\kernel\src\kservice.o
                0x080036fc                rt_set_errno
 .text.rt_memset
                0x0800373c       0xb8 build\kernel\src\kservice.o
                0x0800373c                rt_memset
                0x0800373c                memset
 .text.rt_memcpy
                0x080037f4       0xd4 build\kernel\src\kservice.o
                0x080037f4                rt_memcpy
                0x080037f4                memcpy
 .text.rt_memmove
                0x080038c8       0x84 build\kernel\src\kservice.o
                0x080038c8                rt_memmove
                0x080038c8                memmove
 .text.rt_memcmp
                0x0800394c       0x58 build\kernel\src\kservice.o
                0x0800394c                rt_memcmp
                0x0800394c                memcmp
 .text.rt_strncpy
                0x080039a4       0x64 build\kernel\src\kservice.o
                0x080039a4                rt_strncpy
 .text.rt_strncmp
                0x08003a08       0x4c build\kernel\src\kservice.o
                0x08003a08                rt_strncmp
 .text.rt_strlen
                0x08003a54       0x30 build\kernel\src\kservice.o
                0x08003a54                strlen
                0x08003a54                rt_strlen
 .text.rt_show_version
                0x08003a84       0x44 build\kernel\src\kservice.o
                0x08003a84                rt_show_version
 .text.divide   0x08003ac8       0x68 build\kernel\src\kservice.o
 .text.skip_atoi
                0x08003b30       0x40 build\kernel\src\kservice.o
 .text.print_number
                0x08003b70      0x1d4 build\kernel\src\kservice.o
 .text.rt_vsnprintf
                0x08003d44      0x544 build\kernel\src\kservice.o
                0x08003d44                rt_vsnprintf
 .text.rt_console_get_device
                0x08004288       0x18 build\kernel\src\kservice.o
                0x08004288                rt_console_get_device
 .text.rt_console_set_device
                0x080042a0       0x4c build\kernel\src\kservice.o
                0x080042a0                rt_console_set_device
 .text.rt_hw_console_output
                0x080042ec       0x14 build\kernel\src\kservice.o
                0x080042ec                rt_hw_console_output
 .text.rt_kprintf
                0x08004300       0x80 build\kernel\src\kservice.o
                0x08004300                rt_kprintf
 .text.__rt_ffs
                0x08004380       0x70 build\kernel\src\kservice.o
                0x08004380                __rt_ffs
 .text.rt_assert_handler
                0x080043f0       0x4c build\kernel\src\kservice.o
                0x080043f0                rt_assert_handler
 .text.plug_holes
                0x0800443c      0x100 build\kernel\src\mem.o
 .text.rt_system_heap_init
                0x0800453c      0x118 build\kernel\src\mem.o
                0x0800453c                rt_system_heap_init
 .text.rt_malloc
                0x08004654      0x294 build\kernel\src\mem.o
                0x08004654                rt_malloc
 .text.rt_calloc
                0x080048e8       0x74 build\kernel\src\mem.o
                0x080048e8                rt_calloc
 .text.rt_free  0x0800495c      0x188 build\kernel\src\mem.o
                0x0800495c                rt_free
 .text.list_mem
                0x08004ae4       0x44 build\kernel\src\mem.o
                0x08004ae4                list_mem
 .text.rt_list_insert_after
                0x08004b28       0x34 build\kernel\src\object.o
 .text.rt_list_remove
                0x08004b5c       0x38 build\kernel\src\object.o
 .text.rt_object_get_information
                0x08004b94       0x48 build\kernel\src\object.o
                0x08004b94                rt_object_get_information
 .text.rt_object_init
                0x08004bdc       0x84 build\kernel\src\object.o
                0x08004bdc                rt_object_init
 .text.rt_object_detach
                0x08004c60       0x5c build\kernel\src\object.o
                0x08004c60                rt_object_detach
 .text.rt_object_allocate
                0x08004cbc       0xd8 build\kernel\src\object.o
                0x08004cbc                rt_object_allocate
 .text.rt_object_delete
                0x08004d94       0x7c build\kernel\src\object.o
                0x08004d94                rt_object_delete
 .text.rt_object_is_systemobject
                0x08004e10       0x3c build\kernel\src\object.o
                0x08004e10                rt_object_is_systemobject
 .text.rt_object_get_type
                0x08004e4c       0x34 build\kernel\src\object.o
                0x08004e4c                rt_object_get_type
 .text.rt_list_init
                0x08004e80       0x24 build\kernel\src\scheduler.o
 .text.rt_list_insert_before
                0x08004ea4       0x34 build\kernel\src\scheduler.o
 .text.rt_list_remove
                0x08004ed8       0x38 build\kernel\src\scheduler.o
 .text.rt_list_isempty
                0x08004f10       0x24 build\kernel\src\scheduler.o
 .text._rt_scheduler_stack_check
                0x08004f34       0x98 build\kernel\src\scheduler.o
 .text.rt_system_scheduler_init
                0x08004fcc       0x54 build\kernel\src\scheduler.o
                0x08004fcc                rt_system_scheduler_init
 .text.rt_system_scheduler_start
                0x08005020       0x3c build\kernel\src\scheduler.o
                0x08005020                rt_system_scheduler_start
 .text.rt_schedule
                0x0800505c       0xd4 build\kernel\src\scheduler.o
                0x0800505c                rt_schedule
 .text.rt_schedule_insert_thread
                0x08005130       0x80 build\kernel\src\scheduler.o
                0x08005130                rt_schedule_insert_thread
 .text.rt_schedule_remove_thread
                0x080051b0       0x70 build\kernel\src\scheduler.o
                0x080051b0                rt_schedule_remove_thread
 .text.rt_enter_critical
                0x08005220       0x2c build\kernel\src\scheduler.o
                0x08005220                rt_enter_critical
 .text.rt_exit_critical
                0x0800524c       0x48 build\kernel\src\scheduler.o
                0x0800524c                rt_exit_critical
 .text.rt_list_init
                0x08005294       0x24 build\kernel\src\thread.o
 .text.rt_list_insert_after
                0x080052b8       0x34 build\kernel\src\thread.o
 .text.rt_list_insert_before
                0x080052ec       0x34 build\kernel\src\thread.o
 .text.rt_list_remove
                0x08005320       0x38 build\kernel\src\thread.o
 .text.rt_thread_exit
                0x08005358       0x6c build\kernel\src\thread.o
                0x08005358                rt_thread_exit
 .text._rt_thread_init
                0x080053c4       0xf8 build\kernel\src\thread.o
 .text.rt_thread_init
                0x080054bc       0x6c build\kernel\src\thread.o
                0x080054bc                rt_thread_init
 .text.rt_thread_self
                0x08005528       0x18 build\kernel\src\thread.o
                0x08005528                rt_thread_self
 .text.rt_thread_startup
                0x08005540       0xa0 build\kernel\src\thread.o
                0x08005540                rt_thread_startup
 .text.rt_thread_create
                0x080055e0       0x64 build\kernel\src\thread.o
                0x080055e0                rt_thread_create
 .text.rt_thread_yield
                0x08005644       0x74 build\kernel\src\thread.o
                0x08005644                rt_thread_yield
 .text.rt_thread_suspend
                0x080056b8       0xa8 build\kernel\src\thread.o
                0x080056b8                rt_thread_suspend
 .text.rt_thread_resume
                0x08005760       0x98 build\kernel\src\thread.o
                0x08005760                rt_thread_resume
 .text.rt_thread_timeout
                0x080057f8       0x84 build\kernel\src\thread.o
                0x080057f8                rt_thread_timeout
 .text.rt_list_init
                0x0800587c       0x24 build\kernel\src\timer.o
 .text.rt_list_insert_after
                0x080058a0       0x34 build\kernel\src\timer.o
 .text.rt_list_remove
                0x080058d4       0x38 build\kernel\src\timer.o
 .text.rt_list_isempty
                0x0800590c       0x24 build\kernel\src\timer.o
 .text._rt_timer_init
                0x08005930       0x68 build\kernel\src\timer.o
 .text._rt_timer_remove
                0x08005998       0x34 build\kernel\src\timer.o
 .text.rt_timer_init
                0x080059cc       0x48 build\kernel\src\timer.o
                0x080059cc                rt_timer_init
 .text.rt_timer_detach
                0x08005a14       0x7c build\kernel\src\timer.o
                0x08005a14                rt_timer_detach
 .text.rt_timer_start
                0x08005a90      0x1fc build\kernel\src\timer.o
                0x08005a90                rt_timer_start
 .text.rt_timer_stop
                0x08005c8c       0x94 build\kernel\src\timer.o
                0x08005c8c                rt_timer_stop
 .text.rt_timer_control
                0x08005d20       0xa0 build\kernel\src\timer.o
                0x08005d20                rt_timer_control
 .text.rt_timer_check
                0x08005dc0       0xb8 build\kernel\src\timer.o
                0x08005dc0                rt_timer_check
 .text.rt_system_timer_init
                0x08005e78       0x34 build\kernel\src\timer.o
                0x08005e78                rt_system_timer_init
 .text.rt_system_timer_thread_init
                0x08005eac       0x10 build\kernel\src\timer.o
                0x08005eac                rt_system_timer_thread_init
 .text.rt_hw_stack_init
                0x08005ebc       0x90 build\kernel\libcpu\arm\cortex-m4\cpuport.o
                0x08005ebc                rt_hw_stack_init
 .text.usage_fault_track
                0x08005f4c       0xc4 build\kernel\libcpu\arm\cortex-m4\cpuport.o
 .text.bus_fault_track
                0x08006010       0xcc build\kernel\libcpu\arm\cortex-m4\cpuport.o
 .text.mem_manage_fault_track
                0x080060dc       0xb4 build\kernel\libcpu\arm\cortex-m4\cpuport.o
 .text.hard_fault_track
                0x08006190       0x78 build\kernel\libcpu\arm\cortex-m4\cpuport.o
 .text.rt_hw_hard_fault_exception
                0x08006208      0x184 build\kernel\libcpu\arm\cortex-m4\cpuport.o
                0x08006208                rt_hw_hard_fault_exception
 .text._pin_read
                0x0800638c       0x60 build\kernel\components\drivers\misc\pin.o
 .text._pin_write
                0x080063ec       0x5c build\kernel\components\drivers\misc\pin.o
 .text._pin_control
                0x08006448       0x58 build\kernel\components\drivers\misc\pin.o
 .text.rt_device_pin_register
                0x080064a0       0x74 build\kernel\components\drivers\misc\pin.o
                0x080064a0                rt_device_pin_register
 .text.rt_pin_mode
                0x08006514       0x40 build\kernel\components\drivers\misc\pin.o
                0x08006514                rt_pin_mode
 .text.rt_pin_write
                0x08006554       0x40 build\kernel\components\drivers\misc\pin.o
                0x08006554                rt_pin_write
 .text.rt_pin_read
                0x08006594       0x3c build\kernel\components\drivers\misc\pin.o
                0x08006594                rt_pin_read
 .text._serial_poll_rx
                0x080065d0       0x74 build\kernel\components\drivers\serial\serial.o
 .text._serial_poll_tx
                0x08006644       0x7c build\kernel\components\drivers\serial\serial.o
 .text._serial_int_rx
                0x080066c0       0xd8 build\kernel\components\drivers\serial\serial.o
 .text._serial_int_tx
                0x08006798       0x90 build\kernel\components\drivers\serial\serial.o
 .text._serial_fifo_calc_recved_len
                0x08006828       0x88 build\kernel\components\drivers\serial\serial.o
 .text.rt_dma_calc_recved_len
                0x080068b0       0x18 build\kernel\components\drivers\serial\serial.o
 .text.rt_dma_recv_update_get_index
                0x080068c8       0xa4 build\kernel\components\drivers\serial\serial.o
 .text.rt_dma_recv_update_put_index
                0x0800696c      0x10c build\kernel\components\drivers\serial\serial.o
 .text._serial_dma_rx
                0x08006a78      0x198 build\kernel\components\drivers\serial\serial.o
 .text._serial_dma_tx
                0x08006c10       0x70 build\kernel\components\drivers\serial\serial.o
 .text.rt_serial_init
                0x08006c80       0x5c build\kernel\components\drivers\serial\serial.o
 .text.rt_serial_open
                0x08006cdc      0x35c build\kernel\components\drivers\serial\serial.o
 .text.rt_serial_close
                0x08007038      0x1a8 build\kernel\components\drivers\serial\serial.o
 .text.rt_serial_read
                0x080071e0       0x84 build\kernel\components\drivers\serial\serial.o
 .text.rt_serial_write
                0x08007264       0x84 build\kernel\components\drivers\serial\serial.o
 .text.rt_serial_control
                0x080072e8       0xd0 build\kernel\components\drivers\serial\serial.o
 .text.rt_hw_serial_register
                0x080073b8       0x9c build\kernel\components\drivers\serial\serial.o
                0x080073b8                rt_hw_serial_register
 .text.rt_hw_serial_isr
                0x08007454      0x260 build\kernel\components\drivers\serial\serial.o
                0x08007454                rt_hw_serial_isr
 .text.rt_list_init
                0x080076b4       0x24 build\kernel\components\drivers\src\completion.o
 .text.rt_list_insert_before
                0x080076d8       0x34 build\kernel\components\drivers\src\completion.o
 .text.rt_list_isempty
                0x0800770c       0x24 build\kernel\components\drivers\src\completion.o
 .text.rt_completion_init
                0x08007730       0x44 build\kernel\components\drivers\src\completion.o
                0x08007730                rt_completion_init
 .text.rt_completion_wait
                0x08007774       0xfc build\kernel\components\drivers\src\completion.o
                0x08007774                rt_completion_wait
 .text.rt_completion_done
                0x08007870       0x70 build\kernel\components\drivers\src\completion.o
                0x08007870                rt_completion_done
 .text.rt_list_init
                0x080078e0       0x24 build\kernel\components\drivers\src\dataqueue.o
 .text.rt_list_insert_before
                0x08007904       0x34 build\kernel\components\drivers\src\dataqueue.o
 .text.rt_list_isempty
                0x08007938       0x24 build\kernel\components\drivers\src\dataqueue.o
 .text.rt_data_queue_init
                0x0800795c       0x84 build\kernel\components\drivers\src\dataqueue.o
                0x0800795c                rt_data_queue_init
 .text.rt_data_queue_push
                0x080079e0      0x190 build\kernel\components\drivers\src\dataqueue.o
                0x080079e0                rt_data_queue_push
 .text.rt_data_queue_pop
                0x08007b70      0x1e4 build\kernel\components\drivers\src\dataqueue.o
                0x08007b70                rt_data_queue_pop
 .text.rt_data_queue_peak
                0x08007d54       0xa0 build\kernel\components\drivers\src\dataqueue.o
                0x08007d54                rt_data_queue_peak
 .text.finsh_get_prompt
                0x08007df4       0xa0 build\kernel\components\finsh\shell.o
                0x08007df4                finsh_get_prompt
 .text.finsh_set_prompt_mode
                0x08007e94       0x48 build\kernel\components\finsh\shell.o
                0x08007e94                finsh_set_prompt_mode
 .text.finsh_getchar
                0x08007edc       0x58 build\kernel\components\finsh\shell.o
 .text.finsh_rx_ind
                0x08007f34       0x3c build\kernel\components\finsh\shell.o
 .text.finsh_set_device
                0x08007f70       0xd8 build\kernel\components\finsh\shell.o
                0x08007f70                finsh_set_device
 .text.shell_auto_complete
                0x08008048       0x40 build\kernel\components\finsh\shell.o
 .text.shell_handle_history
                0x08008088       0x34 build\kernel\components\finsh\shell.o
 .text.shell_push_history
                0x080080bc      0x160 build\kernel\components\finsh\shell.o
 .text.finsh_thread_entry
                0x0800821c      0x5c0 build\kernel\components\finsh\shell.o
                0x0800821c                finsh_thread_entry
 .text.finsh_system_function_init
                0x080087dc       0x2c build\kernel\components\finsh\shell.o
                0x080087dc                finsh_system_function_init
 .text.finsh_system_var_init
                0x08008808       0x2c build\kernel\components\finsh\shell.o
                0x08008808                finsh_system_var_init
 .text.finsh_system_init
                0x08008834       0xac build\kernel\components\finsh\shell.o
                0x08008834                finsh_system_init
 .text.rt_list_isempty
                0x080088e0       0x24 build\kernel\components\finsh\cmd.o
 .text.rt_list_len
                0x08008904       0x38 build\kernel\components\finsh\cmd.o
 .text.hello    0x0800893c       0x14 build\kernel\components\finsh\cmd.o
                0x0800893c                hello
 .text.version  0x08008950       0x10 build\kernel\components\finsh\cmd.o
                0x08008950                version
 .text.object_name_maxlen
                0x08008960       0x70 build\kernel\components\finsh\cmd.o
 .text.object_split
                0x080089d0       0x28 build\kernel\components\finsh\cmd.o
 .text._list_thread
                0x080089f8      0x130 build\kernel\components\finsh\cmd.o
 .text.list_thread
                0x08008b28       0x24 build\kernel\components\finsh\cmd.o
                0x08008b28                list_thread
 .text.show_wait_queue
                0x08008b4c       0x50 build\kernel\components\finsh\cmd.o
 .text._list_sem
                0x08008b9c       0xd4 build\kernel\components\finsh\cmd.o
 .text.list_sem
                0x08008c70       0x24 build\kernel\components\finsh\cmd.o
                0x08008c70                list_sem
 .text._list_event
                0x08008c94       0xc4 build\kernel\components\finsh\cmd.o
 .text.list_event
                0x08008d58       0x24 build\kernel\components\finsh\cmd.o
                0x08008d58                list_event
 .text._list_mutex
                0x08008d7c       0x94 build\kernel\components\finsh\cmd.o
 .text.list_mutex
                0x08008e10       0x24 build\kernel\components\finsh\cmd.o
                0x08008e10                list_mutex
 .text._list_mailbox
                0x08008e34       0xe4 build\kernel\components\finsh\cmd.o
 .text.list_mailbox
                0x08008f18       0x24 build\kernel\components\finsh\cmd.o
                0x08008f18                list_mailbox
 .text._list_msgqueue
                0x08008f3c       0xd4 build\kernel\components\finsh\cmd.o
 .text.list_msgqueue
                0x08009010       0x24 build\kernel\components\finsh\cmd.o
                0x08009010                list_msgqueue
 .text._list_memheap
                0x08009034       0x84 build\kernel\components\finsh\cmd.o
 .text.list_memheap
                0x080090b8       0x24 build\kernel\components\finsh\cmd.o
                0x080090b8                list_memheap
 .text._list_mempool
                0x080090dc       0xd0 build\kernel\components\finsh\cmd.o
 .text.list_mempool
                0x080091ac       0x24 build\kernel\components\finsh\cmd.o
                0x080091ac                list_mempool
 .text._list_timer
                0x080091d0       0xb0 build\kernel\components\finsh\cmd.o
 .text.list_timer
                0x08009280       0x24 build\kernel\components\finsh\cmd.o
                0x08009280                list_timer
 .text._list_device
                0x080092a4       0xa8 build\kernel\components\finsh\cmd.o
 .text.list_device
                0x0800934c       0x24 build\kernel\components\finsh\cmd.o
                0x0800934c                list_device
 .text.list     0x08009370       0x6c build\kernel\components\finsh\cmd.o
                0x08009370                list
 .text.msh_is_used
                0x080093dc       0x10 build\kernel\components\finsh\msh.o
                0x080093dc                msh_is_used
 .text.msh_help
                0x080093ec       0x7c build\kernel\components\finsh\msh.o
                0x080093ec                msh_help
 .text.msh_split
                0x08009468      0x170 build\kernel\components\finsh\msh.o
 .text.msh_get_cmd
                0x080095d8       0x80 build\kernel\components\finsh\msh.o
 .text._msh_exec_cmd
                0x08009658       0xd4 build\kernel\components\finsh\msh.o
 .text.msh_exec
                0x0800972c       0x84 build\kernel\components\finsh\msh.o
                0x0800972c                msh_exec
 .text.str_common
                0x080097b0       0x4c build\kernel\components\finsh\msh.o
 .text.msh_auto_complete
                0x080097fc       0xd0 build\kernel\components\finsh\msh.o
                0x080097fc                msh_auto_complete
 .text.cmd_ps   0x080098cc       0x18 build\kernel\components\finsh\msh_cmd.o
                0x080098cc                cmd_ps
 .text.cmd_time
                0x080098e4       0x18 build\kernel\components\finsh\msh_cmd.o
                0x080098e4                cmd_time
 .text.cmd_free
                0x080098fc       0x18 build\kernel\components\finsh\msh_cmd.o
                0x080098fc                cmd_free
 .text.strncpy  0x08009914       0x20 build\kernel\components\libc\compilers\minilibc\string.o
                0x08009914                strncpy
 .text.strncmp  0x08009934       0x4c build\kernel\components\libc\compilers\minilibc\string.o
                0x08009934                strncmp
 *(.rodata)
 .rodata        0x08009980        0x6 build\drivers\board.o
 *fill*         0x08009986        0x2 00000000
 .rodata        0x08009988        0x4 build\drivers\drv_gpio.o
 .rodata        0x0800998c       0x34 build\drivers\drv_usart.o
 .rodata        0x080099c0       0x17 build\kernel\src\components.o
 *fill*         0x080099d7        0x1 00000000
 .rodata        0x080099d8      0x10c build\kernel\src\device.o
 .rodata        0x08009ae4       0x32 build\kernel\src\idle.o
 *fill*         0x08009b16        0x2 00000000
 .rodata        0x08009b18      0x462 build\kernel\src\ipc.o
 *fill*         0x08009f7a        0x2 00000000
 .rodata        0x08009f7c       0xc7 build\kernel\src\kservice.o
 *fill*         0x0800a043        0x1 00000000
 .rodata        0x0800a044      0x302 build\kernel\src\mem.o
 *fill*         0x0800a346        0x2 00000000
 .rodata        0x0800a348       0x81 build\kernel\src\object.o
 *fill*         0x0800a3c9        0x3 00000000
 .rodata        0x0800a3cc       0x65 build\kernel\src\scheduler.o
 *fill*         0x0800a431        0x3 00000000
 .rodata        0x0800a434      0x18b build\kernel\src\thread.o
 *fill*         0x0800a5bf        0x1 00000000
 .rodata        0x0800a5c0       0xd7 build\kernel\src\timer.o
 *fill*         0x0800a697        0x1 00000000
 .rodata        0x0800a698      0x2ce build\kernel\libcpu\arm\cortex-m4\cpuport.o
 *fill*         0x0800a966        0x2 00000000
 .rodata        0x0800a968       0x27 build\kernel\components\drivers\misc\pin.o
 *fill*         0x0800a98f        0x1 00000000
 .rodata        0x0800a990      0x126 build\kernel\components\drivers\serial\serial.o
 *fill*         0x0800aab6        0x2 00000000
 .rodata        0x0800aab8       0x72 build\kernel\components\drivers\src\completion.o
 *fill*         0x0800ab2a        0x2 00000000
 .rodata        0x0800ab2c       0x64 build\kernel\components\drivers\src\dataqueue.o
 .rodata        0x0800ab90       0x99 build\kernel\components\finsh\shell.o
 *fill*         0x0800ac29        0x3 00000000
 .rodata        0x0800ac2c      0x6d5 build\kernel\components\finsh\cmd.o
 *fill*         0x0800b301        0x3 00000000
 .rodata        0x0800b304       0x80 build\kernel\components\finsh\msh.o
 *(.rodata*)
 .rodata.pins   0x0800b384       0xca build\drivers\drv_gpio.o
 *fill*         0x0800b44e        0x2 00000000
 .rodata.pin_irq_map
                0x0800b450       0x40 build\drivers\drv_gpio.o
 .rodata._stm32_pin_ops
                0x0800b490       0x18 build\drivers\drv_gpio.o
 .rodata.drv_uart_ops
                0x0800b4a8       0x14 build\drivers\drv_usart.o
 .rodata.__FUNCTION__.7997
                0x0800b4bc        0xe build\drivers\drv_usart.o
 *fill*         0x0800b4ca        0x2 00000000
 .rodata.__FUNCTION__.8017
                0x0800b4cc        0xc build\drivers\drv_usart.o
 .rodata.__FUNCTION__.8026
                0x0800b4d8        0x9 build\drivers\drv_usart.o
 *fill*         0x0800b4e1        0x3 00000000
 .rodata.__FUNCTION__.8035
                0x0800b4e4        0x9 build\drivers\drv_usart.o
 *fill*         0x0800b4ed        0x3 00000000
 .rodata.AHBPrescTable
                0x0800b4f0       0x10 build\Libraries\CMSIS\Device\ST\STM32F4xx\Source\Templates\system_stm32f4xx.o
                0x0800b4f0                AHBPrescTable
 .rodata.APBPrescTable
                0x0800b500        0x8 build\Libraries\CMSIS\Device\ST\STM32F4xx\Source\Templates\system_stm32f4xx.o
                0x0800b500                APBPrescTable
 .rodata.__FUNCTION__.5179
                0x0800b508       0x14 build\kernel\src\components.o
 .rodata.__FUNCTION__.5069
                0x0800b51c        0xf build\kernel\src\device.o
 *fill*         0x0800b52b        0x1 00000000
 .rodata.__FUNCTION__.5093
                0x0800b52c        0xf build\kernel\src\device.o
 *fill*         0x0800b53b        0x1 00000000
 .rodata.__FUNCTION__.5098
                0x0800b53c       0x10 build\kernel\src\device.o
 .rodata.__FUNCTION__.5105
                0x0800b54c        0xf build\kernel\src\device.o
 *fill*         0x0800b55b        0x1 00000000
 .rodata.__FUNCTION__.5112
                0x0800b55c       0x10 build\kernel\src\device.o
 .rodata.__FUNCTION__.5125
                0x0800b56c       0x1a build\kernel\src\device.o
 *fill*         0x0800b586        0x2 00000000
 .rodata.__FUNCTION__.5159
                0x0800b588       0x16 build\kernel\src\idle.o
 *fill*         0x0800b59e        0x2 00000000
 .rodata.__FUNCTION__.5165
                0x0800b5a0        0xc build\kernel\src\ipc.o
 .rodata.__FUNCTION__.5189
                0x0800b5ac        0xc build\kernel\src\ipc.o
 .rodata.__FUNCTION__.5200
                0x0800b5b8        0xf build\kernel\src\ipc.o
 *fill*         0x0800b5c7        0x1 00000000
 .rodata.__lowest_bit_bitmap
                0x0800b5c8      0x100 build\kernel\src\kservice.o
                0x0800b5c8                __lowest_bit_bitmap
 .rodata.large_digits.5298
                0x0800b6c8       0x11 build\kernel\src\kservice.o
 *fill*         0x0800b6d9        0x3 00000000
 .rodata.small_digits.5297
                0x0800b6dc       0x11 build\kernel\src\kservice.o
 *fill*         0x0800b6ed        0x3 00000000
 .rodata.name   0x0800b6f0       0x2a build\kernel\src\mem.o
                0x0800b6f0                __fsym_list_mem_name
                0x0800b6fc                __fsym_list_mem_desc
 *fill*         0x0800b71a        0x2 00000000
 .rodata.__FUNCTION__.5156
                0x0800b71c        0xb build\kernel\src\mem.o
 *fill*         0x0800b727        0x1 00000000
 .rodata.__FUNCTION__.5165
                0x0800b728       0x14 build\kernel\src\mem.o
 .rodata.__FUNCTION__.5174
                0x0800b73c        0xa build\kernel\src\mem.o
 *fill*         0x0800b746        0x2 00000000
 .rodata.__FUNCTION__.5199
                0x0800b748        0xa build\kernel\src\mem.o
 *fill*         0x0800b752        0x2 00000000
 .rodata.__FUNCTION__.5205
                0x0800b754        0x8 build\kernel\src\mem.o
 .rodata.__FUNCTION__.5185
                0x0800b75c        0xf build\kernel\src\object.o
 *fill*         0x0800b76b        0x1 00000000
 .rodata.__FUNCTION__.5190
                0x0800b76c       0x11 build\kernel\src\object.o
 *fill*         0x0800b77d        0x3 00000000
 .rodata.__FUNCTION__.5199
                0x0800b780       0x13 build\kernel\src\object.o
 *fill*         0x0800b793        0x1 00000000
 .rodata.__FUNCTION__.5204
                0x0800b794       0x11 build\kernel\src\object.o
 *fill*         0x0800b7a5        0x3 00000000
 .rodata.__FUNCTION__.5208
                0x0800b7a8       0x1a build\kernel\src\object.o
 *fill*         0x0800b7c2        0x2 00000000
 .rodata.__FUNCTION__.5212
                0x0800b7c4       0x13 build\kernel\src\object.o
 *fill*         0x0800b7d7        0x1 00000000
 .rodata.__FUNCTION__.5143
                0x0800b7d8       0x1a build\kernel\src\scheduler.o
 *fill*         0x0800b7f2        0x2 00000000
 .rodata.__FUNCTION__.5177
                0x0800b7f4       0x1a build\kernel\src\scheduler.o
 *fill*         0x0800b80e        0x2 00000000
 .rodata.__FUNCTION__.5182
                0x0800b810       0x1a build\kernel\src\scheduler.o
 *fill*         0x0800b82a        0x2 00000000
 .rodata.__FUNCTION__.5162
                0x0800b82c       0x10 build\kernel\src\thread.o
 .rodata.__FUNCTION__.5174
                0x0800b83c        0xf build\kernel\src\thread.o
 *fill*         0x0800b84b        0x1 00000000
 .rodata.__FUNCTION__.5181
                0x0800b84c       0x12 build\kernel\src\thread.o
 *fill*         0x0800b85e        0x2 00000000
 .rodata.__FUNCTION__.5237
                0x0800b860       0x12 build\kernel\src\thread.o
 *fill*         0x0800b872        0x2 00000000
 .rodata.__FUNCTION__.5242
                0x0800b874       0x11 build\kernel\src\thread.o
 *fill*         0x0800b885        0x3 00000000
 .rodata.__FUNCTION__.5247
                0x0800b888       0x12 build\kernel\src\thread.o
 *fill*         0x0800b89a        0x2 00000000
 .rodata.__FUNCTION__.5168
                0x0800b89c        0xe build\kernel\src\timer.o
 *fill*         0x0800b8aa        0x2 00000000
 .rodata.__FUNCTION__.5173
                0x0800b8ac       0x10 build\kernel\src\timer.o
 .rodata.__FUNCTION__.5197
                0x0800b8bc        0xf build\kernel\src\timer.o
 *fill*         0x0800b8cb        0x1 00000000
 .rodata.__FUNCTION__.5214
                0x0800b8cc        0xe build\kernel\src\timer.o
 *fill*         0x0800b8da        0x2 00000000
 .rodata.__FUNCTION__.5220
                0x0800b8dc       0x11 build\kernel\src\timer.o
 *fill*         0x0800b8ed        0x3 00000000
 .rodata.name   0x0800b8f0       0x6e build\kernel\components\drivers\misc\pin.o
                0x0800b8f0                __fsym_pinMode_name
                0x0800b8f8                __fsym_pinMode_desc
                0x0800b910                __fsym_pinWrite_name
                0x0800b91c                __fsym_pinWrite_desc
                0x0800b938                __fsym_pinRead_name
                0x0800b940                __fsym_pinRead_desc
 *fill*         0x0800b95e        0x2 00000000
 .rodata.__FUNCTION__.5585
                0x0800b960        0xa build\kernel\components\drivers\misc\pin.o
 *fill*         0x0800b96a        0x2 00000000
 .rodata.__FUNCTION__.5594
                0x0800b96c        0xb build\kernel\components\drivers\misc\pin.o
 *fill*         0x0800b977        0x1 00000000
 .rodata.__FUNCTION__.5602
                0x0800b978        0xd build\kernel\components\drivers\misc\pin.o
 *fill*         0x0800b985        0x3 00000000
 .rodata.__FUNCTION__.5629
                0x0800b988        0xc build\kernel\components\drivers\misc\pin.o
 .rodata.__FUNCTION__.5637
                0x0800b994        0xd build\kernel\components\drivers\misc\pin.o
 *fill*         0x0800b9a1        0x3 00000000
 .rodata.__FUNCTION__.5644
                0x0800b9a4        0xc build\kernel\components\drivers\misc\pin.o
 .rodata.__FUNCTION__.5475
                0x0800b9b0       0x1d build\kernel\components\drivers\serial\serial.o
 *fill*         0x0800b9cd        0x3 00000000
 .rodata.__FUNCTION__.5484
                0x0800b9d0       0x1d build\kernel\components\drivers\serial\serial.o
 *fill*         0x0800b9ed        0x3 00000000
 .rodata.__FUNCTION__.5490
                0x0800b9f0       0x1d build\kernel\components\drivers\serial\serial.o
 *fill*         0x0800ba0d        0x3 00000000
 .rodata.__FUNCTION__.5516
                0x0800ba10        0xf build\kernel\components\drivers\serial\serial.o
 *fill*         0x0800ba1f        0x1 00000000
 .rodata.__FUNCTION__.5523
                0x0800ba20        0xf build\kernel\components\drivers\serial\serial.o
 *fill*         0x0800ba2f        0x1 00000000
 .rodata.__FUNCTION__.5533
                0x0800ba30       0x10 build\kernel\components\drivers\serial\serial.o
 .rodata.__FUNCTION__.5546
                0x0800ba40        0xf build\kernel\components\drivers\serial\serial.o
 *fill*         0x0800ba4f        0x1 00000000
 .rodata.__FUNCTION__.5454
                0x0800ba50        0xf build\kernel\components\drivers\serial\serial.o
 *fill*         0x0800ba5f        0x1 00000000
 .rodata.__FUNCTION__.5497
                0x0800ba60        0xf build\kernel\components\drivers\serial\serial.o
 *fill*         0x0800ba6f        0x1 00000000
 .rodata.__FUNCTION__.5433
                0x0800ba70       0x10 build\kernel\components\drivers\serial\serial.o
 .rodata.__FUNCTION__.5554
                0x0800ba80       0x10 build\kernel\components\drivers\serial\serial.o
 .rodata.__FUNCTION__.5467
                0x0800ba90        0xf build\kernel\components\drivers\serial\serial.o
 *fill*         0x0800ba9f        0x1 00000000
 .rodata.__FUNCTION__.5443
                0x0800baa0       0x10 build\kernel\components\drivers\serial\serial.o
 .rodata.__FUNCTION__.5562
                0x0800bab0       0x12 build\kernel\components\drivers\serial\serial.o
 *fill*         0x0800bac2        0x2 00000000
 .rodata.__FUNCTION__.5577
                0x0800bac4       0x16 build\kernel\components\drivers\serial\serial.o
 *fill*         0x0800bada        0x2 00000000
 .rodata.__FUNCTION__.5586
                0x0800badc       0x11 build\kernel\components\drivers\serial\serial.o
 *fill*         0x0800baed        0x3 00000000
 .rodata.__FUNCTION__.5430
                0x0800baf0       0x13 build\kernel\components\drivers\src\completion.o
 *fill*         0x0800bb03        0x1 00000000
 .rodata.__FUNCTION__.5438
                0x0800bb04       0x13 build\kernel\components\drivers\src\completion.o
 *fill*         0x0800bb17        0x1 00000000
 .rodata.__FUNCTION__.5445
                0x0800bb18       0x13 build\kernel\components\drivers\src\completion.o
 *fill*         0x0800bb2b        0x1 00000000
 .rodata.__FUNCTION__.5436
                0x0800bb2c       0x13 build\kernel\components\drivers\src\dataqueue.o
 *fill*         0x0800bb3f        0x1 00000000
 .rodata.__FUNCTION__.5446
                0x0800bb40       0x13 build\kernel\components\drivers\src\dataqueue.o
 *fill*         0x0800bb53        0x1 00000000
 .rodata.__FUNCTION__.5461
                0x0800bb54       0x12 build\kernel\components\drivers\src\dataqueue.o
 *fill*         0x0800bb66        0x2 00000000
 .rodata.__FUNCTION__.5473
                0x0800bb68       0x13 build\kernel\components\drivers\src\dataqueue.o
 *fill*         0x0800bb7b        0x1 00000000
 .rodata.__FUNCTION__.5412
                0x0800bb7c       0x16 build\kernel\components\finsh\shell.o
 *fill*         0x0800bb92        0x2 00000000
 .rodata.__FUNCTION__.5417
                0x0800bb94        0xe build\kernel\components\finsh\shell.o
 *fill*         0x0800bba2        0x2 00000000
 .rodata.__FUNCTION__.5425
                0x0800bba4        0xd build\kernel\components\finsh\shell.o
 *fill*         0x0800bbb1        0x3 00000000
 .rodata.__FUNCTION__.5430
                0x0800bbb4       0x11 build\kernel\components\finsh\shell.o
 *fill*         0x0800bbc5        0x3 00000000
 .rodata.name   0x0800bbc8      0x3d6 build\kernel\components\finsh\cmd.o
                0x0800bbc8                __fsym_hello_name
                0x0800bbd0                __fsym_hello_desc
                0x0800bbe0                __fsym_version_name
                0x0800bbe8                __fsym_version_desc
                0x0800bc0c                __fsym___cmd_version_name
                0x0800bc1c                __fsym___cmd_version_desc
                0x0800bc40                __fsym_list_thread_name
                0x0800bc4c                __fsym_list_thread_desc
                0x0800bc58                __fsym___cmd_list_thread_name
                0x0800bc6c                __fsym___cmd_list_thread_desc
                0x0800bc78                __fsym_list_sem_name
                0x0800bc84                __fsym_list_sem_desc
                0x0800bca0                __fsym___cmd_list_sem_name
                0x0800bcb0                __fsym___cmd_list_sem_desc
                0x0800bccc                __fsym_list_event_name
                0x0800bcd8                __fsym_list_event_desc
                0x0800bcf0                __fsym___cmd_list_event_name
                0x0800bd04                __fsym___cmd_list_event_desc
                0x0800bd1c                __fsym_list_mutex_name
                0x0800bd28                __fsym_list_mutex_desc
                0x0800bd40                __fsym___cmd_list_mutex_name
                0x0800bd54                __fsym___cmd_list_mutex_desc
                0x0800bd6c                __fsym_list_mailbox_name
                0x0800bd7c                __fsym_list_mailbox_desc
                0x0800bd94                __fsym___cmd_list_mailbox_name
                0x0800bda8                __fsym___cmd_list_mailbox_desc
                0x0800bdc0                __fsym_list_msgqueue_name
                0x0800bdd0                __fsym_list_msgqueue_desc
                0x0800bdf0                __fsym___cmd_list_msgqueue_name
                0x0800be04                __fsym___cmd_list_msgqueue_desc
                0x0800be24                __fsym_list_memheap_name
                0x0800be34                __fsym_list_memheap_desc
                0x0800be50                __fsym___cmd_list_memheap_name
                0x0800be64                __fsym___cmd_list_memheap_desc
                0x0800be80                __fsym_list_mempool_name
                0x0800be90                __fsym_list_mempool_desc
                0x0800beac                __fsym___cmd_list_mempool_name
                0x0800bec0                __fsym___cmd_list_mempool_desc
                0x0800bedc                __fsym_list_timer_name
                0x0800bee8                __fsym_list_timer_desc
                0x0800bf00                __fsym___cmd_list_timer_name
                0x0800bf14                __fsym___cmd_list_timer_desc
                0x0800bf2c                __fsym_list_device_name
                0x0800bf38                __fsym_list_device_desc
                0x0800bf50                __fsym___cmd_list_device_name
                0x0800bf64                __fsym___cmd_list_device_desc
                0x0800bf7c                __fsym_list_name
                0x0800bf84                __fsym_list_desc
 *fill*         0x0800bf9e        0x2 00000000
 .rodata.name   0x0800bfa0       0x22 build\kernel\components\finsh\msh.o
                0x0800bfa0                __fsym___cmd_help_name
                0x0800bfac                __fsym___cmd_help_desc
 *fill*         0x0800bfc2        0x2 00000000
 .rodata.__FUNCTION__.5384
                0x0800bfc4        0xe build\kernel\components\finsh\msh.o
 *fill*         0x0800bfd2        0x2 00000000
 .rodata.name   0x0800bfd4       0x81 build\kernel\components\finsh\msh_cmd.o
                0x0800bfd4                __fsym___cmd_ps_name
                0x0800bfe0                __fsym___cmd_ps_desc
                0x0800bffc                __fsym___cmd_time_name
                0x0800c008                __fsym___cmd_time_desc
                0x0800c024                __fsym___cmd_free_name
                0x0800c030                __fsym___cmd_free_desc
 *(.glue_7)
 .glue_7        0x0800c055        0x0 linker stubs
 *(.glue_7t)
 .glue_7t       0x0800c055        0x0 linker stubs
 *(.gnu.linkonce.t*)
                0x0800c058                . = ALIGN (0x4)
 *fill*         0x0800c055        0x3 00000000
                0x0800c058                __fsymtab_start = .
 *(FSymTab)
 FSymTab        0x0800c058        0xc build\kernel\src\mem.o
                0x0800c058                __fsym_list_mem
 FSymTab        0x0800c064       0x24 build\kernel\components\drivers\misc\pin.o
                0x0800c064                __fsym_pinMode
                0x0800c070                __fsym_pinWrite
                0x0800c07c                __fsym_pinRead
 FSymTab        0x0800c088      0x120 build\kernel\components\finsh\cmd.o
                0x0800c088                __fsym_hello
                0x0800c094                __fsym_version
                0x0800c0a0                __fsym___cmd_version
                0x0800c0ac                __fsym_list_thread
                0x0800c0b8                __fsym___cmd_list_thread
                0x0800c0c4                __fsym_list_sem
                0x0800c0d0                __fsym___cmd_list_sem
                0x0800c0dc                __fsym_list_event
                0x0800c0e8                __fsym___cmd_list_event
                0x0800c0f4                __fsym_list_mutex
                0x0800c100                __fsym___cmd_list_mutex
                0x0800c10c                __fsym_list_mailbox
                0x0800c118                __fsym___cmd_list_mailbox
                0x0800c124                __fsym_list_msgqueue
                0x0800c130                __fsym___cmd_list_msgqueue
                0x0800c13c                __fsym_list_memheap
                0x0800c148                __fsym___cmd_list_memheap
                0x0800c154                __fsym_list_mempool
                0x0800c160                __fsym___cmd_list_mempool
                0x0800c16c                __fsym_list_timer
                0x0800c178                __fsym___cmd_list_timer
                0x0800c184                __fsym_list_device
                0x0800c190                __fsym___cmd_list_device
                0x0800c19c                __fsym_list
 FSymTab        0x0800c1a8        0xc build\kernel\components\finsh\msh.o
                0x0800c1a8                __fsym___cmd_help
 FSymTab        0x0800c1b4       0x24 build\kernel\components\finsh\msh_cmd.o
                0x0800c1b4                __fsym___cmd_ps
                0x0800c1c0                __fsym___cmd_time
                0x0800c1cc                __fsym___cmd_free
                0x0800c1d8                __fsymtab_end = .
                0x0800c1d8                . = ALIGN (0x4)
                0x0800c1d8                __vsymtab_start = .
 *(VSymTab)
                0x0800c1d8                __vsymtab_end = .
                0x0800c1d8                . = ALIGN (0x4)
                0x0800c1d8                . = ALIGN (0x4)
                0x0800c1d8                __rt_init_start = .
 *(SORT(.rti_fn*))
 .rti_fn.0      0x0800c1d8        0x4 build\kernel\src\components.o
                0x0800c1d8                __rt_init_rti_start
 .rti_fn.0.end  0x0800c1dc        0x4 build\kernel\src\components.o
                0x0800c1dc                __rt_init_rti_board_start
 .rti_fn.1      0x0800c1e0        0x4 build\drivers\drv_gpio.o
                0x0800c1e0                __rt_init_rt_hw_pin_init
 .rti_fn.1      0x0800c1e4        0x4 build\drivers\drv_usart.o
                0x0800c1e4                __rt_init_hw_usart_init
 .rti_fn.1.end  0x0800c1e8        0x4 build\kernel\src\components.o
                0x0800c1e8                __rt_init_rti_board_end
 .rti_fn.6      0x0800c1ec        0x4 build\kernel\components\finsh\shell.o
                0x0800c1ec                __rt_init_finsh_system_init
 .rti_fn.6.end  0x0800c1f0        0x4 build\kernel\src\components.o
                0x0800c1f0                __rt_init_rti_end
                0x0800c1f4                __rt_init_end = .
                0x0800c1f4                . = ALIGN (0x4)
                0x0800c1f4                . = ALIGN (0x4)
                0x0800c1f4                _etext = .
                0x0800c1f4                __exidx_start = .

.vfp11_veneer   0x0800c1f4        0x0
 .vfp11_veneer  0x0800c1f4        0x0 linker stubs

.v4_bx          0x0800c1f4        0x0
 .v4_bx         0x0800c1f4        0x0 linker stubs

.init           0x0800c1f4        0x4
 .init          0x0800c1f4        0x4 e:/workspace/svn/env/tools/gnu_gcc/arm_gcc/mingw/bin/../lib/gcc/arm-none-eabi/5.4.1/armv7e-m/fpu/crti.o
                0x0800c1f4                _init

.fini           0x0800c1f8        0x4
 .fini          0x0800c1f8        0x4 e:/workspace/svn/env/tools/gnu_gcc/arm_gcc/mingw/bin/../lib/gcc/arm-none-eabi/5.4.1/armv7e-m/fpu/crti.o
                0x0800c1f8                _fini

.iplt           0x0800c1fc        0x0
 .iplt          0x0800c1fc        0x0 e:/workspace/svn/env/tools/gnu_gcc/arm_gcc/mingw/bin/../lib/gcc/arm-none-eabi/5.4.1/armv7e-m/fpu/crtbegin.o

.ARM.exidx      0x0800c1fc        0x8
 *(.ARM.exidx* .gnu.linkonce.armexidx.*)
 .ARM.exidx     0x0800c1fc        0x8 e:/workspace/svn/env/tools/gnu_gcc/arm_gcc/mingw/bin/../lib/gcc/arm-none-eabi/5.4.1/armv7e-m/fpu\libgcc.a(_udivmoddi4.o)
                0x0800c204                _sidata = .
                0x0800c204                __exidx_end = .

.rel.dyn        0x0800c204        0x0
 .rel.iplt      0x0800c204        0x0 e:/workspace/svn/env/tools/gnu_gcc/arm_gcc/mingw/bin/../lib/gcc/arm-none-eabi/5.4.1/armv7e-m/fpu/crtbegin.o

.data           0x20000000      0x164 load address 0x0800c204
                0x20000000                . = ALIGN (0x4)
                0x20000000                _sdata = .
 *(.data)
 *(.data.*)
 .data.pin_irq_hdr_tab
                0x20000000       0xc0 build\drivers\drv_gpio.o
                0x20000000                pin_irq_hdr_tab
 .data.SystemCoreClock
                0x200000c0        0x4 build\Libraries\CMSIS\Device\ST\STM32F4xx\Source\Templates\system_stm32f4xx.o
                0x200000c0                SystemCoreClock
 .data.rt_object_container
                0x200000c4       0xa0 build\kernel\src\object.o
 *(.gnu.linkonce.d*)
                0x20000164                . = ALIGN (0x4)
                0x20000164                _edata = .

.igot.plt       0x20000164        0x0 load address 0x0800c368
 .igot.plt      0x20000164        0x0 e:/workspace/svn/env/tools/gnu_gcc/arm_gcc/mingw/bin/../lib/gcc/arm-none-eabi/5.4.1/armv7e-m/fpu/crtbegin.o

.stack          0x20000164      0x200 load address 0x0800c368
                0x20000364                . = (. + _system_stack_size)
 *fill*         0x20000164      0x200 
                0x20000364                . = ALIGN (0x4)
                0x20000364                _estack = .
                0x20000364                __bss_start = .

.bss            0x20000364      0x544 load address 0x0800c568
                0x20000364                . = ALIGN (0x4)
                0x20000364                _sbss = .
 *(.bss)
 *(.bss.*)
 .bss.uart2     0x20000364       0x44 build\drivers\drv_usart.o
 .bss.rt_tick   0x200003a8        0x4 build\kernel\src\clock.o
 .bss.idle      0x200003ac       0x80 build\kernel\src\idle.o
 .bss.rt_thread_stack
                0x2000042c      0x100 build\kernel\src\idle.o
 .bss.idle_hook_list
                0x2000052c       0x10 build\kernel\src\idle.o
 .bss.rt_interrupt_enter_hook
                0x2000053c        0x4 build\kernel\src\irq.o
 .bss.rt_interrupt_leave_hook
                0x20000540        0x4 build\kernel\src\irq.o
 .bss.__rt_errno
                0x20000544        0x4 build\kernel\src\kservice.o
 .bss._console_device
                0x20000548        0x4 build\kernel\src\kservice.o
 .bss.rt_log_buf.5408
                0x2000054c       0x80 build\kernel\src\kservice.o
 .bss.rt_malloc_hook
                0x200005cc        0x4 build\kernel\src\mem.o
 .bss.rt_free_hook
                0x200005d0        0x4 build\kernel\src\mem.o
 .bss.heap_ptr  0x200005d4        0x4 build\kernel\src\mem.o
 .bss.heap_end  0x200005d8        0x4 build\kernel\src\mem.o
 .bss.lfree     0x200005dc        0x4 build\kernel\src\mem.o
 .bss.heap_sem  0x200005e0       0x20 build\kernel\src\mem.o
 .bss.mem_size_aligned
                0x20000600        0x4 build\kernel\src\mem.o
 .bss.used_mem  0x20000604        0x4 build\kernel\src\mem.o
 .bss.max_mem   0x20000608        0x4 build\kernel\src\mem.o
 .bss.rt_object_attach_hook
                0x2000060c        0x4 build\kernel\src\object.o
 .bss.rt_object_detach_hook
                0x20000610        0x4 build\kernel\src\object.o
 .bss.rt_scheduler_lock_nest
                0x20000614        0x2 build\kernel\src\scheduler.o
 *fill*         0x20000616        0x2 
 .bss.rt_scheduler_hook
                0x20000618        0x4 build\kernel\src\scheduler.o
 .bss.rt_thread_suspend_hook
                0x2000061c        0x4 build\kernel\src\thread.o
 .bss.rt_thread_resume_hook
                0x20000620        0x4 build\kernel\src\thread.o
 .bss.rt_thread_inited_hook
                0x20000624        0x4 build\kernel\src\thread.o
 .bss.rt_timer_list
                0x20000628        0x8 build\kernel\src\timer.o
 .bss.rt_timer_timeout_hook
                0x20000630        0x4 build\kernel\src\timer.o
 .bss.random_nr.5196
                0x20000634        0x4 build\kernel\src\timer.o
 .bss.rt_exception_hook
                0x20000638        0x4 build\kernel\libcpu\arm\cortex-m4\cpuport.o
 .bss._hw_pin   0x2000063c       0x44 build\kernel\components\drivers\misc\pin.o
 .bss.finsh_prompt_custom
                0x20000680        0x4 build\kernel\components\finsh\shell.o
 .bss.finsh_prompt.5404
                0x20000684       0x81 build\kernel\components\finsh\shell.o
 *fill*         0x20000705        0x3 
 .bss._syscall_table_begin
                0x20000708        0x4 build\kernel\components\finsh\symbol.o
                0x20000708                _syscall_table_begin
 .bss._syscall_table_end
                0x2000070c        0x4 build\kernel\components\finsh\symbol.o
                0x2000070c                _syscall_table_end
 .bss._sysvar_table_begin
                0x20000710        0x4 build\kernel\components\finsh\symbol.o
                0x20000710                _sysvar_table_begin
 .bss._sysvar_table_end
                0x20000714        0x4 build\kernel\components\finsh\symbol.o
                0x20000714                _sysvar_table_end
 *(COMMON)
 COMMON         0x20000718       0x54 build\drivers\drv_usart.o
                0x20000718                serial2
 COMMON         0x2000076c        0x4 build\Libraries\STM32F4xx_HAL_Driver\Src\stm32f4xx_hal.o
                0x2000076c                uwTick
 COMMON         0x20000770        0x1 build\kernel\src\irq.o
                0x20000770                rt_interrupt_nest
 *fill*         0x20000771        0x3 
 COMMON         0x20000774        0x4 build\kernel\src\kservice.o
                0x20000774                rt_assert_hook
 COMMON         0x20000778        0xc build\kernel\src\object.o
                0x20000778                rt_object_put_hook
                0x2000077c                rt_object_take_hook
                0x20000780                rt_object_trytake_hook
 COMMON         0x20000784      0x114 build\kernel\src\scheduler.o
                0x20000784                rt_thread_priority_table
                0x20000884                rt_current_priority
                0x20000888                rt_current_thread
                0x2000088c                rt_thread_ready_priority_group
                0x20000890                rt_thread_defunct
 COMMON         0x20000898        0xc build\kernel\libcpu\arm\cortex-m4\cpuport.o
                0x20000898                rt_interrupt_to_thread
                0x2000089c                rt_interrupt_from_thread
                0x200008a0                rt_thread_switch_interrupt_flag
 COMMON         0x200008a4        0x4 build\kernel\components\finsh\shell.o
                0x200008a4                shell
                0x200008a8                . = ALIGN (0x4)
                0x200008a8                _ebss = .
 *(.bss.init)
                0x200008a8                __bss_end = .
                0x200008a8                _end = .

.stab
 *(.stab)

.stabstr
 *(.stabstr)

.stab.excl
 *(.stab.excl)

.stab.exclstr
 *(.stab.exclstr)

.stab.index
 *(.stab.index)

.stab.indexstr
 *(.stab.indexstr)

.comment        0x00000000       0x6e
 *(.comment)
 .comment       0x00000000       0x6e build\applications\main.o
                                 0x6f (size before relaxing)
 .comment       0x0000006e       0x6f build\drivers\board.o
 .comment       0x0000006e       0x6f build\drivers\stm32f4xx_it.o
 .comment       0x0000006e       0x6f build\drivers\drv_gpio.o
 .comment       0x0000006e       0x6f build\drivers\drv_usart.o
 .comment       0x0000006e       0x6f build\Libraries\CMSIS\Device\ST\STM32F4xx\Source\Templates\system_stm32f4xx.o
 .comment       0x0000006e       0x6f build\Libraries\STM32F4xx_HAL_Driver\Src\stm32f4xx_hal.o
 .comment       0x0000006e       0x6f build\Libraries\STM32F4xx_HAL_Driver\Src\stm32f4xx_hal_cortex.o
 .comment       0x0000006e       0x6f build\Libraries\STM32F4xx_HAL_Driver\Src\stm32f4xx_hal_gpio.o
 .comment       0x0000006e       0x6f build\Libraries\STM32F4xx_HAL_Driver\Src\stm32f4xx_hal_rcc.o
 .comment       0x0000006e       0x6f build\Libraries\STM32F4xx_HAL_Driver\Src\stm32f4xx_hal_uart.o
 .comment       0x0000006e       0x6f build\kernel\src\clock.o
 .comment       0x0000006e       0x6f build\kernel\src\components.o
 .comment       0x0000006e       0x6f build\kernel\src\device.o
 .comment       0x0000006e       0x6f build\kernel\src\idle.o
 .comment       0x0000006e       0x6f build\kernel\src\ipc.o
 .comment       0x0000006e       0x6f build\kernel\src\irq.o
 .comment       0x0000006e       0x6f build\kernel\src\kservice.o
 .comment       0x0000006e       0x6f build\kernel\src\mem.o
 .comment       0x0000006e       0x6f build\kernel\src\object.o
 .comment       0x0000006e       0x6f build\kernel\src\scheduler.o
 .comment       0x0000006e       0x6f build\kernel\src\thread.o
 .comment       0x0000006e       0x6f build\kernel\src\timer.o
 .comment       0x0000006e       0x6f build\kernel\libcpu\arm\cortex-m4\cpuport.o
 .comment       0x0000006e       0x6f build\kernel\components\drivers\misc\pin.o
 .comment       0x0000006e       0x6f build\kernel\components\drivers\serial\serial.o
 .comment       0x0000006e       0x6f build\kernel\components\drivers\src\completion.o
 .comment       0x0000006e       0x6f build\kernel\components\drivers\src\dataqueue.o
 .comment       0x0000006e       0x6f build\kernel\components\finsh\shell.o
 .comment       0x0000006e       0x6f build\kernel\components\finsh\symbol.o
 .comment       0x0000006e       0x6f build\kernel\components\finsh\cmd.o
 .comment       0x0000006e       0x6f build\kernel\components\finsh\msh.o
 .comment       0x0000006e       0x6f build\kernel\components\finsh\msh_cmd.o
 .comment       0x0000006e       0x6f build\kernel\components\libc\compilers\minilibc\string.o

.ARM.attributes
                0x00000000       0x30
 .ARM.attributes
                0x00000000       0x22 e:/workspace/svn/env/tools/gnu_gcc/arm_gcc/mingw/bin/../lib/gcc/arm-none-eabi/5.4.1/armv7e-m/fpu/crti.o
 .ARM.attributes
                0x00000022       0x39 build\applications\main.o
 .ARM.attributes
                0x0000005b       0x39 build\drivers\board.o
 .ARM.attributes
                0x00000094       0x39 build\drivers\stm32f4xx_it.o
 .ARM.attributes
                0x000000cd       0x39 build\drivers\drv_gpio.o
 .ARM.attributes
                0x00000106       0x39 build\drivers\drv_usart.o
 .ARM.attributes
                0x0000013f       0x39 build\Libraries\CMSIS\Device\ST\STM32F4xx\Source\Templates\system_stm32f4xx.o
 .ARM.attributes
                0x00000178       0x21 build\Libraries\CMSIS\Device\ST\STM32F4xx\Source\Templates\gcc\gcc_startup.o
 .ARM.attributes
                0x00000199       0x21 build\Libraries\CMSIS\Device\ST\STM32F4xx\Source\Templates\gcc\startup_stm32f407xx.o
 .ARM.attributes
                0x000001ba       0x39 build\Libraries\STM32F4xx_HAL_Driver\Src\stm32f4xx_hal.o
 .ARM.attributes
                0x000001f3       0x39 build\Libraries\STM32F4xx_HAL_Driver\Src\stm32f4xx_hal_cortex.o
 .ARM.attributes
                0x0000022c       0x39 build\Libraries\STM32F4xx_HAL_Driver\Src\stm32f4xx_hal_gpio.o
 .ARM.attributes
                0x00000265       0x39 build\Libraries\STM32F4xx_HAL_Driver\Src\stm32f4xx_hal_rcc.o
 .ARM.attributes
                0x0000029e       0x39 build\Libraries\STM32F4xx_HAL_Driver\Src\stm32f4xx_hal_uart.o
 .ARM.attributes
                0x000002d7       0x39 build\kernel\src\clock.o
 .ARM.attributes
                0x00000310       0x39 build\kernel\src\components.o
 .ARM.attributes
                0x00000349       0x39 build\kernel\src\device.o
 .ARM.attributes
                0x00000382       0x39 build\kernel\src\idle.o
 .ARM.attributes
                0x000003bb       0x39 build\kernel\src\ipc.o
 .ARM.attributes
                0x000003f4       0x39 build\kernel\src\irq.o
 .ARM.attributes
                0x0000042d       0x39 build\kernel\src\kservice.o
 .ARM.attributes
                0x00000466       0x39 build\kernel\src\mem.o
 .ARM.attributes
                0x0000049f       0x39 build\kernel\src\object.o
 .ARM.attributes
                0x000004d8       0x39 build\kernel\src\scheduler.o
 .ARM.attributes
                0x00000511       0x39 build\kernel\src\thread.o
 .ARM.attributes
                0x0000054a       0x39 build\kernel\src\timer.o
 .ARM.attributes
                0x00000583       0x39 build\kernel\libcpu\arm\cortex-m4\cpuport.o
 .ARM.attributes
                0x000005bc       0x25 build\kernel\libcpu\arm\cortex-m4\context_gcc.o
 .ARM.attributes
                0x000005e1       0x39 build\kernel\components\drivers\misc\pin.o
 .ARM.attributes
                0x0000061a       0x39 build\kernel\components\drivers\serial\serial.o
 .ARM.attributes
                0x00000653       0x39 build\kernel\components\drivers\src\completion.o
 .ARM.attributes
                0x0000068c       0x39 build\kernel\components\drivers\src\dataqueue.o
 .ARM.attributes
                0x000006c5       0x39 build\kernel\components\finsh\shell.o
 .ARM.attributes
                0x000006fe       0x39 build\kernel\components\finsh\symbol.o
 .ARM.attributes
                0x00000737       0x39 build\kernel\components\finsh\cmd.o
 .ARM.attributes
                0x00000770       0x39 build\kernel\components\finsh\msh.o
 .ARM.attributes
                0x000007a9       0x39 build\kernel\components\finsh\msh_cmd.o
 .ARM.attributes
                0x000007e2       0x39 build\kernel\components\libc\compilers\minilibc\string.o
 .ARM.attributes
                0x0000081b       0x22 e:/workspace/svn/env/tools/gnu_gcc/arm_gcc/mingw/bin/../lib/gcc/arm-none-eabi/5.4.1/armv7e-m/fpu\libgcc.a(_aeabi_uldivmod.o)
 .ARM.attributes
                0x0000083d       0x34 e:/workspace/svn/env/tools/gnu_gcc/arm_gcc/mingw/bin/../lib/gcc/arm-none-eabi/5.4.1/armv7e-m/fpu\libgcc.a(_udivmoddi4.o)
 .ARM.attributes
                0x00000871       0x22 e:/workspace/svn/env/tools/gnu_gcc/arm_gcc/mingw/bin/../lib/gcc/arm-none-eabi/5.4.1/armv7e-m/fpu\libgcc.a(_dvmd_tls.o)

.debug
 *(.debug)

.line
 *(.line)

.debug_srcinfo
 *(.debug_srcinfo)

.debug_sfnames
 *(.debug_sfnames)

.debug_aranges  0x00000000     0x13a8
 *(.debug_aranges)
 .debug_aranges
                0x00000000       0x20 build\applications\main.o
 .debug_aranges
                0x00000020       0x58 build\drivers\board.o
 .debug_aranges
                0x00000078       0x40 build\drivers\stm32f4xx_it.o
 .debug_aranges
                0x000000b8       0xb8 build\drivers\drv_gpio.o
 .debug_aranges
                0x00000170       0x68 build\drivers\drv_usart.o
 .debug_aranges
                0x000001d8       0x28 build\Libraries\CMSIS\Device\ST\STM32F4xx\Source\Templates\system_stm32f4xx.o
 .debug_aranges
                0x00000200       0x20 build\Libraries\CMSIS\Device\ST\STM32F4xx\Source\Templates\gcc\gcc_startup.o
 .debug_aranges
                0x00000220       0x28 build\Libraries\CMSIS\Device\ST\STM32F4xx\Source\Templates\gcc\startup_stm32f407xx.o
 .debug_aranges
                0x00000248       0xc8 build\Libraries\STM32F4xx_HAL_Driver\Src\stm32f4xx_hal.o
 .debug_aranges
                0x00000310      0x118 build\Libraries\STM32F4xx_HAL_Driver\Src\stm32f4xx_hal_cortex.o
 .debug_aranges
                0x00000428       0x58 build\Libraries\STM32F4xx_HAL_Driver\Src\stm32f4xx_hal_gpio.o
 .debug_aranges
                0x00000480       0x88 build\Libraries\STM32F4xx_HAL_Driver\Src\stm32f4xx_hal_rcc.o
 .debug_aranges
                0x00000508      0x1d0 build\Libraries\STM32F4xx_HAL_Driver\Src\stm32f4xx_hal_uart.o
 .debug_aranges
                0x000006d8       0x40 build\kernel\src\clock.o
 .debug_aranges
                0x00000718       0x68 build\kernel\src\components.o
 .debug_aranges
                0x00000780       0x88 build\kernel\src\device.o
 .debug_aranges
                0x00000808       0x58 build\kernel\src\idle.o
 .debug_aranges
                0x00000860      0x180 build\kernel\src\ipc.o
 .debug_aranges
                0x000009e0       0x40 build\kernel\src\irq.o
 .debug_aranges
                0x00000a20      0x120 build\kernel\src\kservice.o
 .debug_aranges
                0x00000b40       0x68 build\kernel\src\mem.o
 .debug_aranges
                0x00000ba8       0x98 build\kernel\src\object.o
 .debug_aranges
                0x00000c40       0x88 build\kernel\src\scheduler.o
 .debug_aranges
                0x00000cc8       0xd8 build\kernel\src\thread.o
 .debug_aranges
                0x00000da0       0xb0 build\kernel\src\timer.o
 .debug_aranges
                0x00000e50       0x60 build\kernel\libcpu\arm\cortex-m4\cpuport.o
 .debug_aranges
                0x00000eb0       0x20 build\kernel\libcpu\arm\cortex-m4\context_gcc.o
 .debug_aranges
                0x00000ed0       0x68 build\kernel\components\drivers\misc\pin.o
 .debug_aranges
                0x00000f38       0xa8 build\kernel\components\drivers\serial\serial.o
 .debug_aranges
                0x00000fe0       0x48 build\kernel\components\drivers\src\completion.o
 .debug_aranges
                0x00001028       0x58 build\kernel\components\drivers\src\dataqueue.o
 .debug_aranges
                0x00001080       0xa0 build\kernel\components\finsh\shell.o
 .debug_aranges
                0x00001120       0x18 build\kernel\components\finsh\symbol.o
 .debug_aranges
                0x00001138       0xf8 build\kernel\components\finsh\cmd.o
 .debug_aranges
                0x00001230       0x58 build\kernel\components\finsh\msh.o
 .debug_aranges
                0x00001288       0x30 build\kernel\components\finsh\msh_cmd.o
 .debug_aranges
                0x000012b8       0xf0 build\kernel\components\libc\compilers\minilibc\string.o

.debug_pubnames
 *(.debug_pubnames)

.debug_info     0x00000000    0x15073
 *(.debug_info .gnu.linkonce.wi.*)
 .debug_info    0x00000000       0xdf build\applications\main.o
 .debug_info    0x000000df      0x7c5 build\drivers\board.o
 .debug_info    0x000008a4      0x10a build\drivers\stm32f4xx_it.o
 .debug_info    0x000009ae     0x115b build\drivers\drv_gpio.o
 .debug_info    0x00001b09     0x15bd build\drivers\drv_usart.o
 .debug_info    0x000030c6      0x54b build\Libraries\CMSIS\Device\ST\STM32F4xx\Source\Templates\system_stm32f4xx.o
 .debug_info    0x00003611       0xbe build\Libraries\CMSIS\Device\ST\STM32F4xx\Source\Templates\gcc\gcc_startup.o
 .debug_info    0x000036cf       0xc2 build\Libraries\CMSIS\Device\ST\STM32F4xx\Source\Templates\gcc\startup_stm32f407xx.o
 .debug_info    0x00003791      0x8b7 build\Libraries\STM32F4xx_HAL_Driver\Src\stm32f4xx_hal.o
 .debug_info    0x00004048      0xe8a build\Libraries\STM32F4xx_HAL_Driver\Src\stm32f4xx_hal_cortex.o
 .debug_info    0x00004ed2      0x786 build\Libraries\STM32F4xx_HAL_Driver\Src\stm32f4xx_hal_gpio.o
 .debug_info    0x00005658      0x92b build\Libraries\STM32F4xx_HAL_Driver\Src\stm32f4xx_hal_rcc.o
 .debug_info    0x00005f83     0x12d6 build\Libraries\STM32F4xx_HAL_Driver\Src\stm32f4xx_hal_uart.o
 .debug_info    0x00007259      0x439 build\kernel\src\clock.o
 .debug_info    0x00007692      0x54b build\kernel\src\components.o