Archive member included to satisfy reference by file (symbol)

e:/workspace/svn/env/tools/gnu_gcc/arm_gcc/mingw/bin/../lib/gcc/arm-none-eabi/5.4.1/armv7e-m/fpu\libgcc.a(_arm_addsubdf3.o)
                              build\kernel\components\libc\compilers\minilibc\math.o (__aeabi_dsub)
e:/workspace/svn/env/tools/gnu_gcc/arm_gcc/mingw/bin/../lib/gcc/arm-none-eabi/5.4.1/armv7e-m/fpu\libgcc.a(_arm_muldivdf3.o)
                              build\kernel\components\libc\compilers\minilibc\math.o (__aeabi_dmul)
e:/workspace/svn/env/tools/gnu_gcc/arm_gcc/mingw/bin/../lib/gcc/arm-none-eabi/5.4.1/armv7e-m/fpu\libgcc.a(_arm_fixdfsi.o)
                              build\kernel\components\libc\compilers\minilibc\math.o (__aeabi_d2iz)
e:/workspace/svn/env/tools/gnu_gcc/arm_gcc/mingw/bin/../lib/gcc/arm-none-eabi/5.4.1/armv7e-m/fpu\libgcc.a(_aeabi_uldivmod.o)
                              build\Libraries\STM32F4xx_HAL_Driver\Src\stm32f4xx_hal_rcc.o (__aeabi_uldivmod)
e:/workspace/svn/env/tools/gnu_gcc/arm_gcc/mingw/bin/../lib/gcc/arm-none-eabi/5.4.1/armv7e-m/fpu\libgcc.a(_udivmoddi4.o)
                              e:/workspace/svn/env/tools/gnu_gcc/arm_gcc/mingw/bin/../lib/gcc/arm-none-eabi/5.4.1/armv7e-m/fpu\libgcc.a(_aeabi_uldivmod.o) (__udivmoddi4)
e:/workspace/svn/env/tools/gnu_gcc/arm_gcc/mingw/bin/../lib/gcc/arm-none-eabi/5.4.1/armv7e-m/fpu\libgcc.a(_dvmd_tls.o)
                              e:/workspace/svn/env/tools/gnu_gcc/arm_gcc/mingw/bin/../lib/gcc/arm-none-eabi/5.4.1/armv7e-m/fpu\libgcc.a(_aeabi_uldivmod.o) (__aeabi_ldiv0)
e:/workspace/svn/env/tools/gnu_gcc/arm_gcc/mingw/bin/../lib/gcc/arm-none-eabi/5.4.1/../../../../arm-none-eabi/lib/armv7e-m/fpu\libc.a(lib_a-exit.o)
                              e:/workspace/svn/env/tools/gnu_gcc/arm_gcc/mingw/bin/../lib/gcc/arm-none-eabi/5.4.1/../../../../arm-none-eabi/lib/armv7e-m/fpu/crt0.o (exit)
e:/workspace/svn/env/tools/gnu_gcc/arm_gcc/mingw/bin/../lib/gcc/arm-none-eabi/5.4.1/../../../../arm-none-eabi/lib/armv7e-m/fpu\libc.a(lib_a-impure.o)
                              e:/workspace/svn/env/tools/gnu_gcc/arm_gcc/mingw/bin/../lib/gcc/arm-none-eabi/5.4.1/../../../../arm-none-eabi/lib/armv7e-m/fpu\libc.a(lib_a-exit.o) (_global_impure_ptr)
e:/workspace/svn/env/tools/gnu_gcc/arm_gcc/mingw/bin/../lib/gcc/arm-none-eabi/5.4.1/../../../../arm-none-eabi/lib/armv7e-m/fpu\libc.a(lib_a-init.o)
                              e:/workspace/svn/env/tools/gnu_gcc/arm_gcc/mingw/bin/../lib/gcc/arm-none-eabi/5.4.1/../../../../arm-none-eabi/lib/armv7e-m/fpu/crt0.o (__libc_init_array)
e:/workspace/svn/env/tools/gnu_gcc/arm_gcc/mingw/bin/../lib/gcc/arm-none-eabi/5.4.1/../../../../arm-none-eabi/lib/armv7e-m/fpu\libc.a(lib_a-__call_atexit.o)
                              e:/workspace/svn/env/tools/gnu_gcc/arm_gcc/mingw/bin/../lib/gcc/arm-none-eabi/5.4.1/../../../../arm-none-eabi/lib/armv7e-m/fpu\libc.a(lib_a-exit.o) (__call_exitprocs)
e:/workspace/svn/env/tools/gnu_gcc/arm_gcc/mingw/bin/../lib/gcc/arm-none-eabi/5.4.1/../../../../arm-none-eabi/lib/armv7e-m/fpu\libc.a(lib_a-atexit.o)
                              e:/workspace/svn/env/tools/gnu_gcc/arm_gcc/mingw/bin/../lib/gcc/arm-none-eabi/5.4.1/../../../../arm-none-eabi/lib/armv7e-m/fpu\libc.a(lib_a-__call_atexit.o) (atexit)
e:/workspace/svn/env/tools/gnu_gcc/arm_gcc/mingw/bin/../lib/gcc/arm-none-eabi/5.4.1/../../../../arm-none-eabi/lib/armv7e-m/fpu\libc.a(lib_a-fini.o)
                              e:/workspace/svn/env/tools/gnu_gcc/arm_gcc/mingw/bin/../lib/gcc/arm-none-eabi/5.4.1/../../../../arm-none-eabi/lib/armv7e-m/fpu\libc.a(lib_a-__call_atexit.o) (__libc_fini_array)
e:/workspace/svn/env/tools/gnu_gcc/arm_gcc/mingw/bin/../lib/gcc/arm-none-eabi/5.4.1/../../../../arm-none-eabi/lib/armv7e-m/fpu\libc.a(lib_a-__atexit.o)
                              e:/workspace/svn/env/tools/gnu_gcc/arm_gcc/mingw/bin/../lib/gcc/arm-none-eabi/5.4.1/../../../../arm-none-eabi/lib/armv7e-m/fpu\libc.a(lib_a-atexit.o) (__register_exitproc)

Allocating common symbols
Common symbol       size              file

rt_interrupt_to_thread
                    0x4               build\kernel\libcpu\arm\cortex-m4\cpuport.o
rt_interrupt_from_thread
                    0x4               build\kernel\libcpu\arm\cortex-m4\cpuport.o
shell               0x4               build\kernel\components\finsh\shell.o
rt_thread_switch_interrupt_flag
                    0x4               build\kernel\libcpu\arm\cortex-m4\cpuport.o
uwTick              0x4               build\Libraries\STM32F4xx_HAL_Driver\Src\stm32f4xx_hal.o
pFlash              0x20              build\Libraries\STM32F4xx_HAL_Driver\Src\stm32f4xx_hal_flash.o
rt_thread_priority_table
                    0x100             build\kernel\src\scheduler.o
rt_object_put_hook  0x4               build\kernel\src\object.o
rt_current_priority
                    0x1               build\kernel\src\scheduler.o
filesystem_table    0x20              build\kernel\components\dfs\src\dfs.o
[...]
Memory Configuration

Name             Origin             Length             Attributes
CODE             0x08000000         0x00100000         xr
DATA             0x20000000         0x00020000         rw
*default*        0x00000000         0xffffffff

Linker script and memory map

LOAD e:/workspace/svn/env/tools/gnu_gcc/arm_gcc/mingw/bin/../lib/gcc/arm-none-eabi/5.4.1/armv7e-m/fpu/crti.o
LOAD e:/workspace/svn/env/tools/gnu_gcc/arm_gcc/mingw/bin/../lib/gcc/arm-none-eabi/5.4.1/armv7e-m/fpu/crtbegin.o
LOAD e:/workspace/svn/env/tools/gnu_gcc/arm_gcc/mingw/bin/../lib/gcc/arm-none-eabi/5.4.1/../../../../arm-none-eabi/lib/armv7e-m/fpu/crt0.o
LOAD build\applications\main.o
LOAD build\drivers\board.o
LOAD build\drivers\stm32f4xx_it.o
LOAD build\drivers\drv_gpio.o
LOAD build\drivers\drv_usart.o
LOAD build\Libraries\CMSIS\Device\ST\STM32F4xx\Source\Templates\system_stm32f4xx.o
LOAD build\Libraries\CMSIS\Device\ST\STM32F4xx\Source\Templates\gcc\gcc_startup.o
LOAD build\Libraries\CMSIS\Device\ST\STM32F4xx\Source\Templates\gcc\startup_stm32f407xx.o
LOAD build\Libraries\STM32F4xx_HAL_Driver\Src\stm32f4xx_hal.o
LOAD build\Libraries\STM32F4xx_HAL_Driver\Src\stm32f4xx_hal_adc.o
LOAD build\Libraries\STM32F4xx_HAL_Driver\Src\stm32f4xx_hal_adc_ex.o
LOAD build\Libraries\STM32F4xx_HAL_Driver\Src\stm32f4xx_hal_can.o
LOAD build\Libraries\STM32F4xx_HAL_Driver\Src\stm32f4xx_hal_cec.o
LOAD build\Libraries\STM32F4xx_HAL_Driver\Src\stm32f4xx_hal_cortex.o
LOAD build\Libraries\STM32F4xx_HAL_Driver\Src\stm32f4xx_hal_crc.o
LOAD build\Libraries\STM32F4xx_HAL_Driver\Src\stm32f4xx_hal_cryp.o
LOAD build\Libraries\STM32F4xx_HAL_Driver\Src\stm32f4xx_hal_cryp_ex.o
LOAD build\Libraries\STM32F4xx_HAL_Driver\Src\stm32f4xx_hal_dac.o
LOAD build\Libraries\STM32F4xx_HAL_Driver\Src\stm32f4xx_hal_dac_ex.o
LOAD build\Libraries\STM32F4xx_HAL_Driver\Src\stm32f4xx_hal_dcmi.o
LOAD build\Libraries\STM32F4xx_HAL_Driver\Src\stm32f4xx_hal_dcmi_ex.o
LOAD build\Libraries\STM32F4xx_HAL_Driver\Src\stm32f4xx_hal_dfsdm.o
LOAD build\Libraries\STM32F4xx_HAL_Driver\Src\stm32f4xx_hal_dma.o
LOAD build\Libraries\STM32F4xx_HAL_Driver\Src\stm32f4xx_hal_dma2d.o
LOAD build\Libraries\STM32F4xx_HAL_Driver\Src\stm32f4xx_hal_dma_ex.o
LOAD build\Libraries\STM32F4xx_HAL_Driver\Src\stm32f4xx_hal_dsi.o
LOAD build\Libraries\STM32F4xx_HAL_Driver\Src\stm32f4xx_hal_eth.o
LOAD build\Libraries\STM32F4xx_HAL_Driver\Src\stm32f4xx_hal_flash.o
LOAD build\Libraries\STM32F4xx_HAL_Driver\Src\stm32f4xx_hal_flash_ex.o
LOAD build\Libraries\STM32F4xx_HAL_Driver\Src\stm32f4xx_hal_flash_ramfunc.o
LOAD build\Libraries\STM32F4xx_HAL_Driver\Src\stm32f4xx_hal_fmpi2c.o
LOAD build\Libraries\STM32F4xx_HAL_Driver\Src\stm32f4xx_hal_fmpi2c_ex.o
LOAD build\Libraries\STM32F4xx_HAL_Driver\Src\stm32f4xx_hal_gpio.o
LOAD build\Libraries\STM32F4xx_HAL_Driver\Src\stm32f4xx_hal_hash.o
LOAD build\Libraries\STM32F4xx_HAL_Driver\Src\stm32f4xx_hal_hash_ex.o
LOAD build\Libraries\STM32F4xx_HAL_Driver\Src\stm32f4xx_hal_hcd.o
LOAD build\Libraries\STM32F4xx_HAL_Driver\Src\stm32f4xx_hal_i2c.o
LOAD build\Libraries\STM32F4xx_HAL_Driver\Src\stm32f4xx_hal_i2c_ex.o
LOAD build\Libraries\STM32F4xx_HAL_Driver\Src\stm32f4xx_hal_i2s.o
LOAD build\Libraries\STM32F4xx_HAL_Driver\Src\stm32f4xx_hal_i2s_ex.o
LOAD build\Libraries\STM32F4xx_HAL_Driver\Src\stm32f4xx_hal_irda.o
LOAD build\Libraries\STM32F4xx_HAL_Driver\Src\stm32f4xx_hal_iwdg.o
LOAD build\Libraries\STM32F4xx_HAL_Driver\Src\stm32f4xx_hal_lptim.o
LOAD build\Libraries\STM32F4xx_HAL_Driver\Src\stm32f4xx_hal_ltdc.o
LOAD build\Libraries\STM32F4xx_HAL_Driver\Src\stm32f4xx_hal_ltdc_ex.o
LOAD build\Libraries\STM32F4xx_HAL_Driver\Src\stm32f4xx_hal_mmc.o
LOAD build\Libraries\STM32F4xx_HAL_Driver\Src\stm32f4xx_hal_nand.o
LOAD build\Libraries\STM32F4xx_HAL_Driver\Src\stm32f4xx_hal_nor.o
LOAD build\Libraries\STM32F4xx_HAL_Driver\Src\stm32f4xx_hal_pccard.o
LOAD build\Libraries\STM32F4xx_HAL_Driver\Src\stm32f4xx_hal_pcd.o
LOAD build\Libraries\STM32F4xx_HAL_Driver\Src\stm32f4xx_hal_pcd_ex.o
LOAD build\Libraries\STM32F4xx_HAL_Driver\Src\stm32f4xx_hal_pwr.o
LOAD build\Libraries\STM32F4xx_HAL_Driver\Src\stm32f4xx_hal_pwr_ex.o
LOAD build\Libraries\STM32F4xx_HAL_Driver\Src\stm32f4xx_hal_qspi.o
LOAD build\Libraries\STM32F4xx_HAL_Driver\Src\stm32f4xx_hal_rcc.o
LOAD build\Libraries\STM32F4xx_HAL_Driver\Src\stm32f4xx_hal_rcc_ex.o
LOAD build\Libraries\STM32F4xx_HAL_Driver\Src\stm32f4xx_hal_rng.o
LOAD build\Libraries\STM32F4xx_HAL_Driver\Src\stm32f4xx_hal_rtc.o
LOAD build\Libraries\STM32F4xx_HAL_Driver\Src\stm32f4xx_hal_rtc_ex.o
LOAD build\Libraries\STM32F4xx_HAL_Driver\Src\stm32f4xx_hal_sai.o
LOAD build\Libraries\STM32F4xx_HAL_Driver\Src\stm32f4xx_hal_sai_ex.o
LOAD build\Libraries\STM32F4xx_HAL_Driver\Src\stm32f4xx_hal_sd.o
LOAD build\Libraries\STM32F4xx_HAL_Driver\Src\stm32f4xx_hal_sdram.o
LOAD build\Libraries\STM32F4xx_HAL_Driver\Src\stm32f4xx_hal_smartcard.o
LOAD build\Libraries\STM32F4xx_HAL_Driver\Src\stm32f4xx_hal_spdifrx.o
LOAD build\Libraries\STM32F4xx_HAL_Driver\Src\stm32f4xx_hal_spi.o
LOAD build\Libraries\STM32F4xx_HAL_Driver\Src\stm32f4xx_hal_sram.o
LOAD build\Libraries\STM32F4xx_HAL_Driver\Src\stm32f4xx_hal_tim.o
LOAD build\Libraries\STM32F4xx_HAL_Driver\Src\stm32f4xx_hal_tim_ex.o
LOAD build\Libraries\STM32F4xx_HAL_Driver\Src\stm32f4xx_hal_uart.o
LOAD build\Libraries\STM32F4xx_HAL_Driver\Src\stm32f4xx_hal_usart.o
LOAD build\Libraries\STM32F4xx_HAL_Driver\Src\stm32f4xx_hal_wwdg.o
LOAD build\Libraries\STM32F4xx_HAL_Driver\Src\stm32f4xx_ll_adc.o
LOAD build\Libraries\STM32F4xx_HAL_Driver\Src\stm32f4xx_ll_crc.o
LOAD build\Libraries\STM32F4xx_HAL_Driver\Src\stm32f4xx_ll_dac.o
LOAD build\Libraries\STM32F4xx_HAL_Driver\Src\stm32f4xx_ll_dma.o
LOAD build\Libraries\STM32F4xx_HAL_Driver\Src\stm32f4xx_ll_dma2d.o
LOAD build\Libraries\STM32F4xx_HAL_Driver\Src\stm32f4xx_ll_exti.o
LOAD build\Libraries\STM32F4xx_HAL_Driver\Src\stm32f4xx_ll_fmc.o
LOAD build\Libraries\STM32F4xx_HAL_Driver\Src\stm32f4xx_ll_fsmc.o
LOAD build\Libraries\STM32F4xx_HAL_Driver\Src\stm32f4xx_ll_gpio.o
LOAD build\Libraries\STM32F4xx_HAL_Driver\Src\stm32f4xx_ll_i2c.o
LOAD build\Libraries\STM32F4xx_HAL_Driver\Src\stm32f4xx_ll_lptim.o
LOAD build\Libraries\STM32F4xx_HAL_Driver\Src\stm32f4xx_ll_pwr.o
LOAD build\Libraries\STM32F4xx_HAL_Driver\Src\stm32f4xx_ll_rcc.o
LOAD build\Libraries\STM32F4xx_HAL_Driver\Src\stm32f4xx_ll_rng.o
LOAD build\Libraries\STM32F4xx_HAL_Driver\Src\stm32f4xx_ll_rtc.o
LOAD build\Libraries\STM32F4xx_HAL_Driver\Src\stm32f4xx_ll_sdmmc.o
LOAD build\Libraries\STM32F4xx_HAL_Driver\Src\stm32f4xx_ll_spi.o
LOAD build\Libraries\STM32F4xx_HAL_Driver\Src\stm32f4xx_ll_tim.o
LOAD build\Libraries\STM32F4xx_HAL_Driver\Src\stm32f4xx_ll_usart.o
LOAD build\Libraries\STM32F4xx_HAL_Driver\Src\stm32f4xx_ll_usb.o
LOAD build\Libraries\STM32F4xx_HAL_Driver\Src\stm32f4xx_ll_utils.o
LOAD build\kernel\src\clock.o
LOAD build\kernel\src\components.o
LOAD build\kernel\src\device.o
LOAD build\kernel\src\idle.o
LOAD build\kernel\src\ipc.o
LOAD build\kernel\src\irq.o
LOAD build\kernel\src\kservice.o
LOAD build\kernel\src\mem.o
LOAD build\kernel\src\memheap.o
LOAD build\kernel\src\mempool.o
LOAD build\kernel\src\object.o
LOAD build\kernel\src\scheduler.o
LOAD build\kernel\src\signal.o
LOAD build\kernel\src\thread.o
LOAD build\kernel\src\timer.o
LOAD build\kernel\libcpu\arm\cortex-m4\cpuport.o
LOAD build\kernel\libcpu\arm\cortex-m4\context_gcc.o
LOAD build\kernel\libcpu\arm\common\backtrace.o
LOAD build\kernel\libcpu\arm\common\div0.o
LOAD build\kernel\libcpu\arm\common\showmem.o
LOAD build\kernel\components\dfs\src\dfs.o
LOAD build\kernel\components\dfs\src\dfs_file.o
LOAD build\kernel\components\dfs\src\dfs_fs.o
LOAD build\kernel\components\dfs\src\dfs_posix.o
LOAD build\kernel\components\dfs\filesystems\devfs\devfs.o
LOAD build\kernel\components\drivers\misc\pin.o
LOAD build\kernel\components\drivers\sdio\block_dev.o
LOAD build\kernel\components\drivers\sdio\mmcsd_core.o
LOAD build\kernel\components\drivers\sdio\sd.o
LOAD build\kernel\components\drivers\sdio\sdio.o
LOAD build\kernel\components\drivers\sdio\mmc.o
LOAD build\kernel\components\drivers\serial\serial.o
LOAD build\kernel\components\drivers\src\completion.o
LOAD build\kernel\components\drivers\src\dataqueue.o
LOAD build\kernel\components\drivers\src\pipe.o
LOAD build\kernel\components\drivers\src\ringbuffer.o
LOAD build\kernel\components\drivers\src\waitqueue.o
LOAD build\kernel\components\drivers\src\workqueue.o
LOAD build\kernel\components\finsh\shell.o
LOAD build\kernel\components\finsh\symbol.o
LOAD build\kernel\components\finsh\cmd.o
LOAD build\kernel\components\finsh\msh.o
LOAD build\kernel\components\finsh\msh_cmd.o
LOAD build\kernel\components\finsh\msh_file.o
LOAD build\kernel\components\libc\compilers\minilibc\ctype.o
LOAD build\kernel\components\libc\compilers\minilibc\math.o
LOAD build\kernel\components\libc\compilers\minilibc\qsort.o
LOAD build\kernel\components\libc\compilers\minilibc\rand.o
LOAD build\kernel\components\libc\compilers\minilibc\stdlib.o
LOAD build\kernel\components\libc\compilers\minilibc\string.o
LOAD build\kernel\components\libc\compilers\minilibc\time.o
START GROUP
LOAD e:/workspace/svn/env/tools/gnu_gcc/arm_gcc/mingw/bin/../lib/gcc/arm-none-eabi/5.4.1/armv7e-m/fpu\libgcc.a
LOAD e:/workspace/svn/env/tools/gnu_gcc/arm_gcc/mingw/bin/../lib/gcc/arm-none-eabi/5.4.1/../../../../arm-none-eabi/lib/armv7e-m/fpu\libc.a
END GROUP
LOAD e:/workspace/svn/env/tools/gnu_gcc/arm_gcc/mingw/bin/../lib/gcc/arm-none-eabi/5.4.1/armv7e-m/fpu/crtend.o
LOAD e:/workspace/svn/env/tools/gnu_gcc/arm_gcc/mingw/bin/../lib/gcc/arm-none-eabi/5.4.1/armv7e-m/fpu/crtn.o
                0x00000200                _system_stack_size = 0x200

.text           0x08000000    0x14f68
                0x08000000                . = ALIGN (0x4)
                0x08000000                _stext = .
 *(.isr_vector)
 .isr_vector    0x08000000      0x188 build\Libraries\CMSIS\Device\ST\STM32F4xx\Source\Templates\gcc\startup_stm32f407xx.o
                0x08000000                g_pfnVectors
                0x08000188                . = ALIGN (0x4)
 *(.text)
 .text          0x08000188      0x138 build\kernel\libcpu\arm\cortex-m4\context_gcc.o
                0x08000188                rt_hw_interrupt_disable
                0x08000190                rt_hw_interrupt_enable
                0x08000196                rt_hw_context_switch_interrupt
                0x08000196                rt_hw_context_switch
                0x080001b6                PendSV_Handler
                0x08000222                rt_hw_context_switch_to
                0x0800026a                rt_hw_interrupt_thread_switch
                0x0800026e                HardFault_Handler
 .text          0x080002c0       0x30 e:/workspace/svn/env/tools/gnu_gcc/arm_gcc/mingw/bin/../lib/gcc/arm-none-eabi/5.4.1/armv7e-m/fpu\libgcc.a(_aeabi_uldivmod.o)
                0x080002c0                __aeabi_uldivmod
 .text          0x080002f0      0x2e4 e:/workspace/svn/env/tools/gnu_gcc/arm_gcc/mingw/bin/../lib/gcc/arm-none-eabi/5.4.1/armv7e-m/fpu\libgcc.a(_udivmoddi4.o)
                0x080002f0                __udivmoddi4
 .text          0x080005d4        0x4 e:/workspace/svn/env/tools/gnu_gcc/arm_gcc/mingw/bin/../lib/gcc/arm-none-eabi/5.4.1/armv7e-m/fpu\libgcc.a(_dvmd_tls.o)
                0x080005d4                __aeabi_idiv0
                0x080005d4                __aeabi_ldiv0
 *(.text.*)
 .text.main     0x080005d8       0x28 build\applications\main.o
                0x080005d8                main
 .text.SystemClock_Config
                0x08000600      0x1ec build\drivers\board.o
 .text.SysTick_Handler
                0x080007ec       0x18 build\drivers\board.o
                0x080007ec                SysTick_Handler
 .text.HAL_InitTick
                0x08000804       0x38 build\drivers\board.o
                0x08000804                HAL_InitTick
 .text.HAL_MspInit
                0x0800083c       0x64 build\drivers\board.o
                0x0800083c                HAL_MspInit
 .text.rt_hw_board_init
                0x080008a0       0x30 build\drivers\board.o
                0x080008a0                rt_hw_board_init
 .text.NMI_Handler
                0x080008d0       0x10 build\drivers\stm32f4xx_it.o
                0x080008d0                NMI_Handler
 .text.MemManage_Handler
                0x080008e0        0x8 build\drivers\stm32f4xx_it.o
                0x080008e0                MemManage_Handler
 .text.BusFault_Handler
                0x080008e8        0x8 build\drivers\stm32f4xx_it.o
                0x080008e8                BusFault_Handler
 .text.UsageFault_Handler
                0x080008f0        0x8 build\drivers\stm32f4xx_it.o
                0x080008f0                UsageFault_Handler
 .text.SVC_Handler
                0x080008f8       0x10 build\drivers\stm32f4xx_it.o
                0x080008f8                SVC_Handler
 .text.get_st_gpio
                0x08000908       0xb8 build\drivers\drv_gpio.o
 .text.drv_clock_enable
                0x080009c0      0x198 build\drivers\drv_gpio.o
 .text.get_pin  0x08000b58       0x30 build\drivers\drv_gpio.o
 .text.stm32_pin_write
                0x08000b88       0x50 build\drivers\drv_gpio.o
 .text.stm32_pin_read
                0x08000bd8       0x50 build\drivers\drv_gpio.o
 .text.stm32_pin_mode
                0x08000c28       0xa0 build\drivers\drv_gpio.o
 .text.get_pin_irq_map
                0x08000cc8       0x38 build\drivers\drv_gpio.o
 .text.stm32_pin_attach_irq
                0x08000d00      0x14c build\drivers\drv_gpio.o
 .text.stm32_pin_detach_irq
                0x08000e4c       0xd4 build\drivers\drv_gpio.o
 .text.stm32_pin_irq_enable
                0x08000f20      0x150 build\drivers\drv_gpio.o
 .text.rt_hw_pin_init
                0x08001070       0x24 build\drivers\drv_gpio.o
                0x08001070                rt_hw_pin_init
 .text.pin_irq_hdr
                0x08001094       0x84 build\drivers\drv_gpio.o
 .text.HAL_GPIO_EXTI_Callback
                0x08001118       0x1c build\drivers\drv_gpio.o
                0x08001118                HAL_GPIO_EXTI_Callback
 .text.EXTI0_IRQHandler
                0x08001134       0x18 build\drivers\drv_gpio.o
                0x08001134                EXTI0_IRQHandler
 .text.EXTI1_IRQHandler
                0x0800114c       0x18 build\drivers\drv_gpio.o
                0x0800114c                EXTI1_IRQHandler
 .text.EXTI2_IRQHandler
                0x08001164       0x18 build\drivers\drv_gpio.o
                0x08001164                EXTI2_IRQHandler
 .text.EXTI3_IRQHandler
                0x0800117c       0x18 build\drivers\drv_gpio.o
                0x0800117c                EXTI3_IRQHandler
 .text.EXTI4_IRQHandler
                0x08001194       0x18 build\drivers\drv_gpio.o
                0x08001194                EXTI4_IRQHandler
 .text.EXTI9_5_IRQHandler
                0x080011ac       0x34 build\drivers\drv_gpio.o
                0x080011ac                EXTI9_5_IRQHandler
 .text.EXTI15_10_IRQHandler
                0x080011e0       0x40 build\drivers\drv_gpio.o
                0x080011e0                EXTI15_10_IRQHandler
 .text.NVIC_EnableIRQ
                0x08001220       0x34 build\drivers\drv_usart.o
 .text.NVIC_DisableIRQ
                0x08001254       0x34 build\drivers\drv_usart.o
 .text.drv_configure
                0x08001288      0x108 build\drivers\drv_usart.o
 .text.drv_control
                0x08001390       0x7c build\drivers\drv_usart.o
 .text.drv_putc
                0x0800140c       0x4c build\drivers\drv_usart.o
 .text.drv_getc
                0x08001458       0x50 build\drivers\drv_usart.o
 .text.USART2_IRQHandler
                0x080014a8       0x50 build\drivers\drv_usart.o
                0x080014a8                USART2_IRQHandler
 .text.HAL_UART_MspInit
                0x080014f8      0x1c4 build\drivers\drv_usart.o
                0x080014f8                HAL_UART_MspInit
 .text.hw_usart_init
                0x080016bc       0x68 build\drivers\drv_usart.o
                0x080016bc                hw_usart_init
 .text.SystemInit
                0x08001724       0x6c build\Libraries\CMSIS\Device\ST\STM32F4xx\Source\Templates\system_stm32f4xx.o
                0x08001724                SystemInit
 .text.Reset_Handler
                0x08001790       0x44 build\Libraries\CMSIS\Device\ST\STM32F4xx\Source\Templates\gcc\gcc_startup.o
                0x08001790                Reset_Handler
 .text.Default_Handler
                0x080017d4        0x2 build\Libraries\CMSIS\Device\ST\STM32F4xx\Source\Templates\gcc\startup_stm32f407xx.o
                0x080017d4                RTC_Alarm_IRQHandler
                0x080017d4                HASH_RNG_IRQHandler
                0x080017d4                TIM8_CC_IRQHandler
                0x080017d4                DebugMon_Handler
                0x080017d4                TIM1_CC_IRQHandler
                0x080017d4                DMA2_Stream5_IRQHandler
                0x080017d4                DMA1_Stream5_IRQHandler
                0x080017d4                PVD_IRQHandler
                0x080017d4                SDIO_IRQHandler
                0x080017d4                TAMP_STAMP_IRQHandler
                0x080017d4                CAN2_RX1_IRQHandler
                0x080017d4                TIM8_TRG_COM_TIM14_IRQHandler
                0x080017d4                TIM1_UP_TIM10_IRQHandler
                0x080017d4                TIM8_UP_TIM13_IRQHandler
                0x080017d4                I2C3_ER_IRQHandler
                0x080017d4                I2C2_EV_IRQHandler
                0x080017d4                DMA1_Stream2_IRQHandler
                0x080017d4                CAN1_RX0_IRQHandler
                0x080017d4                FPU_IRQHandler
                0x080017d4                OTG_HS_WKUP_IRQHandler
                0x080017d4                CAN2_SCE_IRQHandler
                0x080017d4                DMA2_Stream2_IRQHandler
                0x080017d4                SPI1_IRQHandler
                0x080017d4                TIM6_DAC_IRQHandler
                0x080017d4                TIM1_BRK_TIM9_IRQHandler
                0x080017d4                DCMI_IRQHandler
                0x080017d4                CAN2_RX0_IRQHandler
                0x080017d4                DMA2_Stream3_IRQHandler
                0x080017d4                USART6_IRQHandler
                0x080017d4                USART3_IRQHandler
                0x080017d4                CAN1_RX1_IRQHandler
                0x080017d4                UART5_IRQHandler
                0x080017d4                DMA2_Stream0_IRQHandler
                0x080017d4                TIM4_IRQHandler
                0x080017d4                I2C1_EV_IRQHandler
                0x080017d4                DMA1_Stream6_IRQHandler
                0x080017d4                DMA1_Stream1_IRQHandler
                0x080017d4                UART4_IRQHandler
                0x080017d4                TIM3_IRQHandler
                0x080017d4                RCC_IRQHandler
                0x080017d4                TIM8_BRK_TIM12_IRQHandler
                0x080017d4                Default_Handler
                0x080017d4                ADC_IRQHandler
                0x080017d4                DMA1_Stream7_IRQHandler
                0x080017d4                TIM7_IRQHandler
                0x080017d4                CAN2_TX_IRQHandler
                0x080017d4                TIM5_IRQHandler
                0x080017d4                DMA2_Stream7_IRQHandler
                0x080017d4                I2C3_EV_IRQHandler
                0x080017d4                RTC_WKUP_IRQHandler
                0x080017d4                ETH_WKUP_IRQHandler
                0x080017d4                SPI2_IRQHandler
                0x080017d4                OTG_HS_EP1_IN_IRQHandler
                0x080017d4                DMA1_Stream0_IRQHandler
                0x080017d4                CAN1_TX_IRQHandler
                0x080017d4                FSMC_IRQHandler
                0x080017d4                ETH_IRQHandler
                0x080017d4                OTG_HS_EP1_OUT_IRQHandler
                0x080017d4                WWDG_IRQHandler
                0x080017d4                TIM2_IRQHandler
                0x080017d4                OTG_FS_WKUP_IRQHandler
                0x080017d4                TIM1_TRG_COM_TIM11_IRQHandler
                0x080017d4                OTG_HS_IRQHandler
                0x080017d4                I2C2_ER_IRQHandler
                0x080017d4                DMA2_Stream1_IRQHandler
                0x080017d4                CAN1_SCE_IRQHandler
                0x080017d4                FLASH_IRQHandler
                0x080017d4                DMA2_Stream4_IRQHandler
                0x080017d4                USART1_IRQHandler
                0x080017d4                OTG_FS_IRQHandler
                0x080017d4                SPI3_IRQHandler
                0x080017d4                DMA1_Stream4_IRQHandler
                0x080017d4                I2C1_ER_IRQHandler
                0x080017d4                DMA2_Stream6_IRQHandler
                0x080017d4                DMA1_Stream3_IRQHandler
 *fill*         0x080017d6        0x2 00000000
 .text.HAL_Init
                0x080017d8       0x44 build\Libraries\STM32F4xx_HAL_Driver\Src\stm32f4xx_hal.o
                0x080017d8                HAL_Init
 .text.HAL_IncTick
                0x0800181c       0x1c build\Libraries\STM32F4xx_HAL_Driver\Src\stm32f4xx_hal.o
                0x0800181c                HAL_IncTick
 .text.HAL_GetTick
                0x08001838       0x18 build\Libraries\STM32F4xx_HAL_Driver\Src\stm32f4xx_hal.o
                0x08001838                HAL_GetTick
 .text.NVIC_SetPriorityGrouping
                0x08001850       0x48 build\Libraries\STM32F4xx_HAL_Driver\Src\stm32f4xx_hal_cortex.o
 .text.NVIC_GetPriorityGrouping
                0x08001898       0x1c build\Libraries\STM32F4xx_HAL_Driver\Src\stm32f4xx_hal_cortex.o
 .text.NVIC_EnableIRQ
                0x080018b4       0x34 build\Libraries\STM32F4xx_HAL_Driver\Src\stm32f4xx_hal_cortex.o
 .text.NVIC_DisableIRQ
                0x080018e8       0x34 build\Libraries\STM32F4xx_HAL_Driver\Src\stm32f4xx_hal_cortex.o
 .text.NVIC_SetPriority
                0x0800191c       0x54 build\Libraries\STM32F4xx_HAL_Driver\Src\stm32f4xx_hal_cortex.o
 .text.NVIC_EncodePriority
                0x08001970       0x64 build\Libraries\STM32F4xx_HAL_Driver\Src\stm32f4xx_hal_cortex.o
 .text.SysTick_Config
                0x080019d4       0x44 build\Libraries\STM32F4xx_HAL_Driver\Src\stm32f4xx_hal_cortex.o
 .text.HAL_NVIC_SetPriorityGrouping
                0x08001a18       0x18 build\Libraries\STM32F4xx_HAL_Driver\Src\stm32f4xx_hal_cortex.o
                0x08001a18                HAL_NVIC_SetPriorityGrouping
 .text.HAL_NVIC_SetPriority
                0x08001a30       0x38 build\Libraries\STM32F4xx_HAL_Driver\Src\stm32f4xx_hal_cortex.o
                0x08001a30                HAL_NVIC_SetPriority
 .text.HAL_NVIC_EnableIRQ
                0x08001a68       0x1c build\Libraries\STM32F4xx_HAL_Driver\Src\stm32f4xx_hal_cortex.o
                0x08001a68                HAL_NVIC_EnableIRQ
 .text.HAL_NVIC_DisableIRQ
                0x08001a84       0x1c build\Libraries\STM32F4xx_HAL_Driver\Src\stm32f4xx_hal_cortex.o
                0x08001a84                HAL_NVIC_DisableIRQ
 .text.HAL_SYSTICK_Config
                0x08001aa0       0x18 build\Libraries\STM32F4xx_HAL_Driver\Src\stm32f4xx_hal_cortex.o
                0x08001aa0                HAL_SYSTICK_Config
 .text.HAL_GPIO_Init
                0x08001ab8      0x334 build\Libraries\STM32F4xx_HAL_Driver\Src\stm32f4xx_hal_gpio.o
                0x08001ab8                HAL_GPIO_Init
 .text.HAL_GPIO_ReadPin
                0x08001dec       0x30 build\Libraries\STM32F4xx_HAL_Driver\Src\stm32f4xx_hal_gpio.o
                0x08001dec                HAL_GPIO_ReadPin
 .text.HAL_GPIO_WritePin
                0x08001e1c       0x34 build\Libraries\STM32F4xx_HAL_Driver\Src\stm32f4xx_hal_gpio.o
                0x08001e1c                HAL_GPIO_WritePin
 .text.HAL_GPIO_EXTI_IRQHandler
                0x08001e50       0x30 build\Libraries\STM32F4xx_HAL_Driver\Src\stm32f4xx_hal_gpio.o
                0x08001e50                HAL_GPIO_EXTI_IRQHandler
 .text.HAL_RCC_OscConfig
                0x08001e80      0x450 build\Libraries\STM32F4xx_HAL_Driver\Src\stm32f4xx_hal_rcc.o
                0x08001e80                HAL_RCC_OscConfig
 .text.HAL_RCC_ClockConfig
                0x080022d0      0x1c4 build\Libraries\STM32F4xx_HAL_Driver\Src\stm32f4xx_hal_rcc.o
                0x080022d0                HAL_RCC_ClockConfig
 .text.HAL_RCC_GetSysClockFreq
                0x08002494      0x1ac build\Libraries\STM32F4xx_HAL_Driver\Src\stm32f4xx_hal_rcc.o
                0x08002494                HAL_RCC_GetSysClockFreq
 .text.HAL_RCC_GetHCLKFreq
                0x08002640       0x18 build\Libraries\STM32F4xx_HAL_Driver\Src\stm32f4xx_hal_rcc.o
                0x08002640                HAL_RCC_GetHCLKFreq
 .text.HAL_RCC_GetPCLK1Freq
                0x08002658       0x28 build\Libraries\STM32F4xx_HAL_Driver\Src\stm32f4xx_hal_rcc.o
                0x08002658                HAL_RCC_GetPCLK1Freq
 .text.HAL_RCC_GetPCLK2Freq
                0x08002680       0x28 build\Libraries\STM32F4xx_HAL_Driver\Src\stm32f4xx_hal_rcc.o
                0x08002680                HAL_RCC_GetPCLK2Freq
 .text.HAL_UART_Init
                0x080026a8       0x9c build\Libraries\STM32F4xx_HAL_Driver\Src\stm32f4xx_hal_uart.o
                0x080026a8                HAL_UART_Init
 .text.UART_SetConfig
                0x08002744      0x438 build\Libraries\STM32F4xx_HAL_Driver\Src\stm32f4xx_hal_uart.o
 .text.rt_tick_get
                0x08002b7c       0x18 build\kernel\src\clock.o
                0x08002b7c                rt_tick_get
 .text.rt_tick_increase
                0x08002b94       0x44 build\kernel\src\clock.o
                0x08002b94                rt_tick_increase
 .text.rti_start
                0x08002bd8       0x10 build\kernel\src\components.o
 .text.rti_board_start
                0x08002be8       0x10 build\kernel\src\components.o
 .text.rti_board_end
                0x08002bf8       0x10 build\kernel\src\components.o
 .text.rti_end  0x08002c08       0x10 build\kernel\src\components.o
 .text.rt_components_board_init
                0x08002c18       0x30 build\kernel\src\components.o
                0x08002c18                rt_components_board_init
 .text.rt_components_init
                0x08002c48       0x30 build\kernel\src\components.o
                0x08002c48                rt_components_init
 .text.entry    0x08002c78       0x14 build\kernel\src\components.o
                0x08002c78                entry
 .text.main_thread_entry
                0x08002c8c       0x18 build\kernel\src\components.o
                0x08002c8c                main_thread_entry
 .text.rt_application_init
                0x08002ca4       0x4c build\kernel\src\components.o
                0x08002ca4                rt_application_init
 .text.rtthread_startup
                0x08002cf0       0x30 build\kernel\src\components.o
                0x08002cf0                rtthread_startup
 .text.rt_device_register
                0x08002d20       0x54 build\kernel\src\device.o
                0x08002d20                rt_device_register
 .text.rt_device_unregister
                0x08002d74       0x6c build\kernel\src\device.o
                0x08002d74                rt_device_unregister
 .text.rt_device_find
                0x08002de0       0x90 build\kernel\src\device.o
                0x08002de0                rt_device_find
 .text.rt_device_open
                0x08002e70      0x120 build\kernel\src\device.o
                0x08002e70                rt_device_open
 .text.rt_device_close
                0x08002f90       0x9c build\kernel\src\device.o
                0x08002f90                rt_device_close
 .text.rt_device_read
                0x0800302c       0x88 build\kernel\src\device.o
                0x0800302c                rt_device_read
 .text.rt_device_write
                0x080030b4       0x88 build\kernel\src\device.o
                0x080030b4                rt_device_write
 .text.rt_device_control
                0x0800313c       0x68 build\kernel\src\device.o
                0x0800313c                rt_device_control
 .text.rt_device_set_rx_indicate
                0x080031a4       0x54 build\kernel\src\device.o
                0x080031a4                rt_device_set_rx_indicate
 .text.rt_list_remove
                0x080031f8       0x38 build\kernel\src\idle.o
 .text._has_defunct_thread
                0x08003230       0x2c build\kernel\src\idle.o
 .text.rt_thread_idle_excute
                0x0800325c       0xc4 build\kernel\src\idle.o
                0x0800325c                rt_thread_idle_excute
 .text.rt_thread_idle_entry
                0x08003320       0x3c build\kernel\src\idle.o
 .text.rt_thread_idle_init
                0x0800335c       0x40 build\kernel\src\idle.o
                0x0800335c                rt_thread_idle_init
 .text.rt_list_init
                0x0800339c       0x24 build\kernel\src\ipc.o
 .text.rt_list_insert_before
                0x080033c0       0x34 build\kernel\src\ipc.o
 .text.rt_list_isempty
                0x080033f4       0x24 build\kernel\src\ipc.o
 .text.rt_ipc_object_init
                0x08003418       0x1c build\kernel\src\ipc.o
 .text.rt_ipc_list_suspend
                0x08003434       0x90 build\kernel\src\ipc.o
 .text.rt_ipc_list_resume
                0x080034c4       0x20 build\kernel\src\ipc.o
 .text.rt_sem_init
                0x080034e4       0x54 build\kernel\src\ipc.o
                0x080034e4                rt_sem_init
 .text.rt_sem_create
                0x08003538       0x78 build\kernel\src\ipc.o
                0x08003538                rt_sem_create
 .text.rt_sem_take
                0x080035b0      0x160 build\kernel\src\ipc.o
                0x080035b0                rt_sem_take
 .text.rt_sem_release
                0x08003710       0xa0 build\kernel\src\ipc.o
                0x08003710                rt_sem_release
 .text.rt_mutex_init
                0x080037b0       0x64 build\kernel\src\ipc.o
                0x080037b0                rt_mutex_init
 .text.rt_mutex_take
                0x08003814      0x1d0 build\kernel\src\ipc.o
                0x08003814                rt_mutex_take
 .text.rt_mutex_release
                0x080039e4      0x190 build\kernel\src\ipc.o
                0x080039e4                rt_mutex_release
 .text.rt_mb_init
                0x08003b74       0x78 build\kernel\src\ipc.o
                0x08003b74                rt_mb_init
 .text.rt_mb_send_wait
                0x08003bec      0x208 build\kernel\src\ipc.o
                0x08003bec                rt_mb_send_wait
 .text.rt_mb_send
                0x08003df4       0x20 build\kernel\src\ipc.o
                0x08003df4                rt_mb_send
 .text.rt_mb_recv
                0x08003e14      0x234 build\kernel\src\ipc.o
                0x08003e14                rt_mb_recv
 .text.rt_interrupt_enter
                0x08004048       0x40 build\kernel\src\irq.o
                0x08004048                rt_interrupt_enter
 .text.rt_interrupt_leave
                0x08004088       0x40 build\kernel\src\irq.o
                0x08004088                rt_interrupt_leave
 .text.rt_interrupt_get_nest
                0x080040c8       0x18 build\kernel\src\irq.o
                0x080040c8                rt_interrupt_get_nest
 .text.rt_set_errno
                0x080040e0       0x40 build\kernel\src\kservice.o
                0x080040e0                rt_set_errno
 .text.rt_memset
                0x08004120       0xb8 build\kernel\src\kservice.o
                0x08004120                rt_memset
                0x08004120                memset
 .text.rt_memcpy
                0x080041d8       0xd4 build\kernel\src\kservice.o
                0x080041d8                rt_memcpy
                0x080041d8                memcpy
 .text.rt_memmove
                0x080042ac       0x84 build\kernel\src\kservice.o
                0x080042ac                rt_memmove
                0x080042ac                memmove
 .text.rt_memcmp
                0x08004330       0x58 build\kernel\src\kservice.o
                0x08004330                rt_memcmp
                0x08004330                memcmp
 .text.rt_strstr
                0x08004388       0x60 build\kernel\src\kservice.o
                0x08004388                rt_strstr
                0x08004388                strstr
 .text.rt_strncpy
                0x080043e8       0x64 build\kernel\src\kservice.o
                0x080043e8                rt_strncpy
 .text.rt_strncmp
                0x0800444c       0x4c build\kernel\src\kservice.o
                0x0800444c                rt_strncmp
 .text.rt_strlen
                0x08004498       0x30 build\kernel\src\kservice.o
                0x08004498                strlen
                0x08004498                rt_strlen
 .text.rt_strdup
                0x080044c8       0x3c build\kernel\src\kservice.o
                0x080044c8                rt_strdup
                0x080044c8                strdup
 .text.rt_show_version
                0x08004504       0x44 build\kernel\src\kservice.o
                0x08004504                rt_show_version
 .text.divide   0x08004548       0x68 build\kernel\src\kservice.o
 .text.skip_atoi
                0x080045b0       0x40 build\kernel\src\kservice.o
 .text.print_number
                0x080045f0      0x1d4 build\kernel\src\kservice.o
 .text.rt_vsnprintf
                0x080047c4      0x544 build\kernel\src\kservice.o
                0x080047c4                rt_vsnprintf
 .text.rt_snprintf
                0x08004d08       0x30 build\kernel\src\kservice.o
                0x08004d08                rt_snprintf
                0x08004d08                snprintf
 .text.rt_console_get_device
                0x08004d38       0x18 build\kernel\src\kservice.o
                0x08004d38                rt_console_get_device
 .text.rt_console_set_device
                0x08004d50       0x4c build\kernel\src\kservice.o
                0x08004d50                rt_console_set_device
 .text.rt_hw_console_output
                0x08004d9c       0x14 build\kernel\src\kservice.o
                0x08004d9c                rt_hw_console_output
 .text.rt_kprintf
                0x08004db0       0x80 build\kernel\src\kservice.o
                0x08004db0                rt_kprintf
 .text.__rt_ffs
                0x08004e30       0x70 build\kernel\src\kservice.o
                0x08004e30                __rt_ffs
 .text.rt_assert_handler
                0x08004ea0       0x4c build\kernel\src\kservice.o
                0x08004ea0                rt_assert_handler
 .text.plug_holes
                0x08004eec      0x100 build\kernel\src\mem.o
 .text.rt_system_heap_init
                0x08004fec      0x118 build\kernel\src\mem.o
                0x08004fec                rt_system_heap_init
 .text.rt_malloc
                0x08005104      0x294 build\kernel\src\mem.o
                0x08005104                rt_malloc
 .text.rt_realloc
                0x08005398      0x198 build\kernel\src\mem.o
                0x08005398                rt_realloc
 .text.rt_calloc
                0x08005530       0x74 build\kernel\src\mem.o
                0x08005530                rt_calloc
 .text.rt_free  0x080055a4      0x188 build\kernel\src\mem.o
                0x080055a4                rt_free
 .text.list_mem
                0x0800572c       0x44 build\kernel\src\mem.o
                0x0800572c                list_mem
 .text.rt_list_insert_after
                0x08005770       0x34 build\kernel\src\object.o
 .text.rt_list_remove
                0x080057a4       0x38 build\kernel\src\object.o
 .text.rt_object_get_information
                0x080057dc       0x48 build\kernel\src\object.o
                0x080057dc                rt_object_get_information
 .text.rt_object_init
                0x08005824       0x84 build\kernel\src\object.o
                0x08005824                rt_object_init
 .text.rt_object_detach
                0x080058a8       0x5c build\kernel\src\object.o
                0x080058a8                rt_object_detach
 .text.rt_object_allocate
                0x08005904       0xd8 build\kernel\src\object.o
                0x08005904                rt_object_allocate
 .text.rt_object_delete
                0x080059dc       0x7c build\kernel\src\object.o
                0x080059dc                rt_object_delete
 .text.rt_object_is_systemobject
                0x08005a58       0x3c build\kernel\src\object.o
                0x08005a58                rt_object_is_systemobject
 .text.rt_object_get_type
                0x08005a94       0x34 build\kernel\src\object.o
                0x08005a94                rt_object_get_type
 .text.rt_list_init
                0x08005ac8       0x24 build\kernel\src\scheduler.o
 .text.rt_list_insert_before
                0x08005aec       0x34 build\kernel\src\scheduler.o
 .text.rt_list_remove
                0x08005b20       0x38 build\kernel\src\scheduler.o
 .text.rt_list_isempty
                0x08005b58       0x24 build\kernel\src\scheduler.o
 .text._rt_scheduler_stack_check
                0x08005b7c       0x98 build\kernel\src\scheduler.o
 .text.rt_system_scheduler_init
                0x08005c14       0x54 build\kernel\src\scheduler.o
                0x08005c14                rt_system_scheduler_init
 .text.rt_system_scheduler_start
                0x08005c68       0x3c build\kernel\src\scheduler.o
                0x08005c68                rt_system_scheduler_start
 .text.rt_schedule
                0x08005ca4       0xd4 build\kernel\src\scheduler.o
                0x08005ca4                rt_schedule
 .text.rt_schedule_insert_thread
                0x08005d78       0x80 build\kernel\src\scheduler.o
                0x08005d78                rt_schedule_insert_thread
 .text.rt_schedule_remove_thread
                0x08005df8       0x70 build\kernel\src\scheduler.o
                0x08005df8                rt_schedule_remove_thread
 .text.rt_enter_critical
                0x08005e68       0x2c build\kernel\src\scheduler.o
                0x08005e68                rt_enter_critical
 .text.rt_exit_critical
                0x08005e94       0x48 build\kernel\src\scheduler.o
                0x08005e94                rt_exit_critical
 .text.rt_list_init
                0x08005edc       0x24 build\kernel\src\thread.o
 .text.rt_list_insert_after
                0x08005f00       0x34 build\kernel\src\thread.o
 .text.rt_list_insert_before
                0x08005f34       0x34 build\kernel\src\thread.o
 .text.rt_list_remove
                0x08005f68       0x38 build\kernel\src\thread.o
 .text.rt_thread_exit
                0x08005fa0       0x6c build\kernel\src\thread.o
                0x08005fa0                rt_thread_exit
 .text._rt_thread_init
                0x0800600c       0xf8 build\kernel\src\thread.o
 .text.rt_thread_init
                0x08006104       0x6c build\kernel\src\thread.o
                0x08006104                rt_thread_init
 .text.rt_thread_self
                0x08006170       0x18 build\kernel\src\thread.o
                0x08006170                rt_thread_self
 .text.rt_thread_startup
                0x08006188       0xa0 build\kernel\src\thread.o
                0x08006188                rt_thread_startup
 .text.rt_thread_create
                0x08006228       0x64 build\kernel\src\thread.o
                0x08006228                rt_thread_create
 .text.rt_thread_delete
                0x0800628c       0xa8 build\kernel\src\thread.o
                0x0800628c                rt_thread_delete
 .text.rt_thread_yield
                0x08006334       0x74 build\kernel\src\thread.o
                0x08006334                rt_thread_yield
 .text.rt_thread_sleep
                0x080063a8       0x90 build\kernel\src\thread.o
                0x080063a8                rt_thread_sleep
 .text.rt_thread_delay
                0x08006438       0x18 build\kernel\src\thread.o
                0x08006438                rt_thread_delay
 .text.rt_thread_control
                0x08006450       0xd4 build\kernel\src\thread.o
                0x08006450                rt_thread_control
 .text.rt_thread_suspend
                0x08006524       0xa8 build\kernel\src\thread.o
                0x08006524                rt_thread_suspend
 .text.rt_thread_resume
                0x080065cc       0x98 build\kernel\src\thread.o
                0x080065cc                rt_thread_resume
 .text.rt_thread_timeout
                0x08006664       0x84 build\kernel\src\thread.o
                0x08006664                rt_thread_timeout
 .text.rt_list_init
                0x080066e8       0x24 build\kernel\src\timer.o
 .text.rt_list_insert_after
                0x0800670c       0x34 build\kernel\src\timer.o
 .text.rt_list_remove
                0x08006740       0x38 build\kernel\src\timer.o
 .text.rt_list_isempty
                0x08006778       0x24 build\kernel\src\timer.o
 .text._rt_timer_init
                0x0800679c       0x68 build\kernel\src\timer.o
 .text._rt_timer_remove
                0x08006804       0x34 build\kernel\src\timer.o
 .text.rt_timer_init
                0x08006838       0x48 build\kernel\src\timer.o
                0x08006838                rt_timer_init
 .text.rt_timer_detach
                0x08006880       0x7c build\kernel\src\timer.o
                0x08006880                rt_timer_detach
 .text.rt_timer_start
                0x080068fc      0x1fc build\kernel\src\timer.o
                0x080068fc                rt_timer_start
 .text.rt_timer_stop
                0x08006af8       0x94 build\kernel\src\timer.o
                0x08006af8                rt_timer_stop
 .text.rt_timer_control
                0x08006b8c       0xa0 build\kernel\src\timer.o
                0x08006b8c                rt_timer_control
 .text.rt_timer_check
                0x08006c2c       0xb8 build\kernel\src\timer.o
                0x08006c2c                rt_timer_check
 .text.rt_system_timer_init
                0x08006ce4       0x34 build\kernel\src\timer.o
                0x08006ce4                rt_system_timer_init
 .text.rt_system_timer_thread_init
                0x08006d18       0x10 build\kernel\src\timer.o
                0x08006d18                rt_system_timer_thread_init
 .text.rt_hw_stack_init
                0x08006d28       0x90 build\kernel\libcpu\arm\cortex-m4\cpuport.o
                0x08006d28                rt_hw_stack_init
 .text.usage_fault_track
                0x08006db8       0xc4 build\kernel\libcpu\arm\cortex-m4\cpuport.o
 .text.bus_fault_track
                0x08006e7c       0xcc build\kernel\libcpu\arm\cortex-m4\cpuport.o
 .text.mem_manage_fault_track
                0x08006f48       0xb4 build\kernel\libcpu\arm\cortex-m4\cpuport.o
 .text.hard_fault_track
                0x08006ffc       0x78 build\kernel\libcpu\arm\cortex-m4\cpuport.o
 .text.rt_hw_hard_fault_exception
                0x08007074      0x184 build\kernel\libcpu\arm\cortex-m4\cpuport.o
                0x08007074                rt_hw_hard_fault_exception
 .text.dfs_init
                0x080071f8       0x9c build\kernel\components\dfs\src\dfs.o
                0x080071f8                dfs_init
 .text.dfs_lock
                0x08007294       0x48 build\kernel\components\dfs\src\dfs.o
                0x08007294                dfs_lock
 .text.dfs_unlock
                0x080072dc       0x14 build\kernel\components\dfs\src\dfs.o
                0x080072dc                dfs_unlock
 .text.fd_alloc
                0x080072f0      0x108 build\kernel\components\dfs\src\dfs.o
 .text.fd_new   0x080073f8       0x58 build\kernel\components\dfs\src\dfs.o
                0x080073f8                fd_new
 .text.fd_get   0x08007450       0x68 build\kernel\components\dfs\src\dfs.o
                0x08007450                fd_get
 .text.fd_put   0x080074b8       0x88 build\kernel\components\dfs\src\dfs.o
                0x080074b8                fd_put
 .text.fd_is_open
                0x08007540       0xec build\kernel\components\dfs\src\dfs.o
                0x08007540                fd_is_open
 .text.dfs_subdir
                0x0800762c       0x50 build\kernel\components\dfs\src\dfs.o
                0x0800762c                dfs_subdir
 .text.dfs_normalize_path
                0x0800767c      0x208 build\kernel\components\dfs\src\dfs.o
                0x0800767c                dfs_normalize_path
 .text.dfs_fdtable_get
                0x08007884       0x1c build\kernel\components\dfs\src\dfs.o
                0x08007884                dfs_fdtable_get
 .text.list_fd  0x080078a0      0x12c build\kernel\components\dfs\src\dfs.o
                0x080078a0                list_fd
 .text.dfs_file_open
                0x080079cc      0x15c build\kernel\components\dfs\src\dfs_file.o
                0x080079cc                dfs_file_open
 .text.dfs_file_close
                0x08007b28       0x54 build\kernel\components\dfs\src\dfs_file.o
                0x08007b28                dfs_file_close
 .text.dfs_file_read
                0x08007b7c       0x58 build\kernel\components\dfs\src\dfs_file.o
                0x08007b7c                dfs_file_read
 .text.dfs_file_getdents
                0x08007bd4       0x48 build\kernel\components\dfs\src\dfs_file.o
                0x08007bd4                dfs_file_getdents
 .text.dfs_file_unlink
                0x08007c1c       0xcc build\kernel\components\dfs\src\dfs_file.o
                0x08007c1c                dfs_file_unlink
 .text.dfs_file_write
                0x08007ce8       0x40 build\kernel\components\dfs\src\dfs_file.o
                0x08007ce8                dfs_file_write
 .text.dfs_file_lseek
                0x08007d28       0x4c build\kernel\components\dfs\src\dfs_file.o
                0x08007d28                dfs_file_lseek
 .text.dfs_file_stat
                0x08007d74       0xf8 build\kernel\components\dfs\src\dfs_file.o
                0x08007d74                dfs_file_stat
 .text.dfs_file_rename
                0x08007e6c       0xdc build\kernel\components\dfs\src\dfs_file.o
                0x08007e6c                dfs_file_rename
 .text.ls       0x08007f48      0x120 build\kernel\components\dfs\src\dfs_file.o
                0x08007f48                ls
 .text.rm       0x08008068       0x28 build\kernel\components\dfs\src\dfs_file.o
                0x08008068                rm
 .text.cat      0x08008090       0x74 build\kernel\components\dfs\src\dfs_file.o
                0x08008090                cat
 .text.copyfile
                0x08008104       0xe0 build\kernel\components\dfs\src\dfs_file.o
 .text.copydir  0x080081e4      0x18c build\kernel\components\dfs\src\dfs_file.o
 .text._get_path_lastname
                0x08008370       0x2c build\kernel\components\dfs\src\dfs_file.o
 .text.copy     0x0800839c      0x15c build\kernel\components\dfs\src\dfs_file.o
                0x0800839c                copy
 .text.dfs_register
                0x080084f8       0x9c build\kernel\components\dfs\src\dfs_fs.o
                0x080084f8                dfs_register
 .text.dfs_filesystem_lookup
                0x08008594       0xc4 build\kernel\components\dfs\src\dfs_fs.o
                0x08008594                dfs_filesystem_lookup
 .text.dfs_filesystem_get_mounted_path
                0x08008658       0x58 build\kernel\components\dfs\src\dfs_fs.o
                0x08008658                dfs_filesystem_get_mounted_path
 .text.dfs_filesystem_get_partition
                0x080086b0      0x150 build\kernel\components\dfs\src\dfs_fs.o
                0x080086b0                dfs_filesystem_get_partition
 .text.dfs_mount
                0x08008800      0x224 build\kernel\components\dfs\src\dfs_fs.o
                0x08008800                dfs_mount
 .text.dfs_unmount
                0x08008a24       0xdc build\kernel\components\dfs\src\dfs_fs.o
                0x08008a24                dfs_unmount
 .text.dfs_mkfs
                0x08008b00       0xb4 build\kernel\components\dfs\src\dfs_fs.o
                0x08008b00                dfs_mkfs
 .text.dfs_statfs
                0x08008bb4       0x40 build\kernel\components\dfs\src\dfs_fs.o
                0x08008bb4                dfs_statfs
 .text.mkfs     0x08008bf4       0x1c build\kernel\components\dfs\src\dfs_fs.o
                0x08008bf4                mkfs
 .text.df       0x08008c10      0x190 build\kernel\components\dfs\src\dfs_fs.o
                0x08008c10                df
 .text.open     0x08008da0       0x6c build\kernel\components\dfs\src\dfs_posix.o
                0x08008da0                open
 .text.close    0x08008e0c       0x54 build\kernel\components\dfs\src\dfs_posix.o
                0x08008e0c                close
 .text.read     0x08008e60       0x5c build\kernel\components\dfs\src\dfs_posix.o
                0x08008e60                read
 .text.write    0x08008ebc       0x5c build\kernel\components\dfs\src\dfs_posix.o
                0x08008ebc                write
 .text.rename   0x08008f18       0x30 build\kernel\components\dfs\src\dfs_posix.o
                0x08008f18                rename
 .text.unlink   0x08008f48       0x2c build\kernel\components\dfs\src\dfs_posix.o
                0x08008f48                unlink
 .text.mkdir    0x08008f74       0x78 build\kernel\components\dfs\src\dfs_posix.o
                0x08008f74                mkdir
 .text.opendir  0x08008fec       0x98 build\kernel\components\dfs\src\dfs_posix.o
                0x08008fec                opendir
 .text.readdir  0x08009084       0xbc build\kernel\components\dfs\src\dfs_posix.o
                0x08009084                readdir
 .text.rewinddir
                0x08009140       0x54 build\kernel\components\dfs\src\dfs_posix.o
                0x08009140                rewinddir
 .text.closedir
                0x08009194       0x60 build\kernel\components\dfs\src\dfs_posix.o
                0x08009194                closedir
 .text.chdir    0x080091f4       0xac build\kernel\components\dfs\src\dfs_posix.o
                0x080091f4                chdir
 .text.getcwd   0x080092a0       0x2c build\kernel\components\dfs\src\dfs_posix.o
                0x080092a0                getcwd
 .text.dfs_device_fs_mount
                0x080092cc       0x1c build\kernel\components\dfs\filesystems\devfs\devfs.o
                0x080092cc                dfs_device_fs_mount
 .text.dfs_device_fs_ioctl
                0x080092e8       0x60 build\kernel\components\dfs\filesystems\devfs\devfs.o
                0x080092e8                dfs_device_fs_ioctl
 .text.dfs_device_fs_read
                0x08009348       0x68 build\kernel\components\dfs\filesystems\devfs\devfs.o
                0x08009348                dfs_device_fs_read
 .text.dfs_device_fs_write
                0x080093b0       0x68 build\kernel\components\dfs\filesystems\devfs\devfs.o
                0x080093b0                dfs_device_fs_write
 .text.dfs_device_fs_close
                0x08009418       0x8c build\kernel\components\dfs\filesystems\devfs\devfs.o
                0x08009418                dfs_device_fs_close
 .text.dfs_device_fs_open
                0x080094a4      0x130 build\kernel\components\dfs\filesystems\devfs\devfs.o
                0x080094a4                dfs_device_fs_open
 .text.dfs_device_fs_stat
                0x080095d4       0xf4 build\kernel\components\dfs\filesystems\devfs\devfs.o
                0x080095d4                dfs_device_fs_stat
 .text.dfs_device_fs_getdents
                0x080096c8       0xdc build\kernel\components\dfs\filesystems\devfs\devfs.o
                0x080096c8                dfs_device_fs_getdents
 .text.dfs_device_fs_poll
                0x080097a4       0x1c build\kernel\components\dfs\filesystems\devfs\devfs.o
 .text.devfs_init
                0x080097c0       0x14 build\kernel\components\dfs\filesystems\devfs\devfs.o
                0x080097c0                devfs_init
 .text._pin_read
                0x080097d4       0x60 build\kernel\components\drivers\misc\pin.o
 .text._pin_write
                0x08009834       0x5c build\kernel\components\drivers\misc\pin.o
 .text._pin_control
                0x08009890       0x58 build\kernel\components\drivers\misc\pin.o
 .text.rt_device_pin_register
                0x080098e8       0x74 build\kernel\components\drivers\misc\pin.o
                0x080098e8                rt_device_pin_register
 .text.rt_pin_mode
                0x0800995c       0x40 build\kernel\components\drivers\misc\pin.o
                0x0800995c                rt_pin_mode
 .text.rt_pin_write
                0x0800999c       0x40 build\kernel\components\drivers\misc\pin.o
                0x0800999c                rt_pin_write
 .text.rt_pin_read
                0x080099dc       0x3c build\kernel\components\drivers\misc\pin.o
                0x080099dc                rt_pin_read
 .text.rt_list_insert_after
                0x08009a18       0x34 build\kernel\components\drivers\sdio\block_dev.o
 .text.rt_list_remove
                0x08009a4c       0x38 build\kernel\components\drivers\sdio\block_dev.o
 .text.rt_mmcsd_req_blk
                0x08009a84      0x1d8 build\kernel\components\drivers\sdio\block_dev.o
 .text.rt_mmcsd_init
                0x08009c5c       0x18 build\kernel\components\drivers\sdio\block_dev.o
 .text.rt_mmcsd_open
                0x08009c74       0x1c build\kernel\components\drivers\sdio\block_dev.o
 .text.rt_mmcsd_close
                0x08009c90       0x18 build\kernel\components\drivers\sdio\block_dev.o
 .text.rt_mmcsd_control
                0x08009ca8       0x34 build\kernel\components\drivers\sdio\block_dev.o
 .text.rt_mmcsd_read
                0x08009cdc       0x7c build\kernel\components\drivers\sdio\block_dev.o
 .text.rt_mmcsd_write
                0x08009d58       0x7c build\kernel\components\drivers\sdio\block_dev.o
 .text.mmcsd_set_blksize
                0x08009dd4       0x74 build\kernel\components\drivers\sdio\block_dev.o
 .text.rt_mmcsd_blk_probe
                0x08009e48      0x248 build\kernel\components\drivers\sdio\block_dev.o
                0x08009e48                rt_mmcsd_blk_probe
 .text.rt_mmcsd_blk_remove
                0x0800a090       0x70 build\kernel\components\drivers\sdio\block_dev.o
                0x0800a090                rt_mmcsd_blk_remove
 .text.mmcsd_delay_ms
                0x0800a100       0x34 build\kernel\components\drivers\sdio\mmcsd_core.o
 .text.__rt_fls
                0x0800a134       0x88 build\kernel\components\drivers\sdio\mmcsd_core.o
 .text.mmcsd_host_lock
                0x0800a1bc       0x20 build\kernel\components\drivers\sdio\mmcsd_core.o
                0x0800a1bc                mmcsd_host_lock
 .text.mmcsd_host_unlock
                0x0800a1dc       0x1c build\kernel\components\drivers\sdio\mmcsd_core.o
                0x0800a1dc                mmcsd_host_unlock
 .text.mmcsd_send_request
                0x0800a1f8       0xa0 build\kernel\components\drivers\sdio\mmcsd_core.o
                0x0800a1f8                mmcsd_send_request
 .text.mmcsd_send_cmd
                0x0800a298       0x50 build\kernel\components\drivers\sdio\mmcsd_core.o
                0x0800a298                mmcsd_send_cmd
 .text.mmcsd_go_idle
                0x0800a2e8       0x78 build\kernel\components\drivers\sdio\mmcsd_core.o
                0x0800a2e8                mmcsd_go_idle
 .text.mmcsd_spi_read_ocr
                0x0800a360       0x54 build\kernel\components\drivers\sdio\mmcsd_core.o
                0x0800a360                mmcsd_spi_read_ocr
 .text.mmcsd_all_get_cid
                0x0800a3b4       0x58 build\kernel\components\drivers\sdio\mmcsd_core.o
                0x0800a3b4                mmcsd_all_get_cid
 .text.mmcsd_get_cid
                0x0800a40c      0x148 build\kernel\components\drivers\sdio\mmcsd_core.o
                0x0800a40c                mmcsd_get_cid
 .text.mmcsd_get_csd
                0x0800a554      0x140 build\kernel\components\drivers\sdio\mmcsd_core.o
                0x0800a554                mmcsd_get_csd
 .text._mmcsd_select_card
                0x0800a694       0x5c build\kernel\components\drivers\sdio\mmcsd_core.o
 .text.mmcsd_select_card
                0x0800a6f0       0x20 build\kernel\components\drivers\sdio\mmcsd_core.o
                0x0800a6f0                mmcsd_select_card
 .text.mmcsd_spi_use_crc
                0x0800a710       0x4c build\kernel\components\drivers\sdio\mmcsd_core.o
                0x0800a710                mmcsd_spi_use_crc
 .text.mmcsd_set_iocfg
                0x0800a75c       0x24 build\kernel\components\drivers\sdio\mmcsd_core.o
 .text.mmcsd_set_chip_select
                0x0800a780       0x20 build\kernel\components\drivers\sdio\mmcsd_core.o
                0x0800a780                mmcsd_set_chip_select
 .text.mmcsd_set_clock
                0x0800a7a0       0x34 build\kernel\components\drivers\sdio\mmcsd_core.o
                0x0800a7a0                mmcsd_set_clock
 .text.mmcsd_set_bus_mode
                0x0800a7d4       0x20 build\kernel\components\drivers\sdio\mmcsd_core.o
                0x0800a7d4                mmcsd_set_bus_mode
 .text.mmcsd_set_bus_width
                0x0800a7f4       0x20 build\kernel\components\drivers\sdio\mmcsd_core.o
                0x0800a7f4                mmcsd_set_bus_width
 .text.mmcsd_set_data_timeout
                0x0800a814      0x14c build\kernel\components\drivers\sdio\mmcsd_core.o
                0x0800a814                mmcsd_set_data_timeout
 .text.mmcsd_select_voltage
                0x0800a960       0x64 build\kernel\components\drivers\sdio\mmcsd_core.o
                0x0800a960                mmcsd_select_voltage
 .text.mmcsd_power_up
                0x0800a9c4       0x80 build\kernel\components\drivers\sdio\mmcsd_core.o
 .text.mmcsd_power_off
                0x0800aa44       0x48 build\kernel\components\drivers\sdio\mmcsd_core.o
 .text.mmcsd_detect
                0x0800aa8c      0x170 build\kernel\components\drivers\sdio\mmcsd_core.o
                0x0800aa8c                mmcsd_detect
 .text.rt_mmcsd_core_init
                0x0800abfc       0xb8 build\kernel\components\drivers\sdio\mmcsd_core.o
                0x0800abfc                rt_mmcsd_core_init
 .text.mmcsd_delay_ms
                0x0800acb4       0x34 build\kernel\components\drivers\sdio\sd.o
 .text.GET_BITS
                0x0800ace8       0x9c build\kernel\components\drivers\sdio\sd.o
 .text.mmcsd_parse_csd
                0x0800ad84      0x388 build\kernel\components\drivers\sdio\sd.o
 .text.mmcsd_parse_scr
                0x0800b10c       0x50 build\kernel\components\drivers\sdio\sd.o
 .text.mmcsd_switch
                0x0800b15c      0x1ac build\kernel\components\drivers\sdio\sd.o
 .text.mmcsd_app_cmd
                0x0800b308       0x78 build\kernel\components\drivers\sdio\sd.o
 .text.mmcsd_send_app_cmd
                0x0800b380       0xc8 build\kernel\components\drivers\sdio\sd.o
                0x0800b380                mmcsd_send_app_cmd
 .text.mmcsd_app_set_bus_width
                0x0800b448       0x64 build\kernel\components\drivers\sdio\sd.o
                0x0800b448                mmcsd_app_set_bus_width
 .text.mmcsd_send_app_op_cond
                0x0800b4ac       0xc8 build\kernel\components\drivers\sdio\sd.o
                0x0800b4ac                mmcsd_send_app_op_cond
 .text.mmcsd_send_if_cond
                0x0800b574       0x78 build\kernel\components\drivers\sdio\sd.o
                0x0800b574                mmcsd_send_if_cond
 .text.mmcsd_get_card_addr
                0x0800b5ec       0x50 build\kernel\components\drivers\sdio\sd.o
                0x0800b5ec                mmcsd_get_card_addr
 .text.mmcsd_get_scr
                0x0800b63c      0x10c build\kernel\components\drivers\sdio\sd.o
                0x0800b63c                mmcsd_get_scr
 .text.mmcsd_sd_init_card
                0x0800b748      0x210 build\kernel\components\drivers\sdio\sd.o
 .text.init_sd  0x0800b958       0xd8 build\kernel\components\drivers\sdio\sd.o
                0x0800b958                init_sd
 .text.rt_list_insert_after
                0x0800ba30       0x34 build\kernel\components\drivers\sdio\sdio.o
 .text.rt_list_isempty
                0x0800ba64       0x24 build\kernel\components\drivers\sdio\sdio.o
 .text.mmcsd_delay_ms
                0x0800ba88       0x34 build\kernel\components\drivers\sdio\sdio.o
 .text.sdio_io_send_op_cond
                0x0800babc       0xd8 build\kernel\components\drivers\sdio\sdio.o
                0x0800babc                sdio_io_send_op_cond
 .text.sdio_io_rw_direct
                0x0800bb94      0x13c build\kernel\components\drivers\sdio\sdio.o
                0x0800bb94                sdio_io_rw_direct
 .text.sdio_io_readb
                0x0800bcd0       0x40 build\kernel\components\drivers\sdio\sdio.o
                0x0800bcd0                sdio_io_readb
 .text.sdio_io_writeb
                0x0800bd10       0x34 build\kernel\components\drivers\sdio\sdio.o
                0x0800bd10                sdio_io_writeb
 .text.sdio_read_cccr
                0x0800bd44      0x160 build\kernel\components\drivers\sdio\sdio.o
 .text.cistpl_funce_func0
                0x0800bea4       0x80 build\kernel\components\drivers\sdio\sdio.o
 .text.cistpl_funce_func
                0x0800bf24       0x90 build\kernel\components\drivers\sdio\sdio.o
 .text.sdio_read_cis
                0x0800bfb4      0x2e8 build\kernel\components\drivers\sdio\sdio.o
 .text.sdio_free_cis
                0x0800c29c       0x50 build\kernel\components\drivers\sdio\sdio.o
                0x0800c29c                sdio_free_cis
 .text.sdio_read_fbr
                0x0800c2ec       0x74 build\kernel\components\drivers\sdio\sdio.o
 .text.sdio_initialize_function
                0x0800c360       0xb4 build\kernel\components\drivers\sdio\sdio.o
 .text.sdio_set_highspeed
                0x0800c414       0x8c build\kernel\components\drivers\sdio\sdio.o
 .text.sdio_set_bus_wide
                0x0800c4a0       0x98 build\kernel\components\drivers\sdio\sdio.o
 .text.sdio_register_card
                0x0800c538       0x94 build\kernel\components\drivers\sdio\sdio.o
 .text.sdio_init_card
                0x0800c5cc      0x2c8 build\kernel\components\drivers\sdio\sdio.o
 .text.init_sdio
                0x0800c894       0xb0 build\kernel\components\drivers\sdio\sdio.o
                0x0800c894                init_sdio
 .text.sdio_match_card
                0x0800c944       0x74 build\kernel\components\drivers\sdio\sdio.o
 .text.rt_sdio_init
                0x0800c9b8       0x10 build\kernel\components\drivers\sdio\sdio.o
                0x0800c9b8                rt_sdio_init
 .text.mmcsd_delay_ms
                0x0800c9c8       0x34 build\kernel\components\drivers\sdio\mmc.o
 .text.GET_BITS
                0x0800c9fc       0x9c build\kernel\components\drivers\sdio\mmc.o
 .text.mmcsd_parse_csd
                0x0800ca98      0x230 build\kernel\components\drivers\sdio\mmc.o
 .text.mmc_get_ext_csd
                0x0800ccc8       0xdc build\kernel\components\drivers\sdio\mmc.o
 .text.mmc_parse_ext_csd
                0x0800cda4       0x64 build\kernel\components\drivers\sdio\mmc.o
 .text.mmc_switch
                0x0800ce08       0x70 build\kernel\components\drivers\sdio\mmc.o
 .text.mmc_compare_ext_csds
                0x0800ce78      0x210 build\kernel\components\drivers\sdio\mmc.o
 .text.mmc_select_bus_width
                0x0800d088      0x108 build\kernel\components\drivers\sdio\mmc.o
 .text.mmc_send_op_cond
                0x0800d190       0xc0 build\kernel\components\drivers\sdio\mmc.o
                0x0800d190                mmc_send_op_cond
 .text.mmc_set_card_addr
                0x0800d250       0x4c build\kernel\components\drivers\sdio\mmc.o
 .text.mmcsd_mmc_init_card
                0x0800d29c      0x214 build\kernel\components\drivers\sdio\mmc.o
 .text.init_mmc
                0x0800d4b0       0xb4 build\kernel\components\drivers\sdio\mmc.o
                0x0800d4b0                init_mmc
 .text._serial_poll_rx
                0x0800d564       0x74 build\kernel\components\drivers\serial\serial.o
 .text._serial_poll_tx
                0x0800d5d8       0x7c build\kernel\components\drivers\serial\serial.o
 .text._serial_int_rx
                0x0800d654       0xd8 build\kernel\components\drivers\serial\serial.o
 .text._serial_int_tx
                0x0800d72c       0x90 build\kernel\components\drivers\serial\serial.o
 .text._serial_fifo_calc_recved_len
                0x0800d7bc       0x88 build\kernel\components\drivers\serial\serial.o
 .text.rt_dma_calc_recved_len
                0x0800d844       0x18 build\kernel\components\drivers\serial\serial.o
 .text.rt_dma_recv_update_get_index
                0x0800d85c       0xa4 build\kernel\components\drivers\serial\serial.o
 .text.rt_dma_recv_update_put_index
                0x0800d900      0x10c build\kernel\components\drivers\serial\serial.o
 .text._serial_dma_rx
                0x0800da0c      0x198 build\kernel\components\drivers\serial\serial.o
 .text._serial_dma_tx
                0x0800dba4       0x70 build\kernel\components\drivers\serial\serial.o
 .text.rt_serial_init
                0x0800dc14       0x5c build\kernel\components\drivers\serial\serial.o
 .text.rt_serial_open
                0x0800dc70      0x35c build\kernel\components\drivers\serial\serial.o
 .text.rt_serial_close
                0x0800dfcc      0x1a8 build\kernel\components\drivers\serial\serial.o
 .text.rt_serial_read
                0x0800e174       0x84 build\kernel\components\drivers\serial\serial.o
 .text.rt_serial_write
                0x0800e1f8       0x84 build\kernel\components\drivers\serial\serial.o
 .text.rt_serial_control
                0x0800e27c       0xd0 build\kernel\components\drivers\serial\serial.o
 .text.rt_hw_serial_register
                0x0800e34c       0x9c build\kernel\components\drivers\serial\serial.o
                0x0800e34c                rt_hw_serial_register
 .text.rt_hw_serial_isr
                0x0800e3e8      0x260 build\kernel\components\drivers\serial\serial.o
                0x0800e3e8                rt_hw_serial_isr
 .text.rt_list_init
                0x0800e648       0x24 build\kernel\components\drivers\src\completion.o
 .text.rt_list_insert_before
                0x0800e66c       0x34 build\kernel\components\drivers\src\completion.o
 .text.rt_list_isempty
                0x0800e6a0       0x24 build\kernel\components\drivers\src\completion.o
 .text.rt_completion_init
                0x0800e6c4       0x44 build\kernel\components\drivers\src\completion.o
                0x0800e6c4                rt_completion_init
 .text.rt_completion_wait
                0x0800e708       0xfc build\kernel\components\drivers\src\completion.o
                0x0800e708                rt_completion_wait
 .text.rt_completion_done
                0x0800e804       0x70 build\kernel\components\drivers\src\completion.o
                0x0800e804                rt_completion_done
 .text.rt_list_init
                0x0800e874       0x24 build\kernel\components\drivers\src\dataqueue.o
 .text.rt_list_insert_before
                0x0800e898       0x34 build\kernel\components\drivers\src\dataqueue.o
 .text.rt_list_isempty
                0x0800e8cc       0x24 build\kernel\components\drivers\src\dataqueue.o
 .text.rt_data_queue_init
                0x0800e8f0       0x84 build\kernel\components\drivers\src\dataqueue.o
                0x0800e8f0                rt_data_queue_init
 .text.rt_data_queue_push
                0x0800e974      0x190 build\kernel\components\drivers\src\dataqueue.o
                0x0800e974                rt_data_queue_push
 .text.rt_data_queue_pop
                0x0800eb04      0x1e4 build\kernel\components\drivers\src\dataqueue.o
                0x0800eb04                rt_data_queue_pop
 .text.rt_data_queue_peak
                0x0800ece8       0xa0 build\kernel\components\drivers\src\dataqueue.o
                0x0800ece8                rt_data_queue_peak
 .text.finsh_get_prompt
                0x0800ed88       0xc0 build\kernel\components\finsh\shell.o
                0x0800ed88                finsh_get_prompt
 .text.finsh_set_prompt_mode
                0x0800ee48       0x48 build\kernel\components\finsh\shell.o
                0x0800ee48                finsh_set_prompt_mode
 .text.finsh_getchar
                0x0800ee90       0x58 build\kernel\components\finsh\shell.o
 .text.finsh_rx_ind
                0x0800eee8       0x3c build\kernel\components\finsh\shell.o
 .text.finsh_set_device
                0x0800ef24       0xd8 build\kernel\components\finsh\shell.o
                0x0800ef24                finsh_set_device
 .text.shell_auto_complete
                0x0800effc       0x40 build\kernel\components\finsh\shell.o
 .text.shell_handle_history
                0x0800f03c       0x34 build\kernel\components\finsh\shell.o
 .text.shell_push_history
                0x0800f070      0x160 build\kernel\components\finsh\shell.o
 .text.finsh_thread_entry
                0x0800f1d0      0x5c0 build\kernel\components\finsh\shell.o
                0x0800f1d0                finsh_thread_entry
 .text.finsh_system_function_init
                0x0800f790       0x2c build\kernel\components\finsh\shell.o
                0x0800f790                finsh_system_function_init
 .text.finsh_system_var_init
                0x0800f7bc       0x2c build\kernel\components\finsh\shell.o
                0x0800f7bc                finsh_system_var_init
 .text.finsh_system_init
                0x0800f7e8       0xac build\kernel\components\finsh\shell.o
                0x0800f7e8                finsh_system_init
 .text.rt_list_isempty
                0x0800f894       0x24 build\kernel\components\finsh\cmd.o
 .text.rt_list_len
                0x0800f8b8       0x38 build\kernel\components\finsh\cmd.o
 .text.hello    0x0800f8f0       0x14 build\kernel\components\finsh\cmd.o
                0x0800f8f0                hello
 .text.version  0x0800f904       0x10 build\kernel\components\finsh\cmd.o
                0x0800f904                version
 .text.object_name_maxlen
                0x0800f914       0x70 build\kernel\components\finsh\cmd.o
 .text.object_split
                0x0800f984       0x28 build\kernel\components\finsh\cmd.o
 .text._list_thread
                0x0800f9ac      0x130 build\kernel\components\finsh\cmd.o
 .text.list_thread
                0x0800fadc       0x24 build\kernel\components\finsh\cmd.o
                0x0800fadc                list_thread
 .text.show_wait_queue
                0x0800fb00       0x50 build\kernel\components\finsh\cmd.o
 .text._list_sem
                0x0800fb50       0xd4 build\kernel\components\finsh\cmd.o
 .text.list_sem
                0x0800fc24       0x24 build\kernel\components\finsh\cmd.o
                0x0800fc24                list_sem
 .text._list_event
                0x0800fc48       0xc4 build\kernel\components\finsh\cmd.o
 .text.list_event
                0x0800fd0c       0x24 build\kernel\components\finsh\cmd.o
                0x0800fd0c                list_event
 .text._list_mutex
                0x0800fd30       0x94 build\kernel\components\finsh\cmd.o
 .text.list_mutex
                0x0800fdc4       0x24 build\kernel\components\finsh\cmd.o
                0x0800fdc4                list_mutex
 .text._list_mailbox
                0x0800fde8       0xe4 build\kernel\components\finsh\cmd.o
 .text.list_mailbox
                0x0800fecc       0x24 build\kernel\components\finsh\cmd.o
                0x0800fecc                list_mailbox
 .text._list_msgqueue
                0x0800fef0       0xd4 build\kernel\components\finsh\cmd.o
 .text.list_msgqueue
                0x0800ffc4       0x24 build\kernel\components\finsh\cmd.o
                0x0800ffc4                list_msgqueue
 .text._list_memheap
                0x0800ffe8       0x84 build\kernel\components\finsh\cmd.o
 .text.list_memheap
                0x0801006c       0x24 build\kernel\components\finsh\cmd.o
                0x0801006c                list_memheap
 .text._list_mempool
                0x08010090       0xd0 build\kernel\components\finsh\cmd.o
 .text.list_mempool
                0x08010160       0x24 build\kernel\components\finsh\cmd.o
                0x08010160                list_mempool
 .text._list_timer
                0x08010184       0xb0 build\kernel\components\finsh\cmd.o
 .text.list_timer
                0x08010234       0x24 build\kernel\components\finsh\cmd.o
                0x08010234                list_timer
 .text._list_device
                0x08010258       0xa8 build\kernel\components\finsh\cmd.o
 .text.list_device
                0x08010300       0x24 build\kernel\components\finsh\cmd.o
                0x08010300                list_device
 .text.list     0x08010324       0x6c build\kernel\components\finsh\cmd.o
                0x08010324                list
 .text.msh_is_used
                0x08010390       0x10 build\kernel\components\finsh\msh.o
                0x08010390                msh_is_used
 .text.msh_help
                0x080103a0       0x7c build\kernel\components\finsh\msh.o
                0x080103a0                msh_help
 .text.msh_split
                0x0801041c      0x170 build\kernel\components\finsh\msh.o
 .text.msh_get_cmd
                0x0801058c       0x80 build\kernel\components\finsh\msh.o
 .text._msh_exec_cmd
                0x0801060c       0xd4 build\kernel\components\finsh\msh.o
 .text.msh_exec
                0x080106e0       0x98 build\kernel\components\finsh\msh.o
                0x080106e0                msh_exec
 .text.str_common
                0x08010778       0x4c build\kernel\components\finsh\msh.o
 .text.msh_auto_complete_path
                0x080107c4      0x228 build\kernel\components\finsh\msh.o
                0x080107c4                msh_auto_complete_path
 .text.msh_auto_complete
                0x080109ec      0x104 build\kernel\components\finsh\msh.o
                0x080109ec                msh_auto_complete
 .text.cmd_ls   0x08010af0       0x34 build\kernel\components\finsh\msh_cmd.o
                0x08010af0                cmd_ls
 .text.cmd_cp   0x08010b24       0x44 build\kernel\components\finsh\msh_cmd.o
                0x08010b24                cmd_cp
 .text.cmd_mv   0x08010b68      0x138 build\kernel\components\finsh\msh_cmd.o
                0x08010b68                cmd_mv
 .text.cmd_cat  0x08010ca0       0x58 build\kernel\components\finsh\msh_cmd.o
                0x08010ca0                cmd_cat
 .text.cmd_rm   0x08010cf8       0x58 build\kernel\components\finsh\msh_cmd.o
                0x08010cf8                cmd_rm
 .text.cmd_cd   0x08010d50       0x58 build\kernel\components\finsh\msh_cmd.o
                0x08010d50                cmd_cd
 .text.cmd_pwd  0x08010da8       0x24 build\kernel\components\finsh\msh_cmd.o
                0x08010da8                cmd_pwd
 .text.cmd_mkdir
                0x08010dcc       0x40 build\kernel\components\finsh\msh_cmd.o
                0x08010dcc                cmd_mkdir
 .text.cmd_mkfs
                0x08010e0c       0x90 build\kernel\components\finsh\msh_cmd.o
                0x08010e0c                cmd_mkfs
 .text.cmd_df   0x08010e9c       0x70 build\kernel\components\finsh\msh_cmd.o
                0x08010e9c                cmd_df
 .text.cmd_echo
                0x08010f0c       0x94 build\kernel\components\finsh\msh_cmd.o
                0x08010f0c                cmd_echo
 .text.cmd_ps   0x08010fa0       0x18 build\kernel\components\finsh\msh_cmd.o
                0x08010fa0                cmd_ps
 .text.cmd_time
                0x08010fb8       0x18 build\kernel\components\finsh\msh_cmd.o
                0x08010fb8                cmd_time
 .text.cmd_free
                0x08010fd0       0x18 build\kernel\components\finsh\msh_cmd.o
                0x08010fd0                cmd_free
 .text.msh_readline
                0x08010fe8       0xa4 build\kernel\components\finsh\msh_file.o
 .text.msh_exec_script
                0x0801108c      0x168 build\kernel\components\finsh\msh_file.o
                0x0801108c                msh_exec_script
 .text.strcpy   0x080111f4       0x28 build\kernel\components\libc\compilers\minilibc\string.o
                0x080111f4                strcpy
 .text.strncpy  0x0801121c       0x20 build\kernel\components\libc\compilers\minilibc\string.o
                0x0801121c                strncpy
 .text.strcmp   0x0801123c       0x44 build\kernel\components\libc\compilers\minilibc\string.o
                0x0801123c                strcmp
 .text.strncmp  0x08011280       0x4c build\kernel\components\libc\compilers\minilibc\string.o
                0x08011280                strncmp
 .text.strrchr  0x080112cc       0x38 build\kernel\components\libc\compilers\minilibc\string.o
                0x080112cc                strrchr
 *(.rodata)
 .rodata        0x08011304        0x6 build\drivers\board.o
 *fill*         0x0801130a        0x2 00000000
 .rodata        0x0801130c        0x4 build\drivers\drv_gpio.o
 .rodata        0x08011310       0x34 build\drivers\drv_usart.o
 .rodata        0x08011344       0x17 build\kernel\src\components.o
 *fill*         0x0801135b        0x1 00000000
 .rodata        0x0801135c      0x10c build\kernel\src\device.o
 .rodata        0x08011468       0x32 build\kernel\src\idle.o
 *fill*         0x0801149a        0x2 00000000
 .rodata        0x0801149c      0x462 build\kernel\src\ipc.o
 *fill*         0x080118fe        0x2 00000000
 .rodata        0x08011900       0xc7 build\kernel\src\kservice.o
 *fill*         0x080119c7        0x1 00000000
 .rodata        0x080119c8      0x302 build\kernel\src\mem.o
 *fill*         0x08011cca        0x2 00000000
 .rodata        0x08011ccc       0x81 build\kernel\src\object.o
 *fill*         0x08011d4d        0x3 00000000
 .rodata        0x08011d50       0x65 build\kernel\src\scheduler.o
 *fill*         0x08011db5        0x3 00000000
 .rodata        0x08011db8      0x18b build\kernel\src\thread.o
 *fill*         0x08011f43        0x1 00000000
 .rodata        0x08011f44       0xd7 build\kernel\src\timer.o
 *fill*         0x0801201b        0x1 00000000
 .rodata        0x0801201c      0x2ce build\kernel\libcpu\arm\cortex-m4\cpuport.o
 *fill*         0x080122ea        0x2 00000000
 .rodata        0x080122ec       0xe6 build\kernel\components\dfs\src\dfs.o
 *fill*         0x080123d2        0x2 00000000
 .rodata        0x080123d4      0x15c build\kernel\components\dfs\src\dfs_file.o
 .rodata        0x08012530       0xd4 build\kernel\components\dfs\src\dfs_fs.o
 .rodata        0x08012604        0x4 build\kernel\components\dfs\src\dfs_posix.o
 .rodata        0x08012608       0x5a build\kernel\components\dfs\filesystems\devfs\devfs.o
 *fill*         0x08012662        0x2 00000000
 .rodata        0x08012664       0x27 build\kernel\components\drivers\misc\pin.o
 *fill*         0x0801268b        0x1 00000000
 .rodata        0x0801268c      0x128 build\kernel\components\drivers\sdio\block_dev.o
 .rodata        0x080127b4       0xcd build\kernel\components\drivers\sdio\mmcsd_core.o
 *fill*         0x08012881        0x3 00000000
 .rodata        0x08012884      0x109 build\kernel\components\drivers\sdio\sd.o
 *fill*         0x0801298d        0x3 00000000
 .rodata        0x08012990      0x305 build\kernel\components\drivers\sdio\sdio.o
 *fill*         0x08012c95        0x3 00000000
 .rodata        0x08012c98      0x11a build\kernel\components\drivers\sdio\mmc.o
 *fill*         0x08012db2        0x2 00000000
 .rodata        0x08012db4      0x126 build\kernel\components\drivers\serial\serial.o
 *fill*         0x08012eda        0x2 00000000
 .rodata        0x08012edc       0x72 build\kernel\components\drivers\src\completion.o
 *fill*         0x08012f4e        0x2 00000000
 .rodata        0x08012f50       0x64 build\kernel\components\drivers\src\dataqueue.o
 .rodata        0x08012fb4       0x99 build\kernel\components\finsh\shell.o
 *fill*         0x0801304d        0x3 00000000
 .rodata        0x08013050      0x6d5 build\kernel\components\finsh\cmd.o
 *fill*         0x08013725        0x3 00000000
 .rodata        0x08013728       0x84 build\kernel\components\finsh\msh.o
 .rodata        0x080137ac      0x215 build\kernel\components\finsh\msh_cmd.o
 *fill*         0x080139c1        0x3 00000000
 .rodata        0x080139c4       0x12 build\kernel\components\finsh\msh_file.o
 *(.rodata*)
 *fill*         0x080139d6        0x2 00000000
 .rodata.pins   0x080139d8       0xca build\drivers\drv_gpio.o
 *fill*         0x08013aa2        0x2 00000000
 .rodata.pin_irq_map
                0x08013aa4       0x40 build\drivers\drv_gpio.o
 .rodata._stm32_pin_ops
                0x08013ae4       0x18 build\drivers\drv_gpio.o
 .rodata.drv_uart_ops
                0x08013afc       0x14 build\drivers\drv_usart.o
 .rodata.__FUNCTION__.8354
                0x08013b10        0xe build\drivers\drv_usart.o
 *fill*         0x08013b1e        0x2 00000000
 .rodata.__FUNCTION__.8374
                0x08013b20        0xc build\drivers\drv_usart.o
 .rodata.__FUNCTION__.8383
                0x08013b2c        0x9 build\drivers\drv_usart.o
 *fill*         0x08013b35        0x3 00000000
 .rodata.__FUNCTION__.8392
                0x08013b38        0x9 build\drivers\drv_usart.o
 *fill*         0x08013b41        0x3 00000000
 .rodata.AHBPrescTable
                0x08013b44       0x10 build\Libraries\CMSIS\Device\ST\STM32F4xx\Source\Templates\system_stm32f4xx.o
                0x08013b44                AHBPrescTable
 .rodata.APBPrescTable
                0x08013b54        0x8 build\Libraries\CMSIS\Device\ST\STM32F4xx\Source\Templates\system_stm32f4xx.o
                0x08013b54                APBPrescTable
 .rodata.__FUNCTION__.5179
                0x08013b5c       0x14 build\kernel\src\components.o
 .rodata.__FUNCTION__.5059
                0x08013b70       0x15 build\kernel\src\device.o
 *fill*         0x08013b85        0x3 00000000
 .rodata.__FUNCTION__.5069
                0x08013b88        0xf build\kernel\src\device.o
 *fill*         0x08013b97        0x1 00000000
 .rodata.__FUNCTION__.5093
                0x08013b98        0xf build\kernel\src\device.o
 *fill*         0x08013ba7        0x1 00000000
 .rodata.__FUNCTION__.5098
                0x08013ba8       0x10 build\kernel\src\device.o
 .rodata.__FUNCTION__.5105
                0x08013bb8        0xf build\kernel\src\device.o
 *fill*         0x08013bc7        0x1 00000000
 .rodata.__FUNCTION__.5112
                0x08013bc8       0x10 build\kernel\src\device.o
 .rodata.__FUNCTION__.5118
                0x08013bd8       0x12 build\kernel\src\device.o
 *fill*         0x08013bea        0x2 00000000
 .rodata.__FUNCTION__.5125
                0x08013bec       0x1a build\kernel\src\device.o
 *fill*         0x08013c06        0x2 00000000
 .rodata.__FUNCTION__.5159
                0x08013c08       0x16 build\kernel\src\idle.o
 *fill*         0x08013c1e        0x2 00000000
 .rodata.__FUNCTION__.5165
                0x08013c20        0xc build\kernel\src\ipc.o
 .rodata.__FUNCTION__.5177
                0x08013c2c        0xe build\kernel\src\ipc.o
 *fill*         0x08013c3a        0x2 00000000
 .rodata.__FUNCTION__.5189
                0x08013c3c        0xc build\kernel\src\ipc.o
 .rodata.__FUNCTION__.5200
                0x08013c48        0xf build\kernel\src\ipc.o
 *fill*         0x08013c57        0x1 00000000
 .rodata.__FUNCTION__.5214
                0x08013c58        0xe build\kernel\src\ipc.o
 *fill*         0x08013c66        0x2 00000000
 .rodata.__FUNCTION__.5238
                0x08013c68        0xe build\kernel\src\ipc.o
 *fill*         0x08013c76        0x2 00000000
 .rodata.__FUNCTION__.5247
                0x08013c78       0x11 build\kernel\src\ipc.o
 *fill*         0x08013c89        0x3 00000000
 .rodata.__FUNCTION__.5318
                0x08013c8c        0xb build\kernel\src\ipc.o
 *fill*         0x08013c97        0x1 00000000
 .rodata.__FUNCTION__.5344
                0x08013c98       0x10 build\kernel\src\ipc.o
 .rodata.__FUNCTION__.5362
                0x08013ca8        0xb build\kernel\src\ipc.o
 *fill*         0x08013cb3        0x1 00000000
 .rodata.__lowest_bit_bitmap
                0x08013cb4      0x100 build\kernel\src\kservice.o
                0x08013cb4                __lowest_bit_bitmap
 .rodata.large_digits.5298
                0x08013db4       0x11 build\kernel\src\kservice.o
 *fill*         0x08013dc5        0x3 00000000
 .rodata.small_digits.5297
                0x08013dc8       0x11 build\kernel\src\kservice.o
 *fill*         0x08013dd9        0x3 00000000
 .rodata.name   0x08013ddc       0x2a build\kernel\src\mem.o
                0x08013ddc                __fsym_list_mem_name
                0x08013de8                __fsym_list_mem_desc
 *fill*         0x08013e06        0x2 00000000
 .rodata.__FUNCTION__.5156
                0x08013e08        0xb build\kernel\src\mem.o
 *fill*         0x08013e13        0x1 00000000
 .rodata.__FUNCTION__.5165
                0x08013e14       0x14 build\kernel\src\mem.o
 .rodata.__FUNCTION__.5174
                0x08013e28        0xa build\kernel\src\mem.o
 *fill*         0x08013e32        0x2 00000000
 .rodata.__FUNCTION__.5192
                0x08013e34        0xb build\kernel\src\mem.o
 *fill*         0x08013e3f        0x1 00000000
 .rodata.__FUNCTION__.5199
                0x08013e40        0xa build\kernel\src\mem.o
 *fill*         0x08013e4a        0x2 00000000
 .rodata.__FUNCTION__.5205
                0x08013e4c        0x8 build\kernel\src\mem.o
 .rodata.__FUNCTION__.5185
                0x08013e54        0xf build\kernel\src\object.o
 *fill*         0x08013e63        0x1 00000000
 .rodata.__FUNCTION__.5190
                0x08013e64       0x11 build\kernel\src\object.o
 *fill*         0x08013e75        0x3 00000000
 .rodata.__FUNCTION__.5199
                0x08013e78       0x13 build\kernel\src\object.o
 *fill*         0x08013e8b        0x1 00000000
 .rodata.__FUNCTION__.5204
                0x08013e8c       0x11 build\kernel\src\object.o
 *fill*         0x08013e9d        0x3 00000000
 .rodata.__FUNCTION__.5208
                0x08013ea0       0x1a build\kernel\src\object.o
 *fill*         0x08013eba        0x2 00000000
 .rodata.__FUNCTION__.5212
                0x08013ebc       0x13 build\kernel\src\object.o
 *fill*         0x08013ecf        0x1 00000000
 .rodata.__FUNCTION__.5143
                0x08013ed0       0x1a build\kernel\src\scheduler.o
 *fill*         0x08013eea        0x2 00000000
 .rodata.__FUNCTION__.5177
                0x08013eec       0x1a build\kernel\src\scheduler.o
 *fill*         0x08013f06        0x2 00000000
 .rodata.__FUNCTION__.5182
                0x08013f08       0x1a build\kernel\src\scheduler.o
 *fill*         0x08013f22        0x2 00000000
 .rodata.__FUNCTION__.5162
                0x08013f24       0x10 build\kernel\src\thread.o
 .rodata.__FUNCTION__.5174
                0x08013f34        0xf build\kernel\src\thread.o
 *fill*         0x08013f43        0x1 00000000
 .rodata.__FUNCTION__.5181
                0x08013f44       0x12 build\kernel\src\thread.o
 *fill*         0x08013f56        0x2 00000000
 .rodata.__FUNCTION__.5202
                0x08013f58       0x11 build\kernel\src\thread.o
 *fill*         0x08013f69        0x3 00000000
 .rodata.__FUNCTION__.5213
                0x08013f6c       0x10 build\kernel\src\thread.o
 .rodata.__FUNCTION__.5227
                0x08013f7c       0x12 build\kernel\src\thread.o
 *fill*         0x08013f8e        0x2 00000000
 .rodata.__FUNCTION__.5237
                0x08013f90       0x12 build\kernel\src\thread.o
 *fill*         0x08013fa2        0x2 00000000
 .rodata.__FUNCTION__.5242
                0x08013fa4       0x11 build\kernel\src\thread.o
 *fill*         0x08013fb5        0x3 00000000
 .rodata.__FUNCTION__.5247
                0x08013fb8       0x12 build\kernel\src\thread.o
 *fill*         0x08013fca        0x2 00000000
 .rodata.__FUNCTION__.5168
                0x08013fcc        0xe build\kernel\src\timer.o
 *fill*         0x08013fda        0x2 00000000
 .rodata.__FUNCTION__.5173
                0x08013fdc       0x10 build\kernel\src\timer.o
 .rodata.__FUNCTION__.5197
                0x08013fec        0xf build\kernel\src\timer.o
 *fill*         0x08013ffb        0x1 00000000
 .rodata.__FUNCTION__.5214
                0x08013ffc        0xe build\kernel\src\timer.o
 *fill*         0x0801400a        0x2 00000000
 .rodata.__FUNCTION__.5220
                0x0801400c       0x11 build\kernel\src\timer.o
 *fill*         0x0801401d        0x3 00000000
 .rodata.name   0x08014020       0x25 build\kernel\components\dfs\src\dfs.o
                0x08014020                __fsym___cmd_list_fd_name
                0x08014030                __fsym___cmd_list_fd_desc
 *fill*         0x08014045        0x3 00000000
 .rodata.__FUNCTION__.6028
                0x08014048        0x9 build\kernel\components\dfs\src\dfs.o
 *fill*         0x08014051        0x3 00000000
 .rodata.__FUNCTION__.6062
                0x08014054        0x7 build\kernel\components\dfs\src\dfs.o
 *fill*         0x0801405b        0x1 00000000
 .rodata.__FUNCTION__.6094
                0x0801405c       0x13 build\kernel\components\dfs\src\dfs.o
 *fill*         0x0801406f        0x1 00000000
 .rodata.name   0x08014070       0x65 build\kernel\components\dfs\src\dfs_file.o
                0x08014070                __fsym_ls_name
                0x08014074                __fsym_ls_desc
                0x0801408c                __fsym_rm_name
                0x08014090                __fsym_rm_desc
                0x080140ac                __fsym_cat_name
                0x080140b0                __fsym_cat_desc
                0x080140bc                __fsym_copy_name
                0x080140c4                __fsym_copy_desc
 *fill*         0x080140d5        0x3 00000000
 .rodata.name   0x080140d8       0x2e build\kernel\components\dfs\src\dfs_fs.o
                0x080140d8                __fsym_mkfs_name
                0x080140e0                __fsym_mkfs_desc
                0x080140f4                __fsym_df_name
                0x080140f8                __fsym_df_desc
 *fill*         0x08014106        0x2 00000000
 .rodata.__FUNCTION__.6021
                0x08014108       0x16 build\kernel\components\dfs\src\dfs_fs.o
 *fill*         0x0801411e        0x2 00000000
 .rodata.__FUNCTION__.6042
                0x08014120       0x1d build\kernel\components\dfs\src\dfs_fs.o
 *fill*         0x0801413d        0x3 00000000
 .rodata.name   0x08014140       0x41 build\kernel\components\dfs\src\dfs_posix.o
                0x08014140                __fsym_mkdir_name
                0x08014148                __fsym_mkdir_desc
                0x0801415c                __fsym_cd_name
                0x08014160                __fsym_cd_desc
 *fill*         0x08014181        0x3 00000000
 .rodata._device_fops
                0x08014184       0x24 build\kernel\components\dfs\filesystems\devfs\devfs.o
 .rodata._device_fs
                0x080141a8       0x28 build\kernel\components\dfs\filesystems\devfs\devfs.o
 .rodata.__FUNCTION__.6019
                0x080141d0       0x14 build\kernel\components\dfs\filesystems\devfs\devfs.o
 .rodata.__FUNCTION__.6027
                0x080141e4       0x13 build\kernel\components\dfs\filesystems\devfs\devfs.o
 *fill*         0x080141f7        0x1 00000000
 .rodata.__FUNCTION__.6035
                0x080141f8       0x14 build\kernel\components\dfs\filesystems\devfs\devfs.o
 .rodata.__FUNCTION__.6041
                0x0801420c       0x14 build\kernel\components\dfs\filesystems\devfs\devfs.o
 .rodata.__FUNCTION__.6053
                0x08014220       0x13 build\kernel\components\dfs\filesystems\devfs\devfs.o
 *fill*         0x08014233        0x1 00000000
 .rodata.__FUNCTION__.6075
                0x08014234       0x17 build\kernel\components\dfs\filesystems\devfs\devfs.o
 *fill*         0x0801424b        0x1 00000000
 .rodata.name   0x0801424c       0x6e build\kernel\components\drivers\misc\pin.o
                0x0801424c                __fsym_pinMode_name
                0x08014254                __fsym_pinMode_desc
                0x0801426c                __fsym_pinWrite_name
                0x08014278                __fsym_pinWrite_desc
                0x08014294                __fsym_pinRead_name
                0x0801429c                __fsym_pinRead_desc
 *fill*         0x080142ba        0x2 00000000
 .rodata.__FUNCTION__.5942
                0x080142bc        0xa build\kernel\components\drivers\misc\pin.o
 *fill*         0x080142c6        0x2 00000000
 .rodata.__FUNCTION__.5951
                0x080142c8        0xb build\kernel\components\drivers\misc\pin.o
 *fill*         0x080142d3        0x1 00000000
 .rodata.__FUNCTION__.5959
                0x080142d4        0xd build\kernel\components\drivers\misc\pin.o
 *fill*         0x080142e1        0x3 00000000
 .rodata.__FUNCTION__.5986
                0x080142e4        0xc build\kernel\components\drivers\misc\pin.o
 .rodata.__FUNCTION__.5994
                0x080142f0        0xd build\kernel\components\drivers\misc\pin.o
 *fill*         0x080142fd        0x3 00000000
 .rodata.__FUNCTION__.6001
                0x08014300        0xc build\kernel\components\drivers\misc\pin.o
 .rodata.__FUNCTION__.5572
                0x0801430c       0x13 build\kernel\components\drivers\sdio\mmcsd_core.o
 *fill*         0x0801431f        0x1 00000000
 .rodata.tran_unit
                0x08014320       0x20 build\kernel\components\drivers\sdio\sd.o
 .rodata.tran_value
                0x08014340       0x10 build\kernel\components\drivers\sdio\sd.o
 .rodata.tacc_uint
                0x08014350       0x20 build\kernel\components\drivers\sdio\sd.o
 .rodata.tacc_value
                0x08014370       0x10 build\kernel\components\drivers\sdio\sd.o
 .rodata.speed_value
                0x08014380       0x10 build\kernel\components\drivers\sdio\sdio.o
 .rodata.speed_unit
                0x08014390       0x20 build\kernel\components\drivers\sdio\sdio.o
 .rodata.__FUNCTION__.5429
                0x080143b0       0x15 build\kernel\components\drivers\sdio\sdio.o
 *fill*         0x080143c5        0x3 00000000
 .rodata.__FUNCTION__.5443